2026-10-04 17:43:03  DatabaseManager             INFO      MySQL connected
2026-10-04 17:43:03  DatabaseManager             INFO      MySQL disconnected
K|wsf_trade_config v4|key wtc_v4_v7_rule1_gateopen_mae0.70
K|arm ws5Mage fence 25.0/75.0 wob 6 bars = 30 s|same dr 1
K|ladder ws4..ws23|min_tf ws7|fall 3|race 1|frmin ws4|lb 48 bars = 4 min
K|rev lookback 48 bars = 240 s|rule#1 back 60 bars = 5.0 min
K|tape END_MS 2026-10-04 00:00|day 2026-09-29|bars 1546560..1563839
D|dr recipe ws1Mage + ws13m at 15.0/85.0 wob 0|rebuilt vs rig.DR: 0 of 1630780 bars differ
W|MECH bars 4035|rule#1 cut 2157|EMITTED 1878|momentum_true calls 62237|flat_run_at calls 275340
R|run|WALK FIRES FROM|last emitted bar|bars|dr|arm bar
R|1|00:34:00|00:35:25|18|+1|00:04:45
R|2|00:37:15|00:41:00|46|+1|00:04:45
R|3|01:22:30|01:22:55|6|-1|01:20:05
R|4|01:31:10|01:37:55|82|-1|01:20:05
R|5|02:03:00|02:16:20|161|-1|01:20:05
R|6|02:32:00|02:35:30|43|-1|01:20:05
R|7|04:19:30|04:22:55|42|+1|04:17:35
R|8|05:03:30|05:03:55|6|+1|04:17:35
R|9|05:16:00|05:28:10|147|+1|04:17:35
R|10|05:28:25|05:29:40|16|+1|04:17:35
R|11|06:59:45|07:03:30|46|+1|06:09:40
R|12|07:14:30|07:22:40|99|+1|06:09:40
R|13|07:56:00|07:58:40|33|+1|06:09:40
R|14|08:00:45|08:00:50|2|+1|06:09:40
R|15|08:23:30|08:27:55|54|+1|06:09:40
R|16|08:28:40|08:32:25|46|+1|06:09:40
R|17|09:00:00|09:00:40|9|+1|06:09:40
R|18|09:00:50|09:07:30|81|+1|06:09:40
R|19|09:26:00|09:26:40|9|+1|06:09:40
R|20|09:39:15|09:44:10|60|+1|06:09:40
R|21|09:48:00|09:55:10|87|+1|06:09:40
R|22|10:54:40|10:55:40|13|+1|06:09:40
R|23|11:00:10|11:00:55|10|+1|06:09:40
R|24|11:24:00|11:26:30|31|+1|06:09:40
R|25|11:36:00|11:40:15|52|+1|06:09:40
R|26|11:56:05|12:01:50|70|+1|06:09:40
R|27|12:41:00|12:41:55|12|+1|06:09:40
R|28|13:12:15|13:16:00|46|+1|06:09:40
R|29|15:06:40|15:09:35|36|-1|14:37:20
R|30|15:10:15|15:10:25|3|-1|14:37:20
R|31|15:29:15|15:33:00|46|-1|14:37:20
R|32|16:02:00|16:03:05|14|-1|14:37:20
R|33|16:58:30|17:00:55|30|-1|14:37:20
R|34|17:20:00|17:21:50|23|-1|14:37:20
R|35|17:23:30|17:27:15|46|-1|14:37:20
R|36|17:54:00|17:57:45|46|-1|14:37:20
R|37|18:17:00|18:20:20|41|+1|18:01:20
R|38|18:22:15|18:26:00|46|+1|18:01:20
R|39|18:26:10|18:29:55|46|+1|18:01:20
R|40|18:44:55|18:48:40|46|+1|18:01:20
R|41|19:08:15|19:12:00|46|+1|18:01:20
R|42|20:28:10|20:31:40|43|+1|20:23:25
R|43|23:40:10|23:41:25|16|-1|23:31:35
R|44|23:44:30|23:44:30|1|-1|23:31:35
R|45|23:44:45|23:45:55|15|-1|23:31:35
R|46|23:46:05|23:46:15|3|-1|23:31:35
R|47|23:46:40|23:46:55|4|-1|23:31:35
V|no validated bar set for 2026-09-29 - nothing asserted
