2026-10-05 06:12:14  DatabaseManager             INFO      MySQL connected
2026-10-05 06:12:14  DatabaseManager             INFO      MySQL disconnected
K|wsf_trade_config v4|key wtc_v4_v7_rule1_gateopen_mae0.70
K|arm ws5Mage fence 25.0/75.0 wob 6 bars = 30 s|same dr 1
K|ladder ws4..ws23|min_tf ws7|fall 3|race 1|frmin ws4|lb 48 bars = 4 min
K|rev lookback 48 bars = 240 s|rule#1 back 60 bars = 5.0 min
K|tape END_MS 2026-10-05 00:00|day 2026-08-20|bars 838080..855359
D|dr recipe ws1Mage + ws13m at 15.0/85.0 wob 0|rebuilt vs rig.DR: 0 of 1632960 bars differ
W|MECH bars 3310|rule#1 cut 2250|EMITTED 1060|momentum_true calls 58165|flat_run_at calls 263840
R|run|WALK FIRES FROM|last emitted bar|bars|dr|arm bar
R|1|01:53:30|01:55:25|24|-1|00:00:25
R|2|02:52:00|02:52:10|3|-1|02:44:45
R|3|04:37:05|04:39:35|31|-1|02:44:45
R|4|06:26:15|06:31:25|63|+1|06:17:55
R|5|06:45:20|06:49:55|56|+1|06:17:55
R|6|07:56:05|07:59:50|46|+1|06:17:55
R|7|08:15:50|08:16:10|5|+1|06:17:55
R|8|08:17:25|08:21:45|53|+1|06:17:55
R|9|08:58:00|09:00:05|26|+1|06:17:55
R|10|09:30:40|09:30:40|1|+1|06:17:55
R|11|09:36:30|09:37:10|9|+1|06:17:55
R|12|10:56:50|10:58:30|21|+1|06:17:55
R|13|11:01:50|11:04:00|27|+1|06:17:55
R|14|11:04:30|11:04:55|6|+1|06:17:55
R|15|12:12:00|12:14:00|25|-1|12:07:00
R|16|12:50:15|12:54:00|46|-1|12:07:00
R|17|14:06:10|14:08:55|34|-1|13:37:15
R|18|15:00:10|15:02:00|23|+1|14:54:05
R|19|15:52:50|15:53:05|4|+1|14:54:05
R|20|15:54:35|15:56:10|20|+1|14:54:05
R|21|15:56:45|15:58:20|20|+1|14:54:05
R|22|16:00:00|16:00:45|10|+1|14:54:05
R|23|16:38:30|16:40:05|20|+1|14:54:05
R|24|16:42:15|16:47:55|69|+1|14:54:05
R|25|16:53:50|16:59:50|73|+1|14:54:05
R|26|17:26:25|17:30:10|46|+1|14:54:05
R|27|17:55:05|17:58:50|46|+1|14:54:05
R|28|22:18:00|22:24:15|76|-1|21:52:10
R|29|23:06:10|23:06:50|9|-1|21:52:10
R|30|23:17:35|23:22:05|55|-1|21:52:10
R|31|23:49:30|23:51:15|22|+1|23:46:30
R|32|23:52:25|23:59:55|91|+1|23:46:30
V|no validated bar set for 2026-08-20 - nothing asserted
