2026-10-04 17:39:59  DatabaseManager             INFO      MySQL connected
2026-10-04 17:39:59  DatabaseManager             INFO      MySQL disconnected
K|wsf_trade_config v4|key wtc_v4_v7_rule1_gateopen_mae0.70
K|arm ws5Mage fence 25.0/75.0 wob 6 bars = 30 s|same dr 1
K|ladder ws4..ws23|min_tf ws7|fall 3|race 1|frmin ws4|lb 48 bars = 4 min
K|rev lookback 48 bars = 240 s|rule#1 back 60 bars = 5.0 min
K|tape END_MS 2026-10-04 00:00|day 2026-09-27|bars 1512000..1529279
D|dr recipe ws1Mage + ws13m at 15.0/85.0 wob 0|rebuilt vs rig.DR: 0 of 1630780 bars differ
W|MECH bars 2820|rule#1 cut 1615|EMITTED 1205|momentum_true calls 37004|flat_run_at calls 245680
R|run|WALK FIRES FROM|last emitted bar|bars|dr|arm bar
R|1|00:51:05|00:55:50|58|-1|00:37:45
R|2|00:57:10|00:58:00|11|-1|00:37:45
R|3|01:06:35|01:11:00|54|-1|00:37:45
R|4|01:28:00|01:29:15|16|-1|00:37:45
R|5|01:58:40|02:03:00|53|+1|01:56:20
R|6|04:04:30|04:10:00|67|-1|04:02:20
R|7|04:30:00|04:30:00|1|-1|04:02:20
R|8|04:32:15|04:38:45|79|-1|04:02:20
R|9|04:47:45|04:51:30|46|-1|04:02:20
R|10|05:44:00|05:44:25|6|+1|05:38:45
R|11|05:50:20|05:54:00|45|+1|05:38:45
R|12|06:16:40|06:20:25|46|+1|05:38:45
R|13|07:16:15|07:20:50|56|+1|05:38:45
R|14|07:31:00|07:31:40|9|+1|05:38:45
R|15|07:34:00|07:39:35|68|+1|05:38:45
R|16|07:39:50|07:40:35|10|+1|05:38:45
R|17|07:58:20|08:02:55|56|+1|05:38:45
R|18|10:50:15|10:50:55|9|+1|09:58:05
R|19|12:10:30|12:12:10|21|+1|12:05:55
R|20|13:05:40|13:08:55|40|-1|12:59:30
R|21|13:15:05|13:19:45|57|-1|12:59:30
R|22|13:44:00|13:44:10|3|-1|12:59:30
R|23|13:44:20|13:49:40|65|-1|12:59:30
R|24|14:28:55|14:30:55|25|-1|12:59:30
R|25|14:41:00|14:43:55|36|-1|12:59:30
R|26|17:06:15|17:10:55|57|+1|17:03:20
R|27|17:52:25|17:55:10|34|+1|17:03:20
R|28|18:18:35|18:22:20|46|+1|17:03:20
R|29|18:23:40|18:23:55|4|+1|17:03:20
R|30|18:54:00|18:56:55|36|+1|17:03:20
R|31|21:38:30|21:38:35|2|-1|21:36:55
R|32|21:38:45|21:42:10|42|-1|21:36:55
R|33|22:06:00|22:09:35|44|-1|22:02:25
R|34|22:10:45|22:10:55|3|-1|22:02:25
V|no validated bar set for 2026-09-27 - nothing asserted
