2026-10-05 06:10:49  DatabaseManager             INFO      MySQL connected
2026-10-05 06:10:49  DatabaseManager             INFO      MySQL disconnected
K|wsf_trade_config v4|key wtc_v4_v7_rule1_gateopen_mae0.70
K|arm ws5Mage fence 25.0/75.0 wob 6 bars = 30 s|same dr 1
K|ladder ws4..ws23|min_tf ws7|fall 3|race 1|frmin ws4|lb 48 bars = 4 min
K|rev lookback 48 bars = 240 s|rule#1 back 60 bars = 5.0 min
K|tape END_MS 2026-10-05 00:00|day 2026-08-06|bars 596160..613439
D|dr recipe ws1Mage + ws13m at 15.0/85.0 wob 0|rebuilt vs rig.DR: 0 of 1632960 bars differ
W|MECH bars 3083|rule#1 cut 1864|EMITTED 1219|momentum_true calls 58798|flat_run_at calls 269200
R|run|WALK FIRES FROM|last emitted bar|bars|dr|arm bar
R|1|00:10:15|00:12:10|24|+1|00:03:55
R|2|00:12:55|00:14:00|14|+1|00:03:55
R|3|00:34:05|00:37:50|46|+1|00:03:55
R|4|02:25:55|02:29:40|46|-1|02:22:25
R|5|04:00:50|04:06:55|74|-1|02:22:25
R|6|04:13:10|04:18:15|62|-1|02:22:25
R|7|05:57:35|06:01:20|46|-1|05:37:25
R|8|08:48:45|08:52:30|46|-1|08:45:05
R|9|10:06:00|10:06:50|11|-1|08:45:05
R|10|10:46:45|10:50:15|43|-1|08:45:05
R|11|10:56:00|10:58:45|34|-1|08:45:05
R|12|11:00:05|11:01:30|18|-1|08:45:05
R|13|11:03:15|11:03:50|8|-1|08:45:05
R|14|11:05:10|11:09:55|58|-1|08:45:05
R|15|13:42:55|13:48:30|68|+1|13:33:10
R|16|15:01:30|15:07:30|73|+1|13:33:10
R|17|15:07:45|15:07:55|3|+1|13:33:10
R|18|15:33:25|15:36:45|41|+1|13:33:10
R|19|16:18:55|16:24:50|72|-1|16:14:50
R|20|17:03:15|17:04:45|19|+1|17:00:45
R|21|17:06:15|17:06:15|1|+1|17:00:45
R|22|18:52:20|18:56:35|52|-1|18:39:10
R|23|19:20:50|19:24:30|45|-1|18:39:10
R|24|19:25:30|19:26:55|18|-1|18:39:10
R|25|20:32:10|20:34:55|34|-1|18:39:10
R|26|20:54:10|20:57:05|36|-1|18:39:10
R|27|21:00:30|21:04:15|46|-1|18:39:10
R|28|22:20:35|22:24:00|42|-1|22:19:25
R|29|22:24:45|22:28:30|46|-1|22:19:25
R|30|22:48:50|22:52:35|46|-1|22:19:25
R|31|23:24:00|23:27:00|37|-1|22:19:25
R|32|23:27:20|23:28:05|10|-1|22:19:25
V|no validated bar set for 2026-08-06 - nothing asserted
