2026-10-05 05:39:08  DatabaseManager             INFO      MySQL connected
2026-10-05 05:39:08  DatabaseManager             INFO      MySQL disconnected
K|wsf_trade_config v4|key wtc_v4_v7_rule1_gateopen_mae0.70
K|arm ws5Mage fence 25.0/75.0 wob 6 bars = 30 s|same dr 1
K|ladder ws4..ws23|min_tf ws7|fall 3|race 1|frmin ws4|lb 48 bars = 4 min
K|rev lookback 48 bars = 240 s|rule#1 back 60 bars = 5.0 min
K|tape END_MS 2026-10-05 00:00|day 2026-10-04|bars 1615680..1632959
D|dr recipe ws1Mage + ws13m at 15.0/85.0 wob 0|rebuilt vs rig.DR: 0 of 1632960 bars differ
W|MECH bars 3719|rule#1 cut 2538|EMITTED 1181|momentum_true calls 57842|flat_run_at calls 263560
R|run|WALK FIRES FROM|last emitted bar|bars|dr|arm bar
R|1|00:51:00|00:53:35|32|-1|00:48:05
R|2|00:59:15|01:00:05|11|-1|00:48:05
R|3|01:49:10|01:52:55|46|-1|00:48:05
R|4|01:59:00|02:04:00|61|-1|00:48:05
R|5|02:18:10|02:21:25|40|-1|00:48:05
R|6|04:20:40|04:24:10|43|+1|04:14:00
R|7|04:25:45|04:25:55|3|+1|04:14:00
R|8|05:37:05|05:45:55|107|+1|04:14:00
R|9|06:13:30|06:18:10|57|+1|04:14:00
R|10|06:42:00|06:42:55|12|+1|04:14:00
R|11|07:16:00|07:20:30|55|+1|04:14:00
R|12|07:21:45|07:21:55|3|+1|04:14:00
R|13|07:29:30|07:32:05|32|+1|04:14:00
R|14|09:07:15|09:10:10|36|-1|09:03:25
R|15|10:05:15|10:05:35|5|-1|10:01:35
R|16|10:08:10|10:09:00|11|-1|10:01:35
R|17|11:18:25|11:19:45|17|-1|10:01:35
R|18|11:34:30|11:47:00|151|-1|10:01:35
R|19|12:14:40|12:15:15|8|-1|10:01:35
R|20|12:58:00|13:04:50|83|-1|10:01:35
R|21|14:28:50|14:30:00|15|+1|14:26:00
R|22|14:30:20|14:34:05|46|+1|14:26:00
R|23|15:49:05|15:49:20|4|+1|14:26:00
R|24|17:08:10|17:11:45|44|+1|17:07:05
R|25|18:31:20|18:38:20|85|+1|18:05:55
R|26|18:40:50|18:45:25|56|+1|18:05:55
R|27|19:15:15|19:17:20|26|+1|18:05:55
R|28|23:04:15|23:06:25|27|+1|22:43:50
R|29|23:15:00|23:15:00|1|+1|22:43:50
R|30|23:16:30|23:21:45|64|+1|22:43:50
V|no validated bar set for 2026-10-04 - nothing asserted
