2026-10-04 17:38:18  DatabaseManager             INFO      MySQL connected
2026-10-04 17:38:18  DatabaseManager             INFO      MySQL disconnected
K|wsf_trade_config v4|key wtc_v4_v7_rule1_gateopen_mae0.70
K|arm ws5Mage fence 25.0/75.0 wob 6 bars = 30 s|same dr 1
K|ladder ws4..ws23|min_tf ws7|fall 3|race 1|frmin ws4|lb 48 bars = 4 min
K|rev lookback 48 bars = 240 s|rule#1 back 60 bars = 5.0 min
K|tape END_MS 2026-10-04 00:00|day 2026-09-26|bars 1494720..1511999
D|dr recipe ws1Mage + ws13m at 15.0/85.0 wob 0|rebuilt vs rig.DR: 0 of 1630780 bars differ
W|MECH bars 2837|rule#1 cut 1776|EMITTED 1061|momentum_true calls 57988|flat_run_at calls 217200
R|run|WALK FIRES FROM|last emitted bar|bars|dr|arm bar
R|1|01:30:00|01:34:10|51|-1|01:05:25
R|2|02:03:45|02:06:55|39|-1|02:01:45
R|3|03:15:00|03:18:45|46|-1|03:11:25
R|4|03:32:15|03:35:50|44|+1|03:28:30
R|5|05:15:35|05:19:15|45|-1|05:04:25
R|6|05:23:15|05:24:30|16|-1|05:04:25
R|7|05:33:40|05:37:55|52|-1|05:04:25
R|8|05:38:05|05:39:55|23|-1|05:04:25
R|9|08:35:30|08:39:15|46|+1|08:30:35
R|10|08:39:30|08:40:00|7|+1|08:30:35
R|11|08:40:10|08:42:45|32|+1|08:30:35
R|12|11:21:40|11:27:55|76|+1|11:08:40
R|13|12:18:00|12:18:45|10|+1|11:08:40
R|14|12:20:10|12:23:15|38|+1|11:08:40
R|15|13:18:00|13:23:00|61|-1|13:11:45
R|16|14:26:00|14:30:55|60|+1|14:23:20
R|17|15:16:00|15:17:55|24|+1|14:23:20
R|18|18:01:10|18:02:00|11|-1|17:34:05
R|19|18:18:00|18:22:00|49|-1|17:34:05
R|20|18:42:05|18:46:55|59|-1|17:34:05
R|21|19:20:00|19:21:25|18|-1|17:34:05
R|22|19:32:10|19:32:45|8|-1|17:34:05
R|23|19:34:00|19:40:20|77|-1|17:34:05
R|24|20:04:00|20:09:45|70|-1|17:34:05
R|25|20:10:50|20:14:35|46|-1|17:34:05
R|26|20:45:30|20:49:50|53|-1|17:34:05
V|no validated bar set for 2026-09-26 - nothing asserted
