2026-10-04 17:36:56  DatabaseManager             INFO      MySQL connected
2026-10-04 17:36:56  DatabaseManager             INFO      MySQL disconnected
K|wsf_trade_config v4|key wtc_v4_v7_rule1_gateopen_mae0.70
K|arm ws5Mage fence 25.0/75.0 wob 6 bars = 30 s|same dr 1
K|ladder ws4..ws23|min_tf ws7|fall 3|race 1|frmin ws4|lb 48 bars = 4 min
K|rev lookback 48 bars = 240 s|rule#1 back 60 bars = 5.0 min
K|tape END_MS 2026-10-04 00:00|day 2026-09-25|bars 1477440..1494719
D|dr recipe ws1Mage + ws13m at 15.0/85.0 wob 0|rebuilt vs rig.DR: 0 of 1630780 bars differ
W|MECH bars 2801|rule#1 cut 1438|EMITTED 1363|momentum_true calls 55967|flat_run_at calls 229840
R|run|WALK FIRES FROM|last emitted bar|bars|dr|arm bar
R|1|02:12:10|02:12:45|8|+1|02:04:10
R|2|02:13:10|02:14:05|12|+1|02:04:10
R|3|02:42:35|02:46:20|46|-1|02:38:05
R|4|02:48:50|02:48:50|1|-1|02:38:05
R|5|02:50:45|02:50:45|1|-1|02:38:05
R|6|03:30:05|03:31:05|13|-1|02:38:05
R|7|03:32:35|03:36:20|46|-1|02:38:05
R|8|07:59:20|08:00:15|12|+1|07:56:15
R|9|08:06:10|08:08:30|29|+1|07:56:15
R|10|08:26:10|08:32:55|82|+1|07:56:15
R|11|08:39:00|08:39:20|5|+1|07:56:15
R|12|08:40:50|08:45:00|51|+1|07:56:15
R|13|09:02:00|09:05:25|42|+1|07:56:15
R|14|09:32:00|09:35:35|44|+1|07:56:15
R|15|10:45:15|10:49:55|57|+1|07:56:15
R|16|10:50:30|10:51:20|11|+1|07:56:15
R|17|10:55:00|10:59:20|53|+1|07:56:15
R|18|11:14:00|11:17:00|37|+1|07:56:15
R|19|11:28:15|11:35:05|83|+1|07:56:15
R|20|13:33:40|13:35:55|28|-1|13:32:20
R|21|13:37:05|13:37:10|2|-1|13:32:20
R|22|15:40:55|15:46:55|73|-1|13:32:20
R|23|16:46:10|16:47:55|22|+1|16:43:30
R|24|17:21:30|17:22:15|10|+1|17:16:10
R|25|18:04:35|18:05:25|11|+1|18:01:25
R|26|18:06:15|18:09:55|45|+1|18:01:25
R|27|18:14:15|18:20:55|81|+1|18:01:25
R|28|18:58:00|19:04:15|76|+1|18:01:25
R|29|19:49:55|19:53:40|46|+1|18:01:25
R|30|19:54:00|19:56:55|36|+1|18:01:25
R|31|20:04:00|20:04:25|6|+1|18:01:25
R|32|20:04:45|20:10:35|71|+1|18:01:25
R|33|20:10:50|20:11:50|13|+1|18:01:25
R|34|20:21:00|20:24:30|43|+1|18:01:25
R|35|20:30:00|20:31:45|22|+1|18:01:25
R|36|20:36:00|20:36:00|1|+1|18:01:25
R|37|20:36:15|20:40:25|51|+1|18:01:25
R|38|22:36:15|22:41:55|69|+1|22:30:55
R|39|22:54:00|22:55:55|24|+1|22:30:55
V|no validated bar set for 2026-09-25 - nothing asserted
