2026-10-04 17:46:30  DatabaseManager             INFO      MySQL connected
2026-10-04 17:46:30  DatabaseManager             INFO      MySQL disconnected
K|wsf_trade_config v4|key wtc_v4_v7_rule1_gateopen_mae0.70
K|arm ws5Mage fence 25.0/75.0 wob 6 bars = 30 s|same dr 1
K|ladder ws4..ws23|min_tf ws7|fall 3|race 1|frmin ws4|lb 48 bars = 4 min
K|rev lookback 48 bars = 240 s|rule#1 back 60 bars = 5.0 min
K|tape END_MS 2026-10-04 00:00|day 2026-10-01|bars 1581120..1598399
D|dr recipe ws1Mage + ws13m at 15.0/85.0 wob 0|rebuilt vs rig.DR: 0 of 1630780 bars differ
W|MECH bars 2355|rule#1 cut 1216|EMITTED 1139|momentum_true calls 41401|flat_run_at calls 181360
R|run|WALK FIRES FROM|last emitted bar|bars|dr|arm bar
R|1|01:20:10|01:20:50|9|+1|01:17:40
R|2|01:24:30|01:28:55|54|+1|01:17:40
R|3|02:54:00|02:56:30|31|+1|02:30:55
R|4|02:58:15|03:03:55|69|+1|02:30:55
R|5|04:22:15|04:26:00|46|-1|04:20:55
R|6|05:54:00|05:55:55|24|+1|05:50:10
R|7|05:57:00|05:58:30|19|+1|05:50:10
R|8|05:59:25|06:08:25|109|+1|05:50:10
R|9|06:25:00|06:34:30|115|+1|05:50:10
R|10|07:30:10|07:33:30|41|-1|07:22:35
R|11|08:12:00|08:14:20|29|-1|07:22:35
R|12|08:15:40|08:21:35|72|-1|07:22:35
R|13|10:07:25|10:11:10|46|-1|10:02:15
R|14|11:26:00|11:26:20|5|-1|11:19:25
R|15|13:07:30|13:16:00|103|-1|13:04:15
R|16|14:48:10|14:48:55|10|-1|14:41:05
R|17|14:50:15|14:57:30|88|-1|14:41:05
R|18|16:58:55|17:01:40|34|-1|16:51:45
R|19|17:15:30|17:18:25|36|+1|17:14:35
R|20|17:20:10|17:24:10|49|+1|17:14:35
R|21|17:24:20|17:25:55|20|+1|17:14:35
R|22|18:18:50|18:20:45|24|+1|17:14:35
R|23|19:32:00|19:34:45|34|-1|19:28:45
R|24|20:04:10|20:10:05|72|+1|19:59:45
V|no validated bar set for 2026-10-01 - nothing asserted
