2026-10-05 06:51:19  DatabaseManager             INFO      MySQL connected
2026-10-05 06:51:19  DatabaseManager             INFO      MySQL disconnected
K|wsf_trade_config v4|key wtc_v4_v7_rule1_gateopen_mae0.70
K|arm ws5Mage fence 25.0/75.0 wob 6 bars = 30 s|same dr 1
K|ladder ws4..ws23|min_tf ws7|fall 3|race 1|frmin ws4|lb 48 bars = 4 min
K|rev lookback 48 bars = 240 s|rule#1 back 60 bars = 5.0 min
K|tape END_MS 2026-10-05 00:00|day 2026-10-03|bars 1598400..1615679
D|dr recipe ws1Mage + ws13m at 15.0/85.0 wob 0|rebuilt vs rig.DR: 0 of 1632960 bars differ
W|MECH bars 3046|rule#1 cut 1865|EMITTED 1181|momentum_true calls 60931|flat_run_at calls 269340
R|run|WALK FIRES FROM|last emitted bar|bars|dr|arm bar
R|1|02:34:45|02:35:55|15|-1|02:30:55
R|2|02:54:00|02:55:20|17|-1|02:30:55
R|3|02:56:10|02:57:00|11|-1|02:30:55
R|4|04:12:40|04:15:00|29|-1|04:04:20
R|5|05:04:45|05:04:50|2|-1|04:04:20
R|6|05:06:10|05:08:30|29|-1|04:04:20
R|7|05:31:10|05:33:55|34|-1|04:04:20
R|8|06:09:30|06:16:55|90|-1|04:04:20
R|9|06:44:30|06:50:35|74|-1|04:04:20
R|10|06:57:00|07:02:10|63|-1|04:04:20
R|11|07:45:55|07:49:40|46|-1|04:04:20
R|12|09:14:05|09:16:45|33|+1|09:12:45
R|13|09:45:00|09:50:15|64|+1|09:41:10
R|14|09:53:00|09:55:00|25|+1|09:41:10
R|15|09:55:10|09:55:15|2|+1|09:41:10
R|16|09:55:35|09:58:00|30|+1|09:41:10
R|17|10:08:00|10:13:10|63|+1|09:41:10
R|18|10:48:00|10:48:55|12|+1|09:41:10
R|19|11:37:40|11:43:05|66|+1|09:41:10
R|20|13:16:00|13:17:50|23|-1|13:09:35
R|21|14:12:40|14:13:55|16|-1|14:07:00
R|22|14:30:10|14:34:30|53|+1|14:22:30
R|23|14:43:50|14:49:25|68|+1|14:22:30
R|24|14:50:40|14:51:40|13|+1|14:22:30
R|25|15:50:00|15:55:35|68|+1|14:22:30
R|26|16:38:00|16:40:55|36|+1|14:22:30
R|27|17:15:00|17:18:45|46|+1|14:22:30
R|28|21:07:05|21:08:05|13|-1|21:04:00
R|29|21:09:50|21:13:35|46|-1|21:04:00
R|30|22:08:30|22:11:10|33|-1|21:04:00
R|31|22:26:55|22:26:55|1|-1|21:04:00
R|32|23:06:00|23:10:55|60|-1|21:04:00
V|no validated bar set for 2026-10-03 - nothing asserted
