2026-10-04 17:41:32  DatabaseManager             INFO      MySQL connected
2026-10-04 17:41:32  DatabaseManager             INFO      MySQL disconnected
K|wsf_trade_config v4|key wtc_v4_v7_rule1_gateopen_mae0.70
K|arm ws5Mage fence 25.0/75.0 wob 6 bars = 30 s|same dr 1
K|ladder ws4..ws23|min_tf ws7|fall 3|race 1|frmin ws4|lb 48 bars = 4 min
K|rev lookback 48 bars = 240 s|rule#1 back 60 bars = 5.0 min
K|tape END_MS 2026-10-04 00:00|day 2026-09-28|bars 1529280..1546559
D|dr recipe ws1Mage + ws13m at 15.0/85.0 wob 0|rebuilt vs rig.DR: 0 of 1630780 bars differ
W|MECH bars 3069|rule#1 cut 1916|EMITTED 1153|momentum_true calls 40658|flat_run_at calls 274000
R|run|WALK FIRES FROM|last emitted bar|bars|dr|arm bar
R|1|00:54:00|00:55:10|15|+1|00:49:00
R|2|00:55:20|00:56:35|16|+1|00:49:00
R|3|02:34:40|02:41:55|88|-1|01:58:10
R|4|02:51:35|02:56:00|54|-1|01:58:10
R|5|03:05:00|03:05:45|10|-1|01:58:10
R|6|03:10:05|03:14:55|59|-1|01:58:10
R|7|04:04:40|04:05:30|11|-1|01:58:10
R|8|04:07:10|04:08:25|16|-1|01:58:10
R|9|05:25:50|05:31:05|64|-1|01:58:10
R|10|05:34:00|05:34:10|3|-1|01:58:10
R|11|05:36:45|05:40:30|46|-1|01:58:10
R|12|06:30:10|06:32:55|34|-1|01:58:10
R|13|07:00:15|07:02:25|27|-1|01:58:10
R|14|07:14:00|07:18:55|60|-1|01:58:10
R|15|07:32:35|07:35:55|41|-1|01:58:10
R|16|09:52:00|09:59:40|93|-1|01:58:10
R|17|12:12:10|12:14:55|34|+1|12:05:20
R|18|14:07:10|14:10:25|40|-1|14:02:15
R|19|15:17:00|15:18:10|15|-1|14:02:15
R|20|15:18:25|15:22:10|46|-1|14:02:15
R|21|16:31:00|16:33:10|27|+1|16:27:35
R|22|17:46:00|17:46:45|10|+1|17:14:20
R|23|17:47:55|17:50:50|36|+1|17:14:20
R|24|18:17:15|18:21:00|46|+1|17:14:20
R|25|19:42:10|19:45:55|46|-1|19:09:15
R|26|20:56:10|20:58:15|26|-1|19:09:15
R|27|21:43:00|21:47:35|56|-1|21:26:15
R|28|21:56:10|22:06:40|127|-1|21:26:15
R|29|22:07:10|22:07:40|7|-1|21:26:15
V|no validated bar set for 2026-09-28 - nothing asserted
