2026-10-05 06:15:19  DatabaseManager             INFO      MySQL connected
2026-10-05 06:15:19  DatabaseManager             INFO      MySQL disconnected
K|wsf_trade_config v4|key wtc_v4_v7_rule1_gateopen_mae0.70
K|arm ws5Mage fence 25.0/75.0 wob 6 bars = 30 s|same dr 1
K|ladder ws4..ws23|min_tf ws7|fall 3|race 1|frmin ws4|lb 48 bars = 4 min
K|rev lookback 48 bars = 240 s|rule#1 back 60 bars = 5.0 min
K|tape END_MS 2026-10-05 00:00|day 2026-09-14|bars 1270080..1287359
D|dr recipe ws1Mage + ws13m at 15.0/85.0 wob 0|rebuilt vs rig.DR: 0 of 1632960 bars differ
W|MECH bars 3514|rule#1 cut 2195|EMITTED 1319|momentum_true calls 51351|flat_run_at calls 240140
R|run|WALK FIRES FROM|last emitted bar|bars|dr|arm bar
R|1|02:02:00|02:05:45|46|+1|01:56:25
R|2|02:12:00|02:14:35|32|+1|01:56:25
R|3|02:16:00|02:20:40|57|+1|01:56:25
R|4|02:52:15|02:58:30|76|+1|01:56:25
R|5|04:23:35|04:24:15|9|+1|01:56:25
R|6|05:52:00|05:56:35|56|-1|05:49:05
R|7|06:12:10|06:14:55|34|+1|06:04:55
R|8|08:55:20|08:59:05|46|-1|08:54:20
R|9|09:16:50|09:23:20|79|-1|08:54:20
R|10|09:27:05|09:30:50|46|-1|08:54:20
R|11|09:56:00|09:59:45|46|+1|09:52:15
R|12|11:08:45|11:08:45|1|-1|11:04:45
R|13|11:55:40|12:00:10|55|-1|11:54:00
R|14|12:01:50|12:02:55|14|-1|11:54:00
R|15|12:50:35|12:55:25|59|-1|12:49:55
R|16|12:57:15|13:01:00|46|-1|12:49:55
R|17|14:44:10|14:48:30|53|-1|14:38:15
R|18|16:20:10|16:24:20|51|+1|16:18:25
R|19|16:25:05|16:27:55|35|+1|16:18:25
R|20|17:00:15|17:00:15|1|+1|16:48:45
R|21|17:08:00|17:13:05|62|+1|16:48:45
R|22|17:13:30|17:19:25|72|+1|16:48:45
R|23|18:30:05|18:30:55|11|+1|16:48:45
R|24|18:36:00|18:40:55|60|+1|16:48:45
R|25|19:21:45|19:25:30|46|+1|16:48:45
R|26|22:02:00|22:04:35|32|-1|21:15:00
R|27|22:26:00|22:29:30|43|-1|21:15:00
R|28|23:09:00|23:11:25|30|-1|21:15:00
R|29|23:36:20|23:36:20|1|-1|21:15:00
R|30|23:47:05|23:57:00|120|-1|21:15:00
V|no validated bar set for 2026-09-14 - nothing asserted
