2026-10-05 06:16:50  DatabaseManager             INFO      MySQL connected
2026-10-05 06:16:50  DatabaseManager             INFO      MySQL disconnected
K|wsf_trade_config v4|key wtc_v4_v7_rule1_gateopen_mae0.70
K|arm ws5Mage fence 25.0/75.0 wob 6 bars = 30 s|same dr 1
K|ladder ws4..ws23|min_tf ws7|fall 3|race 1|frmin ws4|lb 48 bars = 4 min
K|rev lookback 48 bars = 240 s|rule#1 back 60 bars = 5.0 min
K|tape END_MS 2026-10-05 00:00|day 2026-09-17|bars 1321920..1339199
D|dr recipe ws1Mage + ws13m at 15.0/85.0 wob 0|rebuilt vs rig.DR: 0 of 1632960 bars differ
W|MECH bars 3569|rule#1 cut 2277|EMITTED 1292|momentum_true calls 39755|flat_run_at calls 249140
R|run|WALK FIRES FROM|last emitted bar|bars|dr|arm bar
R|1|00:18:00|00:20:55|36|+1|00:00:25
R|2|01:21:45|01:25:30|46|+1|00:00:25
R|3|01:33:00|01:37:45|58|+1|00:00:25
R|4|01:37:55|01:38:40|10|+1|00:00:25
R|5|03:26:00|03:28:00|25|+1|02:39:20
R|6|03:31:40|03:38:00|77|+1|02:39:20
R|7|05:28:00|05:28:00|1|+1|02:39:20
R|8|05:31:15|05:33:10|24|+1|02:39:20
R|9|05:34:20|05:35:00|9|+1|02:39:20
R|10|05:35:15|05:35:55|9|+1|02:39:20
R|11|06:41:00|06:49:50|107|+1|02:39:20
R|12|07:12:35|07:16:20|46|+1|02:39:20
R|13|07:49:00|07:49:55|12|+1|02:39:20
R|14|07:54:00|07:54:15|4|+1|02:39:20
R|15|11:40:45|11:42:25|21|-1|11:37:50
R|16|11:43:10|11:44:10|13|-1|11:37:50
R|17|11:44:25|11:47:55|43|-1|11:37:50
R|18|12:17:30|12:24:55|90|+1|12:15:40
R|19|13:14:25|13:16:00|20|-1|13:11:30
R|20|13:38:00|13:38:40|9|-1|13:33:05
R|21|13:41:15|13:45:00|46|-1|13:33:05
R|22|14:27:00|14:31:30|55|+1|14:22:35
R|23|14:52:10|14:52:55|10|-1|14:47:50
R|24|14:59:05|15:00:25|17|-1|14:47:50
R|25|15:00:55|15:04:40|46|-1|14:47:50
R|26|15:05:10|15:06:40|19|-1|14:47:50
R|27|17:08:00|17:11:45|46|+1|17:03:40
R|28|17:30:45|17:30:55|3|+1|17:03:40
R|29|21:12:45|21:16:30|46|-1|21:07:50
R|30|21:52:50|22:03:40|131|-1|21:07:50
R|31|22:13:10|22:16:55|46|-1|21:07:50
R|32|22:20:05|22:20:05|1|-1|21:07:50
R|33|23:12:10|23:13:55|22|+1|23:10:00
R|34|23:17:50|23:29:45|144|+1|23:10:00
V|no validated bar set for 2026-09-17 - nothing asserted
