2026-10-04 17:47:55  DatabaseManager             INFO      MySQL connected
2026-10-04 17:47:55  DatabaseManager             INFO      MySQL disconnected
K|wsf_trade_config v4|key wtc_v4_v7_rule1_gateopen_mae0.70
K|arm ws5Mage fence 25.0/75.0 wob 6 bars = 30 s|same dr 1
K|ladder ws4..ws23|min_tf ws7|fall 3|race 1|frmin ws4|lb 48 bars = 4 min
K|rev lookback 48 bars = 240 s|rule#1 back 60 bars = 5.0 min
K|tape END_MS 2026-10-04 00:00|day 2026-10-02|bars 1598400..1615679
D|dr recipe ws1Mage + ws13m at 15.0/85.0 wob 0|rebuilt vs rig.DR: 0 of 1630780 bars differ
W|MECH bars 3278|rule#1 cut 1696|EMITTED 1582|momentum_true calls 48316|flat_run_at calls 273140
R|run|WALK FIRES FROM|last emitted bar|bars|dr|arm bar
R|1|00:18:00|00:20:40|33|+1|00:10:35
R|2|00:21:20|00:22:55|20|+1|00:10:35
R|3|00:50:55|00:54:40|46|+1|00:10:35
R|4|01:24:00|01:25:05|14|-1|01:21:10
R|5|01:45:05|01:48:40|44|-1|01:42:55
R|6|02:11:35|02:15:20|46|+1|01:53:35
R|7|02:52:40|02:56:40|49|+1|02:33:45
R|8|03:03:45|03:07:30|46|+1|02:33:45
R|9|04:02:10|04:06:55|58|+1|02:33:45
R|10|04:30:10|04:31:55|22|+1|02:33:45
R|11|04:42:00|04:45:05|38|+1|02:33:45
R|12|04:46:10|04:46:55|10|+1|02:33:45
R|13|04:50:00|04:50:20|5|+1|02:33:45
R|14|04:53:45|04:57:30|46|+1|02:33:45
R|15|05:33:15|05:37:00|46|+1|02:33:45
R|16|05:37:25|05:38:30|14|+1|02:33:45
R|17|05:39:20|05:41:55|32|+1|02:33:45
R|18|08:00:50|08:02:30|21|+1|07:54:45
R|19|08:26:00|08:26:55|12|+1|07:54:45
R|20|08:40:10|08:47:50|93|+1|07:54:45
R|21|11:56:35|12:01:35|61|-1|11:29:40
R|22|12:58:00|13:01:05|38|+1|12:29:00
R|23|16:32:15|16:36:55|57|-1|14:54:45
R|24|16:39:05|16:42:50|46|-1|14:54:45
R|25|16:43:15|16:47:00|46|-1|14:54:45
R|26|17:00:10|17:01:05|12|-1|14:54:45
R|27|17:18:00|17:21:55|48|-1|14:54:45
R|28|17:33:00|17:35:25|30|-1|14:54:45
R|29|17:44:35|17:48:20|46|-1|14:54:45
R|30|18:11:30|18:15:15|46|-1|14:54:45
R|31|18:28:45|18:33:00|52|-1|14:54:45
R|32|18:34:00|18:35:55|24|-1|14:54:45
R|33|18:42:50|18:46:50|49|-1|14:54:45
R|34|19:16:00|19:19:15|40|-1|14:54:45
R|35|19:20:15|19:22:20|26|-1|14:54:45
R|36|21:41:30|21:43:05|20|+1|21:39:05
R|37|21:43:30|21:44:00|7|+1|21:39:05
R|38|22:32:05|22:32:50|10|+1|22:31:10
R|39|22:40:10|22:40:55|10|+1|22:31:10
R|40|22:51:00|22:54:40|45|+1|22:31:10
R|41|23:28:05|23:31:00|36|+1|22:31:10
R|42|23:32:20|23:38:55|80|+1|22:31:10
R|43|23:54:15|23:59:00|58|+1|22:31:10
V|no validated bar set for 2026-10-02 - nothing asserted
