2026-10-04 17:44:52  DatabaseManager             INFO      MySQL connected
2026-10-04 17:44:52  DatabaseManager             INFO      MySQL disconnected
K|wsf_trade_config v4|key wtc_v4_v7_rule1_gateopen_mae0.70
K|arm ws5Mage fence 25.0/75.0 wob 6 bars = 30 s|same dr 1
K|ladder ws4..ws23|min_tf ws7|fall 3|race 1|frmin ws4|lb 48 bars = 4 min
K|rev lookback 48 bars = 240 s|rule#1 back 60 bars = 5.0 min
K|tape END_MS 2026-10-04 00:00|day 2026-09-30|bars 1563840..1581119
D|dr recipe ws1Mage + ws13m at 15.0/85.0 wob 0|rebuilt vs rig.DR: 0 of 1630780 bars differ
W|MECH bars 2579|rule#1 cut 1432|EMITTED 1147|momentum_true calls 57825|flat_run_at calls 221300
R|run|WALK FIRES FROM|last emitted bar|bars|dr|arm bar
R|1|00:20:30|00:27:30|85|-1|00:00:25
R|2|00:46:30|00:47:55|18|-1|00:00:25
R|3|00:49:00|00:50:15|16|-1|00:00:25
R|4|01:53:05|01:56:00|36|+1|01:52:00
R|5|03:20:55|03:24:40|46|-1|03:17:05
R|6|03:55:50|03:57:25|20|-1|03:17:05
R|7|05:16:00|05:18:55|36|-1|05:10:55
R|8|05:47:30|05:51:00|43|+1|05:46:25
R|9|06:16:50|06:20:35|46|-1|06:12:55
R|10|06:28:10|06:28:10|1|-1|06:12:55
R|11|06:28:25|06:33:00|56|-1|06:12:55
R|12|09:07:15|09:12:45|67|+1|09:04:35
R|13|09:32:00|09:34:40|33|+1|09:04:35
R|14|09:35:25|09:38:20|36|+1|09:04:35
R|15|10:40:10|10:43:00|35|+1|09:04:35
R|16|12:23:15|12:25:30|28|-1|12:16:05
R|17|12:55:20|13:02:50|91|+1|12:31:25
R|18|13:41:15|13:45:25|51|-1|13:38:10
R|19|14:24:20|14:29:50|67|-1|14:16:50
R|20|15:25:45|15:25:45|1|-1|14:16:50
R|21|15:28:35|15:31:20|34|-1|14:16:50
R|22|16:49:00|16:50:55|24|+1|16:41:50
R|23|17:03:55|17:08:55|61|+1|16:41:50
R|24|19:13:45|19:14:15|7|-1|19:12:50
R|25|19:19:00|19:22:45|46|-1|19:12:50
R|26|19:49:00|19:52:00|37|-1|19:12:50
R|27|19:56:10|19:56:55|10|-1|19:12:50
R|28|22:36:30|22:40:30|49|+1|22:34:25
R|29|23:24:00|23:29:30|67|+1|22:34:25
V|no validated bar set for 2026-09-30 - nothing asserted
