2026-10-05 06:13:47  DatabaseManager             INFO      MySQL connected
2026-10-05 06:13:47  DatabaseManager             INFO      MySQL disconnected
K|wsf_trade_config v4|key wtc_v4_v7_rule1_gateopen_mae0.70
K|arm ws5Mage fence 25.0/75.0 wob 6 bars = 30 s|same dr 1
K|ladder ws4..ws23|min_tf ws7|fall 3|race 1|frmin ws4|lb 48 bars = 4 min
K|rev lookback 48 bars = 240 s|rule#1 back 60 bars = 5.0 min
K|tape END_MS 2026-10-05 00:00|day 2026-08-30|bars 1010880..1028159
D|dr recipe ws1Mage + ws13m at 15.0/85.0 wob 0|rebuilt vs rig.DR: 0 of 1632960 bars differ
W|MECH bars 3774|rule#1 cut 2421|EMITTED 1353|momentum_true calls 37929|flat_run_at calls 257660
R|run|WALK FIRES FROM|last emitted bar|bars|dr|arm bar
R|1|00:20:00|00:23:55|48|+1|00:17:55
R|2|01:56:00|02:04:50|107|-1|00:59:50
R|3|02:32:20|02:34:55|32|-1|00:59:50
R|4|03:05:25|03:12:05|81|-1|00:59:50
R|5|03:12:45|03:13:00|4|-1|00:59:50
R|6|03:50:00|03:50:10|3|-1|00:59:50
R|7|03:53:15|03:57:00|46|-1|00:59:50
R|8|03:58:35|03:58:55|5|-1|00:59:50
R|9|04:08:55|04:12:55|49|-1|00:59:50
R|10|04:40:00|04:41:45|22|-1|00:59:50
R|11|06:26:30|06:31:30|61|+1|06:25:10
R|12|07:00:00|07:04:10|51|+1|06:25:10
R|13|07:41:30|07:42:35|14|-1|07:39:05
R|14|08:31:55|08:35:55|49|-1|07:39:05
R|15|08:44:10|08:47:05|36|-1|07:39:05
R|16|09:21:05|09:26:15|63|-1|07:39:05
R|17|09:26:50|09:30:55|50|-1|07:39:05
R|18|12:06:25|12:06:35|3|+1|12:04:15
R|19|12:12:25|12:16:10|46|+1|12:04:15
R|20|13:00:25|13:07:05|81|+1|12:04:15
R|21|13:31:55|13:34:50|36|+1|12:04:15
R|22|13:48:10|13:52:10|49|+1|13:41:00
R|23|15:53:40|16:00:25|82|-1|15:49:25
R|24|16:40:55|16:46:55|73|-1|16:39:40
R|25|17:09:10|17:11:00|23|-1|17:04:25
R|26|17:18:00|17:21:05|38|-1|17:04:25
R|27|17:27:45|17:30:10|30|-1|17:04:25
R|28|19:26:00|19:26:10|3|-1|17:04:25
R|29|19:32:10|19:34:40|31|-1|17:04:25
R|30|19:35:55|19:38:50|36|-1|17:04:25
R|31|19:39:00|19:39:00|1|-1|17:04:25
R|32|19:39:40|19:39:40|1|-1|17:04:25
R|33|19:46:25|19:50:10|46|-1|17:04:25
R|34|22:52:15|22:56:00|46|-1|22:23:20
R|35|23:34:00|23:34:30|7|-1|22:23:20
V|no validated bar set for 2026-08-30 - nothing asserted
