2026-10-05 06:09:29  DatabaseManager             INFO      MySQL connected
2026-10-05 06:09:29  DatabaseManager             INFO      MySQL disconnected
K|wsf_trade_config v4|key wtc_v4_v7_rule1_gateopen_mae0.70
K|arm ws5Mage fence 25.0/75.0 wob 6 bars = 30 s|same dr 1
K|ladder ws4..ws23|min_tf ws7|fall 3|race 1|frmin ws4|lb 48 bars = 4 min
K|rev lookback 48 bars = 240 s|rule#1 back 60 bars = 5.0 min
K|tape END_MS 2026-10-05 00:00|day 2026-07-25|bars 388800..406079
D|dr recipe ws1Mage + ws13m at 15.0/85.0 wob 0|rebuilt vs rig.DR: 0 of 1632960 bars differ
W|MECH bars 2582|rule#1 cut 1617|EMITTED 965|momentum_true calls 39575|flat_run_at calls 209160
R|run|WALK FIRES FROM|last emitted bar|bars|dr|arm bar
R|1|00:07:35|00:11:20|46|+1|00:05:10
R|2|00:36:10|00:37:10|13|+1|00:05:10
R|3|02:18:00|02:20:20|29|-1|02:15:55
R|4|03:20:00|03:25:40|69|-1|02:56:45
R|5|03:32:35|03:36:20|46|-1|02:56:45
R|6|03:54:20|03:58:05|46|-1|02:56:45
R|7|04:24:00|04:25:20|17|-1|02:56:45
R|8|04:28:05|04:29:55|23|-1|02:56:45
R|9|05:17:15|05:22:00|58|-1|02:56:45
R|10|05:40:00|05:42:50|35|-1|02:56:45
R|11|05:43:45|05:48:35|59|-1|02:56:45
R|12|06:47:25|06:48:10|10|-1|02:56:45
R|13|11:26:10|11:26:15|2|-1|11:22:15
R|14|11:28:15|11:29:55|21|-1|11:22:15
R|15|13:50:05|13:53:05|37|+1|13:41:20
R|16|14:47:10|14:49:25|28|+1|14:44:55
R|17|16:27:50|16:32:45|60|-1|16:25:30
R|18|17:12:50|17:16:00|39|+1|17:09:15
R|19|17:21:00|17:24:15|40|+1|17:09:15
R|20|17:28:45|17:33:55|63|+1|17:09:15
R|21|18:36:15|18:36:55|9|+1|17:09:15
R|22|19:02:15|19:03:15|13|+1|17:09:15
R|23|20:59:05|21:04:10|62|-1|20:32:30
R|24|21:05:30|21:09:15|46|-1|20:32:30
R|25|21:38:15|21:39:10|12|+1|21:32:10
R|26|21:40:10|21:42:55|34|+1|21:32:10
R|27|22:46:55|22:47:00|2|+1|21:32:10
R|28|22:51:20|22:55:05|46|+1|21:32:10
V|no validated bar set for 2026-07-25 - nothing asserted
