# BANKED: lazyg_compound_v095 — 310 rows written this run, 155 shared + 155 constant in the table
# config: dr-bias · stop 0.95% · swing 0.70% · cost 0.1975% · pyramid NO CAP · risk 1.5% · start $888.00
# max concurrent legs with the cap dropped: 4

## THE COMPLETE TABLE — shared budget, read back from lazyg_compound_v095
| # | day | octo-sig | dr | side | grade | exit | hold min | gross % | drag % | net % | legs live | LEV | equity open $ | notional $ | risk $ | gross $ | drag $ | P&L $ | equity close $ | DD % |
|---|---|---|---|---|---|---|---|---|---|---|---|---|---|---|---|---|---|---|---|---|
| 1 | 09-25 | 02:12:10 | +1 | SHORT | wt | pivot | 41.9 | +2.531 | -0.1975 | +2.333 | 0 | **1.31x** | 888.00 | 1160.78 | 13.32 | +29.38 | **-2.29** | **+27.08** | **915.08** | 0.00 |
| 2 | 09-25 | 02:13:10 | +1 | SHORT | wt | pivot | 40.9 | +2.328 | -0.1975 | +2.130 | 1 | **0.65x** | 888.00 | 580.39 | 6.66 | +13.51 | **-1.15** | **+12.36** | **927.45** | 0.00 |
| 3 | 09-25 | 02:48:50 | -1 | LONG | wt | pivot | 19.3 | +0.508 | -0.1975 | +0.311 | 2 | **0.44x** | 888.00 | 386.93 | 4.44 | +1.97 | **-0.76** | **+1.20** | **928.65** | 0.00 |
| 4 | 09-25 | 02:50:45 | -1 | LONG | wt | pivot | 17.4 | +0.708 | -0.1975 | +0.510 | 3 | **0.33x** | 888.00 | 290.20 | 3.33 | +2.05 | **-0.57** | **+1.48** | **930.13** | 0.00 |
| 5 | 09-25 | 03:32:35 | -1 | LONG | wt | pivot | 68.7 | +1.188 | -0.1975 | +0.991 | 0 | **1.31x** | 930.13 | 1215.86 | 13.95 | +14.45 | **-2.40** | **+12.05** | **942.18** | 0.00 |
| 6 | 09-25 | 07:59:20 | +1 | SHORT | wt | STOP | 21.3 | -0.950 | -0.1975 | -1.147 | 0 | **1.31x** | 942.18 | 1231.61 | 14.13 | -11.70 | **-2.43** | **-14.13** | **920.98** | 2.25 |
| 7 | 09-25 | 08:06:10 | +1 | SHORT | wt | STOP | 13.8 | -0.950 | -0.1975 | -1.147 | 1 | **0.65x** | 942.18 | 615.80 | 7.07 | -5.85 | **-1.22** | **-7.07** | **935.11** | 0.75 |
| 8 | 09-25 | 08:26:10 | +1 | SHORT | wt | STOP | 12.7 | -0.950 | -0.1975 | -1.147 | 0 | **1.31x** | 920.98 | 1203.90 | 13.81 | -11.44 | **-2.38** | **-13.81** | **907.17** | 3.72 |
| 9 | 09-25 | 08:39:00 | +1 | SHORT | at | pivot | 11.2 | +1.039 | -0.1975 | +0.842 | 0 | **1.31x** | 907.17 | 1185.84 | 13.61 | +12.32 | **-2.34** | **+9.98** | **917.15** | 3.72 |
| 10 | 09-25 | 08:40:50 | +1 | SHORT | at | pivot | 9.3 | +0.957 | -0.1975 | +0.759 | 1 | **0.65x** | 907.17 | 592.92 | 6.80 | +5.67 | **-1.17** | **+4.50** | **921.65** | 3.72 |
| 11 | 09-25 | 09:32:00 | +1 | SHORT | at | pivot | 32.1 | +1.571 | -0.1975 | +1.373 | 0 | **1.31x** | 921.65 | 1204.77 | 13.82 | +18.93 | **-2.38** | **+16.55** | **938.20** | 3.72 |
| 12 | 09-25 | 10:45:15 | +1 | SHORT | at | STOP | 21.7 | -0.950 | -0.1975 | -1.147 | 0 | **1.31x** | 938.20 | 1226.40 | 14.07 | -11.65 | **-2.42** | **-14.07** | **924.12** | 3.72 |
| 13 | 09-25 | 11:28:15 | +1 | SHORT | at | pivot | 0.1 | +0.078 | -0.1975 | -0.120 | 0 | **1.31x** | 924.12 | 1208.00 | 13.86 | +0.94 | **-2.39** | **-1.45** | **922.67** | 3.72 |
| 14 | 09-25 | 15:40:55 | -1 | LONG | wt | pivot | 0.1 | +0.107 | -0.1975 | -0.091 | 0 | **1.31x** | 922.67 | 1206.11 | 13.84 | +1.29 | **-2.38** | **-1.09** | **921.58** | 3.72 |
| 15 | 09-25 | 18:04:35 | +1 | SHORT | wt | STOP | 7.1 | -0.950 | -0.1975 | -1.147 | 0 | **1.31x** | 921.58 | 1204.68 | 13.82 | -11.44 | **-2.38** | **-13.82** | **907.76** | 3.72 |
| 16 | 09-25 | 18:06:15 | +1 | SHORT | wt | STOP | 6.2 | -0.950 | -0.1975 | -1.147 | 1 | **0.65x** | 921.58 | 602.34 | 6.91 | -5.72 | **-1.19** | **-6.91** | **900.84** | 4.39 |
| 17 | 09-25 | 20:10:50 | +1 | SHORT | wt | STOP | 9.3 | -0.950 | -0.1975 | -1.147 | 0 | **1.31x** | 900.84 | 1177.57 | 13.51 | -11.19 | **-2.33** | **-13.51** | **887.33** | 5.82 |
| 18 | 09-25 | 20:36:00 | +1 | SHORT | at | pivot | 8.3 | +0.431 | -0.1975 | +0.234 | 0 | **1.31x** | 887.33 | 1159.91 | 13.31 | +5.00 | **-2.29** | **+2.71** | **890.04** | 5.82 |
| 19 | 09-25 | 20:36:15 | +1 | SHORT | at | pivot | 8.1 | +0.486 | -0.1975 | +0.288 | 1 | **0.65x** | 887.33 | 579.96 | 6.66 | +2.82 | **-1.15** | **+1.67** | **891.71** | 5.82 |
| 20 | 09-25 | 22:36:15 | +1 | SHORT | at | pivot | 89.0 | +0.704 | -0.1975 | +0.506 | 0 | **1.31x** | 891.71 | 1165.64 | 13.38 | +8.20 | **-2.30** | **+5.90** | **897.61** | 5.82 |
| 21 | 09-26 | 01:30:00 | -1 | LONG | wt | pivot | 16.8 | +1.236 | -0.1975 | +1.038 | 0 | **1.31x** | 897.61 | 1173.35 | 13.46 | +14.50 | **-2.32** | **+12.18** | **909.79** | 5.82 |
| 22 | 09-26 | 03:32:15 | +1 | SHORT | wt | pivot | 20.1 | +1.114 | -0.1975 | +0.916 | 0 | **1.31x** | 909.79 | 1189.27 | 13.65 | +13.24 | **-2.35** | **+10.89** | **920.69** | 5.82 |
| 23 | 09-26 | 05:15:35 | -1 | LONG | wt | pivot | 25.7 | +0.054 | -0.1975 | -0.143 | 0 | **1.31x** | 920.69 | 1203.51 | 13.81 | +0.65 | **-2.38** | **-1.73** | **918.96** | 5.82 |
| 24 | 09-26 | 05:38:05 | -1 | LONG | at | pivot | 3.2 | +0.562 | -0.1975 | +0.365 | 1 | **0.65x** | 920.69 | 601.76 | 6.91 | +3.38 | **-1.19** | **+2.20** | **921.16** | 5.82 |
| 25 | 09-26 | 11:21:40 | +1 | SHORT | wt | pivot | 50.4 | +0.849 | -0.1975 | +0.652 | 0 | **1.31x** | 921.16 | 1204.13 | 13.82 | +10.23 | **-2.38** | **+7.85** | **929.01** | 5.82 |
| 26 | 09-26 | 14:26:00 | +1 | SHORT | wt | STOP | 13.8 | -0.950 | -0.1975 | -1.147 | 0 | **1.31x** | 929.01 | 1214.39 | 13.94 | -11.54 | **-2.40** | **-13.94** | **915.07** | 5.82 |
| 27 | 09-26 | 15:16:00 | +1 | SHORT | at | pivot | 33.7 | +0.918 | -0.1975 | +0.720 | 0 | **1.31x** | 915.07 | 1196.17 | 13.73 | +10.98 | **-2.36** | **+8.62** | **923.69** | 5.82 |
| 28 | 09-26 | 18:01:10 | -1 | LONG | wt | pivot | 3.5 | +0.646 | -0.1975 | +0.449 | 0 | **1.31x** | 923.69 | 1207.44 | 13.86 | +7.80 | **-2.38** | **+5.42** | **929.10** | 5.82 |
| 29 | 09-26 | 18:18:00 | -1 | LONG | wt | pivot | 47.9 | +0.241 | -0.1975 | +0.044 | 0 | **1.31x** | 929.10 | 1214.52 | 13.94 | +2.93 | **-2.40** | **+0.53** | **929.64** | 5.82 |
| 30 | 09-26 | 18:42:05 | -1 | LONG | wt | pivot | 23.8 | +0.545 | -0.1975 | +0.348 | 1 | **0.65x** | 929.10 | 607.26 | 6.97 | +3.31 | **-1.20** | **+2.11** | **931.75** | 5.82 |
| 31 | 09-26 | 19:34:00 | -1 | LONG | wt | pivot | 56.6 | +0.300 | -0.1975 | +0.103 | 0 | **1.31x** | 931.75 | 1217.97 | 13.98 | +3.66 | **-2.41** | **+1.25** | **933.00** | 5.82 |
| 32 | 09-26 | 20:10:50 | -1 | LONG | wt | pivot | 19.8 | +0.495 | -0.1975 | +0.298 | 1 | **0.65x** | 931.75 | 608.99 | 6.99 | +3.02 | **-1.20** | **+1.81** | **934.82** | 5.82 |
| 33 | 09-26 | 20:45:30 | -1 | LONG | wt | STOP | 2.0 | -0.950 | -0.1975 | -1.147 | 0 | **1.31x** | 934.82 | 1221.98 | 14.02 | -11.61 | **-2.41** | **-14.02** | **920.79** | 5.82 |
| 34 | 09-27 | 01:06:35 | -1 | LONG | wt | pivot | 9.9 | +0.643 | -0.1975 | +0.445 | 0 | **1.31x** | 920.79 | 1203.65 | 13.81 | +7.74 | **-2.38** | **+5.36** | **926.15** | 5.82 |
| 35 | 09-27 | 01:58:40 | +1 | SHORT | wt | pivot | 124.6 | +1.326 | -0.1975 | +1.129 | 0 | **1.31x** | 926.15 | 1210.66 | 13.89 | +16.06 | **-2.39** | **+13.67** | **939.82** | 5.82 |
| 36 | 09-27 | 04:04:30 | -1 | LONG | wt | pivot | 8.6 | +0.498 | -0.1975 | +0.301 | 0 | **1.31x** | 939.82 | 1228.52 | 14.10 | +6.12 | **-2.43** | **+3.69** | **943.52** | 5.82 |
| 37 | 09-27 | 04:30:00 | -1 | LONG | wt | pivot | 79.3 | +2.027 | -0.1975 | +1.829 | 0 | **1.31x** | 943.52 | 1233.35 | 14.15 | +25.00 | **-2.44** | **+22.56** | **966.08** | 5.82 |
| 38 | 09-27 | 04:32:15 | -1 | LONG | wt | pivot | 77.1 | +2.030 | -0.1975 | +1.832 | 1 | **0.65x** | 943.52 | 616.68 | 7.08 | +12.52 | **-1.22** | **+11.30** | **977.38** | 5.82 |
| 39 | 09-27 | 06:16:40 | +1 | SHORT | wt | pivot | 50.2 | +0.592 | -0.1975 | +0.395 | 0 | **1.31x** | 977.38 | 1277.62 | 14.66 | +7.57 | **-2.52** | **+5.05** | **982.43** | 5.82 |
| 40 | 09-27 | 07:16:15 | +1 | SHORT | wt | STOP | 16.9 | -0.950 | -0.1975 | -1.147 | 0 | **1.31x** | 982.43 | 1284.22 | 14.74 | -12.20 | **-2.54** | **-14.74** | **967.69** | 5.82 |
| 41 | 09-27 | 07:34:00 | +1 | SHORT | at | STOP | 22.8 | -0.950 | -0.1975 | -1.147 | 0 | **1.31x** | 967.69 | 1264.95 | 14.52 | -12.02 | **-2.50** | **-14.52** | **945.92** | 5.82 |
| 42 | 09-27 | 07:39:50 | +1 | SHORT | at | STOP | 16.9 | -0.950 | -0.1975 | -1.147 | 1 | **0.65x** | 967.69 | 632.48 | 7.26 | -6.01 | **-1.25** | **-7.26** | **960.43** | 5.82 |
| 43 | 09-27 | 07:58:20 | +1 | SHORT | at | pivot | 72.4 | +1.498 | -0.1975 | +1.300 | 0 | **1.31x** | 945.92 | 1236.49 | 14.19 | +18.52 | **-2.44** | **+16.08** | **961.99** | 5.82 |
| 44 | 09-27 | 12:10:30 | +1 | SHORT | wt | pivot | 15.3 | +0.761 | -0.1975 | +0.564 | 0 | **1.31x** | 961.99 | 1257.51 | 14.43 | +9.57 | **-2.48** | **+7.09** | **969.08** | 5.82 |
| 45 | 09-27 | 14:28:55 | -1 | LONG | wt | pivot | 5.5 | +0.594 | -0.1975 | +0.396 | 0 | **1.31x** | 969.08 | 1266.78 | 14.54 | +7.52 | **-2.50** | **+5.02** | **974.10** | 5.82 |
| 46 | 09-27 | 17:52:25 | +1 | SHORT | wt | STOP | 29.7 | -0.950 | -0.1975 | -1.147 | 0 | **1.31x** | 974.10 | 1273.34 | 14.61 | -12.10 | **-2.51** | **-14.61** | **959.49** | 5.82 |
| 47 | 09-27 | 18:18:35 | +1 | SHORT | wt | pivot | 49.5 | +0.245 | -0.1975 | +0.047 | 1 | **0.65x** | 974.10 | 636.67 | 7.31 | +1.56 | **-1.26** | **+0.30** | **959.79** | 5.82 |
| 48 | 09-27 | 18:54:00 | +1 | SHORT | wt | pivot | 14.1 | +0.743 | -0.1975 | +0.546 | 1 | **0.65x** | 959.49 | 627.12 | 7.20 | +4.66 | **-1.24** | **+3.42** | **963.22** | 5.82 |
| 49 | 09-27 | 21:38:30 | -1 | LONG | wt | pivot | 14.8 | +1.404 | -0.1975 | +1.207 | 0 | **1.31x** | 963.22 | 1259.11 | 14.45 | +17.68 | **-2.49** | **+15.19** | **978.41** | 5.82 |
| 50 | 09-27 | 21:38:45 | -1 | LONG | wt | pivot | 14.5 | +1.417 | -0.1975 | +1.219 | 1 | **0.65x** | 963.22 | 629.55 | 7.22 | +8.92 | **-1.24** | **+7.67** | **986.08** | 5.82 |
| 51 | 09-27 | 22:06:00 | -1 | LONG | wt | STOP | 3.6 | -0.950 | -0.1975 | -1.147 | 0 | **1.31x** | 986.08 | 1289.00 | 14.79 | -12.25 | **-2.55** | **-14.79** | **971.29** | 5.82 |
| 52 | 09-28 | 02:51:35 | -1 | LONG | at | STOP | 8.0 | -0.950 | -0.1975 | -1.147 | 0 | **1.31x** | 971.29 | 1269.66 | 14.57 | -12.06 | **-2.51** | **-14.57** | **956.72** | 5.82 |
| 53 | 09-28 | 03:05:00 | -1 | LONG | at | STOP | 7.9 | -0.950 | -0.1975 | -1.147 | 0 | **1.31x** | 956.72 | 1250.62 | 14.35 | -11.88 | **-2.47** | **-14.35** | **942.37** | 5.82 |
| 54 | 09-28 | 03:10:05 | -1 | LONG | at | STOP | 4.9 | -0.950 | -0.1975 | -1.147 | 1 | **0.65x** | 956.72 | 625.31 | 7.18 | -5.94 | **-1.24** | **-7.18** | **935.20** | 5.82 |
| 55 | 09-28 | 04:04:40 | -1 | LONG | at | pivot | 38.4 | +1.338 | -0.1975 | +1.141 | 0 | **1.31x** | 935.20 | 1222.48 | 14.03 | +16.36 | **-2.41** | **+13.94** | **949.14** | 5.82 |
| 56 | 09-28 | 06:30:10 | -1 | LONG | wt | pivot | 16.2 | +0.611 | -0.1975 | +0.413 | 0 | **1.31x** | 949.14 | 1240.71 | 14.24 | +7.58 | **-2.45** | **+5.13** | **954.27** | 5.82 |
| 57 | 09-28 | 07:32:35 | -1 | LONG | wt | pivot | 16.2 | +0.555 | -0.1975 | +0.357 | 0 | **1.31x** | 954.27 | 1247.41 | 14.31 | +6.92 | **-2.46** | **+4.46** | **958.73** | 5.82 |
| 58 | 09-28 | 15:17:00 | -1 | LONG | at | pivot | 10.1 | +1.432 | -0.1975 | +1.235 | 0 | **1.31x** | 958.73 | 1253.24 | 14.38 | +17.95 | **-2.48** | **+15.47** | **974.20** | 5.82 |
| 59 | 09-28 | 15:18:25 | -1 | LONG | at | pivot | 8.7 | +1.418 | -0.1975 | +1.220 | 1 | **0.65x** | 958.73 | 626.62 | 7.19 | +8.88 | **-1.24** | **+7.65** | **981.85** | 5.82 |
| 60 | 09-28 | 16:31:00 | +1 | SHORT | wt | pivot | 19.2 | +2.218 | -0.1975 | +2.021 | 0 | **1.31x** | 981.85 | 1283.46 | 14.73 | +28.47 | **-2.53** | **+25.93** | **1007.78** | 5.82 |
| 61 | 09-28 | 20:56:10 | -1 | LONG | wt | pivot | 5.9 | +0.979 | -0.1975 | +0.782 | 0 | **1.31x** | 1007.78 | 1317.36 | 15.12 | +12.90 | **-2.60** | **+10.30** | **1018.08** | 5.82 |
| 62 | 09-28 | 21:56:10 | -1 | LONG | wt | pivot | 26.2 | +0.326 | -0.1975 | +0.129 | 0 | **1.31x** | 1018.08 | 1330.82 | 15.27 | +4.34 | **-2.63** | **+1.72** | **1019.79** | 5.82 |
| 63 | 09-29 | 00:34:00 | +1 | SHORT | wt | pivot | 23.8 | +1.393 | -0.1975 | +1.196 | 0 | **1.31x** | 1019.79 | 1333.06 | 15.30 | +18.57 | **-2.63** | **+15.94** | **1035.74** | 5.82 |
| 64 | 09-29 | 00:37:15 | +1 | SHORT | wt | pivot | 20.6 | +1.352 | -0.1975 | +1.155 | 1 | **0.65x** | 1019.79 | 666.53 | 7.65 | +9.01 | **-1.32** | **+7.70** | **1043.43** | 5.82 |
| 65 | 09-29 | 01:22:30 | -1 | LONG | wt | pivot | 0.7 | +0.480 | -0.1975 | +0.283 | 0 | **1.31x** | 1043.43 | 1363.97 | 15.65 | +6.55 | **-2.69** | **+3.86** | **1047.29** | 5.82 |
| 66 | 09-29 | 01:31:10 | -1 | LONG | wt | STOP | 0.9 | -0.950 | -0.1975 | -1.147 | 0 | **1.31x** | 1047.29 | 1369.01 | 15.71 | -13.01 | **-2.70** | **-15.71** | **1031.58** | 5.82 |
| 67 | 09-29 | 02:32:00 | -1 | LONG | at | pivot | 31.5 | +1.750 | -0.1975 | +1.552 | 0 | **1.31x** | 1031.58 | 1348.47 | 15.47 | +23.59 | **-2.66** | **+20.93** | **1052.51** | 5.82 |
| 68 | 09-29 | 05:28:25 | +1 | SHORT | wt | pivot | 8.1 | +1.462 | -0.1975 | +1.265 | 0 | **1.31x** | 1052.51 | 1375.83 | 15.79 | +20.12 | **-2.72** | **+17.40** | **1069.91** | 5.82 |
| 69 | 09-29 | 07:14:30 | +1 | SHORT | wt | pivot | 56.7 | +0.101 | -0.1975 | -0.096 | 0 | **1.31x** | 1069.91 | 1398.58 | 16.05 | +1.42 | **-2.76** | **-1.35** | **1068.57** | 5.82 |
| 70 | 09-29 | 09:26:00 | +1 | SHORT | wt | STOP | 9.8 | -0.950 | -0.1975 | -1.147 | 0 | **1.31x** | 1068.57 | 1396.82 | 16.03 | -13.27 | **-2.76** | **-16.03** | **1052.54** | 5.82 |
| 71 | 09-29 | 09:39:15 | +1 | SHORT | wt | STOP | 17.9 | -0.950 | -0.1975 | -1.147 | 0 | **1.31x** | 1052.54 | 1375.87 | 15.79 | -13.07 | **-2.72** | **-15.79** | **1036.75** | 5.82 |
| 72 | 09-29 | 11:36:00 | +1 | SHORT | wt | STOP | 16.5 | -0.950 | -0.1975 | -1.147 | 0 | **1.31x** | 1036.75 | 1355.23 | 15.55 | -12.87 | **-2.68** | **-15.55** | **1021.20** | 5.82 |
| 73 | 09-29 | 11:56:05 | +1 | SHORT | at | pivot | 12.7 | +0.772 | -0.1975 | +0.575 | 0 | **1.31x** | 1021.20 | 1334.90 | 15.32 | +10.31 | **-2.64** | **+7.67** | **1028.87** | 5.82 |
| 74 | 09-29 | 13:12:15 | +1 | SHORT | wt | pivot | 3.2 | +0.642 | -0.1975 | +0.445 | 0 | **1.31x** | 1028.87 | 1344.93 | 15.43 | +8.64 | **-2.66** | **+5.98** | **1034.86** | 5.82 |
| 75 | 09-29 | 15:06:40 | -1 | LONG | wt | pivot | 3.9 | +0.612 | -0.1975 | +0.414 | 0 | **1.31x** | 1034.86 | 1352.75 | 15.52 | +8.27 | **-2.67** | **+5.60** | **1040.46** | 5.82 |
| 76 | 09-29 | 15:10:15 | -1 | LONG | wt | pivot | 0.3 | +0.028 | -0.1975 | -0.170 | 1 | **0.65x** | 1034.86 | 676.38 | 7.76 | +0.19 | **-1.34** | **-1.15** | **1039.31** | 5.82 |
| 77 | 09-29 | 15:29:15 | -1 | LONG | wt | pivot | 3.9 | +0.594 | -0.1975 | +0.397 | 0 | **1.31x** | 1039.31 | 1358.58 | 15.59 | +8.07 | **-2.68** | **+5.39** | **1044.70** | 5.82 |
| 78 | 09-29 | 17:54:00 | -1 | LONG | wt | pivot | 7.2 | +1.562 | -0.1975 | +1.365 | 0 | **1.31x** | 1044.70 | 1365.62 | 15.67 | +21.34 | **-2.70** | **+18.64** | **1063.34** | 5.82 |
| 79 | 09-29 | 18:26:10 | +1 | SHORT | wt | pivot | 5.2 | +0.537 | -0.1975 | +0.339 | 0 | **1.31x** | 1063.34 | 1389.99 | 15.95 | +7.46 | **-2.75** | **+4.71** | **1068.06** | 5.82 |
| 80 | 09-29 | 18:44:55 | +1 | SHORT | wt | STOP | 16.2 | -0.950 | -0.1975 | -1.147 | 0 | **1.31x** | 1068.06 | 1396.15 | 16.02 | -13.26 | **-2.76** | **-16.02** | **1052.03** | 5.82 |
| 81 | 09-29 | 19:08:15 | +1 | SHORT | wt | pivot | 12.7 | +1.237 | -0.1975 | +1.040 | 0 | **1.31x** | 1052.03 | 1375.21 | 15.78 | +17.01 | **-2.72** | **+14.30** | **1066.33** | 5.82 |
| 82 | 09-29 | 23:40:10 | -1 | LONG | wt | pivot | 22.4 | +0.531 | -0.1975 | +0.333 | 0 | **1.31x** | 1066.33 | 1393.90 | 15.99 | +7.40 | **-2.75** | **+4.64** | **1070.97** | 5.82 |
| 83 | 09-29 | 23:44:30 | -1 | LONG | wt | pivot | 18.1 | +0.878 | -0.1975 | +0.681 | 1 | **0.65x** | 1066.33 | 696.95 | 8.00 | +6.12 | **-1.38** | **+4.75** | **1075.72** | 5.82 |
| 84 | 09-29 | 23:44:45 | -1 | LONG | wt | pivot | 17.8 | +0.895 | -0.1975 | +0.697 | 2 | **0.44x** | 1066.33 | 464.63 | 5.33 | +4.16 | **-0.92** | **+3.24** | **1078.96** | 5.82 |
| 85 | 09-30 | 03:20:55 | -1 | LONG | wt | pivot | 18.9 | +0.572 | -0.1975 | +0.375 | 0 | **1.31x** | 1078.96 | 1410.40 | 16.18 | +8.07 | **-2.79** | **+5.29** | **1084.25** | 5.82 |
| 86 | 09-30 | 03:55:50 | -1 | LONG | at | pivot | 9.8 | +0.731 | -0.1975 | +0.533 | 0 | **1.31x** | 1084.25 | 1417.32 | 16.26 | +10.36 | **-2.80** | **+7.56** | **1091.81** | 5.82 |
| 87 | 09-30 | 05:16:00 | -1 | LONG | wt | pivot | 30.5 | +1.599 | -0.1975 | +1.401 | 0 | **1.31x** | 1091.81 | 1427.20 | 16.38 | +22.82 | **-2.82** | **+20.00** | **1111.81** | 5.82 |
| 88 | 09-30 | 06:16:50 | -1 | LONG | wt | pivot | 46.2 | +0.344 | -0.1975 | +0.147 | 0 | **1.31x** | 1111.81 | 1453.35 | 16.68 | +5.00 | **-2.87** | **+2.13** | **1113.94** | 5.82 |
| 89 | 09-30 | 06:28:10 | -1 | LONG | wt | pivot | 34.9 | +0.239 | -0.1975 | +0.041 | 1 | **0.65x** | 1111.81 | 726.67 | 8.34 | +1.74 | **-1.44** | **+0.30** | **1114.24** | 5.82 |
| 90 | 09-30 | 06:28:25 | -1 | LONG | wt | pivot | 34.7 | +0.131 | -0.1975 | -0.067 | 2 | **0.44x** | 1111.81 | 484.45 | 5.56 | +0.63 | **-0.96** | **-0.32** | **1113.92** | 5.82 |
| 91 | 09-30 | 10:40:10 | +1 | SHORT | wt | pivot | 40.6 | +1.490 | -0.1975 | +1.293 | 0 | **1.31x** | 1113.92 | 1456.10 | 16.71 | +21.70 | **-2.88** | **+18.83** | **1132.74** | 5.82 |
| 92 | 09-30 | 16:49:00 | +1 | SHORT | wt | STOP | 19.2 | -0.950 | -0.1975 | -1.147 | 0 | **1.31x** | 1132.74 | 1480.71 | 16.99 | -14.07 | **-2.92** | **-16.99** | **1115.75** | 5.82 |
| 93 | 09-30 | 19:56:10 | -1 | LONG | wt | pivot | 29.7 | +1.202 | -0.1975 | +1.005 | 0 | **1.31x** | 1115.75 | 1458.50 | 16.74 | +17.54 | **-2.88** | **+14.66** | **1130.41** | 5.82 |
| 94 | 09-30 | 22:36:30 | +1 | SHORT | wt | pivot | 35.4 | +0.522 | -0.1975 | +0.325 | 0 | **1.31x** | 1130.41 | 1477.66 | 16.96 | +7.72 | **-2.92** | **+4.80** | **1135.21** | 5.82 |
| 95 | 09-30 | 23:24:00 | +1 | SHORT | wt | pivot | 47.1 | +1.078 | -0.1975 | +0.881 | 0 | **1.31x** | 1135.21 | 1483.93 | 17.03 | +16.00 | **-2.93** | **+13.07** | **1148.28** | 5.82 |
| 96 | 10-01 | 01:20:10 | +1 | SHORT | wt | pivot | 43.9 | +0.948 | -0.1975 | +0.750 | 0 | **1.31x** | 1148.28 | 1501.02 | 17.22 | +14.22 | **-2.96** | **+11.26** | **1159.54** | 5.82 |
| 97 | 10-01 | 01:24:30 | +1 | SHORT | wt | pivot | 39.6 | +1.250 | -0.1975 | +1.053 | 1 | **0.65x** | 1148.28 | 750.51 | 8.61 | +9.39 | **-1.48** | **+7.90** | **1167.44** | 5.82 |
| 98 | 10-01 | 02:58:15 | +1 | SHORT | at | pivot | 33.8 | +0.612 | -0.1975 | +0.414 | 0 | **1.31x** | 1167.44 | 1526.07 | 17.51 | +9.34 | **-3.01** | **+6.32** | **1173.76** | 5.82 |
| 99 | 10-01 | 04:22:15 | -1 | LONG | wt | pivot | 24.8 | +0.838 | -0.1975 | +0.640 | 0 | **1.31x** | 1173.76 | 1534.33 | 17.61 | +12.86 | **-3.03** | **+9.83** | **1183.59** | 5.82 |
| 100 | 10-01 | 05:57:00 | +1 | SHORT | at | pivot | 45.6 | +0.158 | -0.1975 | -0.040 | 0 | **1.31x** | 1183.59 | 1547.18 | 17.75 | +2.44 | **-3.06** | **-0.61** | **1182.98** | 5.82 |
| 101 | 10-01 | 05:59:25 | +1 | SHORT | at | pivot | 43.2 | +0.218 | -0.1975 | +0.021 | 1 | **0.65x** | 1183.59 | 773.59 | 8.88 | +1.69 | **-1.53** | **+0.16** | **1183.14** | 5.82 |
| 102 | 10-01 | 07:30:10 | -1 | LONG | wt | pivot | 5.2 | +0.951 | -0.1975 | +0.753 | 0 | **1.31x** | 1183.14 | 1546.59 | 17.75 | +14.70 | **-3.05** | **+11.65** | **1194.79** | 5.82 |
| 103 | 10-01 | 08:12:00 | -1 | LONG | at | pivot | 15.4 | +0.597 | -0.1975 | +0.400 | 0 | **1.31x** | 1194.79 | 1561.81 | 17.92 | +9.32 | **-3.08** | **+6.24** | **1201.03** | 5.82 |
| 104 | 10-01 | 08:15:40 | -1 | LONG | wt | pivot | 11.8 | +0.679 | -0.1975 | +0.481 | 1 | **0.65x** | 1194.79 | 780.91 | 8.96 | +5.30 | **-1.54** | **+3.76** | **1204.78** | 5.82 |
| 105 | 10-01 | 10:07:25 | -1 | LONG | wt | pivot | 1.6 | +0.458 | -0.1975 | +0.260 | 0 | **1.31x** | 1204.78 | 1574.88 | 18.07 | +7.21 | **-3.11** | **+4.09** | **1208.88** | 5.82 |
| 106 | 10-01 | 14:48:10 | -1 | LONG | wt | pivot | 17.2 | +0.569 | -0.1975 | +0.372 | 0 | **1.31x** | 1208.88 | 1580.23 | 18.13 | +9.00 | **-3.12** | **+5.88** | **1214.75** | 5.82 |
| 107 | 10-01 | 14:50:15 | -1 | LONG | wt | pivot | 15.2 | +0.533 | -0.1975 | +0.335 | 1 | **0.65x** | 1208.88 | 790.12 | 9.07 | +4.21 | **-1.56** | **+2.65** | **1217.40** | 5.82 |
| 108 | 10-01 | 16:58:55 | -1 | LONG | wt | pivot | 31.9 | +3.571 | -0.1975 | +3.373 | 0 | **1.31x** | 1217.40 | 1591.38 | 18.26 | +56.83 | **-3.14** | **+53.69** | **1271.09** | 5.82 |
| 109 | 10-01 | 17:20:10 | +1 | SHORT | wt | pivot | 12.4 | +0.010 | -0.1975 | -0.188 | 1 | **0.65x** | 1217.40 | 795.69 | 9.13 | +0.08 | **-1.57** | **-1.49** | **1269.60** | 5.82 |
| 110 | 10-01 | 17:24:20 | +1 | SHORT | wt | pivot | 8.2 | +0.042 | -0.1975 | -0.156 | 2 | **0.44x** | 1217.40 | 530.46 | 6.09 | +0.22 | **-1.05** | **-0.83** | **1268.77** | 5.82 |
| 111 | 10-01 | 19:32:00 | -1 | LONG | wt | pivot | 19.9 | +1.938 | -0.1975 | +1.740 | 0 | **1.31x** | 1268.77 | 1658.52 | 19.03 | +32.14 | **-3.28** | **+28.87** | **1297.64** | 5.82 |
| 112 | 10-01 | 20:04:10 | +1 | SHORT | wt | pivot | 38.1 | +1.145 | -0.1975 | +0.948 | 0 | **1.31x** | 1297.64 | 1696.26 | 19.46 | +19.43 | **-3.35** | **+16.08** | **1313.72** | 5.82 |
| 113 | 10-02 | 00:18:00 | +1 | SHORT | wt | pivot | 64.7 | +1.248 | -0.1975 | +1.051 | 0 | **1.31x** | 1313.72 | 1717.28 | 19.71 | +21.43 | **-3.39** | **+18.04** | **1331.76** | 5.82 |
| 114 | 10-02 | 00:21:20 | +1 | SHORT | wt | pivot | 61.3 | +1.364 | -0.1975 | +1.167 | 1 | **0.65x** | 1313.72 | 858.64 | 9.85 | +11.71 | **-1.70** | **+10.02** | **1341.78** | 5.82 |
| 115 | 10-02 | 00:50:55 | +1 | SHORT | wt | pivot | 31.8 | +1.548 | -0.1975 | +1.351 | 2 | **0.44x** | 1313.72 | 572.43 | 6.57 | +8.86 | **-1.13** | **+7.73** | **1349.51** | 5.82 |
| 116 | 10-02 | 01:45:05 | -1 | LONG | wt | pivot | 25.2 | +1.712 | -0.1975 | +1.515 | 0 | **1.31x** | 1349.51 | 1764.06 | 20.24 | +30.21 | **-3.48** | **+26.72** | **1376.23** | 5.82 |
| 117 | 10-02 | 02:11:35 | +1 | SHORT | wt | pivot | 13.3 | +0.870 | -0.1975 | +0.672 | 0 | **1.31x** | 1376.23 | 1798.99 | 20.64 | +15.65 | **-3.55** | **+12.09** | **1388.32** | 5.82 |
| 118 | 10-02 | 02:52:40 | +1 | SHORT | wt | pivot | 45.1 | +0.700 | -0.1975 | +0.502 | 0 | **1.31x** | 1388.32 | 1814.80 | 20.82 | +12.70 | **-3.58** | **+9.12** | **1397.44** | 5.82 |
| 119 | 10-02 | 03:03:45 | +1 | SHORT | wt | pivot | 34.0 | +0.815 | -0.1975 | +0.617 | 1 | **0.65x** | 1388.32 | 907.40 | 10.41 | +7.39 | **-1.79** | **+5.60** | **1403.05** | 5.82 |
| 120 | 10-02 | 04:53:45 | +1 | SHORT | at | pivot | 28.0 | +1.668 | -0.1975 | +1.471 | 0 | **1.31x** | 1403.05 | 1834.05 | 21.05 | +30.60 | **-3.62** | **+26.97** | **1430.02** | 5.82 |
| 121 | 10-02 | 05:37:25 | +1 | SHORT | at | pivot | 2.6 | +1.013 | -0.1975 | +0.815 | 0 | **1.31x** | 1430.02 | 1869.31 | 21.45 | +18.93 | **-3.69** | **+15.24** | **1445.26** | 5.82 |
| 122 | 10-02 | 05:39:20 | +1 | SHORT | wt | pivot | 0.7 | +0.399 | -0.1975 | +0.201 | 1 | **0.65x** | 1430.02 | 934.65 | 10.73 | +3.73 | **-1.85** | **+1.88** | **1447.14** | 5.82 |
| 123 | 10-02 | 08:00:50 | +1 | SHORT | wt | pivot | 14.0 | +0.251 | -0.1975 | +0.053 | 0 | **1.31x** | 1447.14 | 1891.69 | 21.71 | +4.74 | **-3.74** | **+1.01** | **1448.15** | 5.82 |
| 124 | 10-02 | 08:40:10 | +1 | SHORT | wt | pivot | 24.3 | +0.802 | -0.1975 | +0.604 | 0 | **1.31x** | 1448.15 | 1893.01 | 21.72 | +15.18 | **-3.74** | **+11.44** | **1459.59** | 5.82 |
| 125 | 10-02 | 11:56:35 | -1 | LONG | wt | pivot | 34.8 | +2.631 | -0.1975 | +2.434 | 0 | **1.31x** | 1459.59 | 1907.96 | 21.89 | +50.20 | **-3.77** | **+46.44** | **1506.02** | 5.82 |
| 126 | 10-02 | 16:43:15 | -1 | LONG | wt | pivot | 2.9 | +0.761 | -0.1975 | +0.563 | 0 | **1.31x** | 1506.02 | 1968.66 | 22.59 | +14.98 | **-3.89** | **+11.09** | **1517.11** | 5.82 |
| 127 | 10-02 | 17:00:10 | -1 | LONG | wt | STOP | 15.8 | -0.950 | -0.1975 | -1.147 | 0 | **1.31x** | 1517.11 | 1983.16 | 22.76 | -18.84 | **-3.92** | **-22.76** | **1494.36** | 5.82 |
| 128 | 10-02 | 17:18:00 | -1 | LONG | wt | STOP | 21.6 | -0.950 | -0.1975 | -1.147 | 0 | **1.31x** | 1494.36 | 1953.41 | 22.42 | -18.56 | **-3.86** | **-22.42** | **1471.94** | 5.82 |
| 129 | 10-02 | 17:33:00 | -1 | LONG | at | STOP | 6.9 | -0.950 | -0.1975 | -1.147 | 1 | **0.65x** | 1494.36 | 976.70 | 11.21 | -9.28 | **-1.93** | **-11.21** | **1460.73** | 5.82 |
| 130 | 10-02 | 17:44:35 | -1 | LONG | at | pivot | 5.3 | +0.830 | -0.1975 | +0.633 | 0 | **1.31x** | 1460.73 | 1909.46 | 21.91 | +15.86 | **-3.77** | **+12.08** | **1472.82** | 5.82 |
| 131 | 10-02 | 18:11:30 | -1 | LONG | at | STOP | 7.4 | -0.950 | -0.1975 | -1.147 | 0 | **1.31x** | 1472.82 | 1925.25 | 22.09 | -18.29 | **-3.80** | **-22.09** | **1450.73** | 5.82 |
| 132 | 10-02 | 18:28:45 | -1 | LONG | at | STOP | 6.2 | -0.950 | -0.1975 | -1.147 | 0 | **1.31x** | 1450.73 | 1896.37 | 21.76 | -18.02 | **-3.75** | **-21.76** | **1428.97** | 5.82 |
| 133 | 10-02 | 18:34:00 | -1 | LONG | at | STOP | 1.3 | -0.950 | -0.1975 | -1.147 | 1 | **0.65x** | 1450.73 | 948.19 | 10.88 | -9.01 | **-1.87** | **-10.88** | **1418.09** | 6.53 |
| 134 | 10-02 | 18:42:50 | -1 | LONG | at | pivot | 0.2 | +0.208 | -0.1975 | +0.010 | 0 | **1.31x** | 1418.09 | 1853.71 | 21.27 | +3.85 | **-3.66** | **+0.19** | **1418.27** | 6.53 |
| 135 | 10-02 | 21:41:30 | +1 | SHORT | wt | pivot | 9.2 | +0.562 | -0.1975 | +0.364 | 0 | **1.31x** | 1418.27 | 1853.95 | 21.27 | +10.42 | **-3.66** | **+6.76** | **1425.03** | 6.53 |
| 136 | 10-02 | 23:28:05 | +1 | SHORT | wt | STOP | 18.5 | -0.950 | -0.1975 | -1.147 | 0 | **1.31x** | 1425.03 | 1862.78 | 21.38 | -17.70 | **-3.68** | **-21.38** | **1403.65** | 7.48 |
| 137 | 10-02 | 23:54:15 | +1 | SHORT | wt | pivot | 14.0 | +0.543 | -0.1975 | +0.345 | 0 | **1.31x** | 1403.65 | 1834.84 | 21.05 | +9.96 | **-3.62** | **+6.34** | **1409.99** | 7.48 |
| 138 | 10-03 | 02:34:45 | -1 | LONG | wt | pivot | 79.7 | +0.485 | -0.1975 | +0.287 | 0 | **1.31x** | 1409.99 | 1843.13 | 21.15 | +8.93 | **-3.64** | **+5.29** | **1415.28** | 7.48 |
| 139 | 10-03 | 02:54:00 | -1 | LONG | wt | pivot | 60.4 | +0.756 | -0.1975 | +0.559 | 1 | **0.65x** | 1409.99 | 921.56 | 10.57 | +6.97 | **-1.82** | **+5.15** | **1420.43** | 7.48 |
| 140 | 10-03 | 02:56:10 | -1 | LONG | wt | pivot | 58.2 | +0.841 | -0.1975 | +0.643 | 2 | **0.44x** | 1409.99 | 614.38 | 7.05 | +5.17 | **-1.21** | **+3.95** | **1424.38** | 7.48 |
| 141 | 10-03 | 04:12:40 | -1 | LONG | wt | STOP | 51.2 | -0.950 | -0.1975 | -1.147 | 0 | **1.31x** | 1424.38 | 1861.94 | 21.37 | -17.69 | **-3.68** | **-21.37** | **1403.02** | 7.52 |
| 142 | 10-03 | 05:04:45 | -1 | LONG | wt | pivot | 22.8 | +0.918 | -0.1975 | +0.721 | 0 | **1.31x** | 1403.02 | 1834.01 | 21.05 | +16.84 | **-3.62** | **+13.22** | **1416.24** | 7.52 |
| 143 | 10-03 | 05:06:10 | -1 | LONG | wt | pivot | 21.4 | +0.864 | -0.1975 | +0.667 | 1 | **0.65x** | 1403.02 | 917.01 | 10.52 | +7.93 | **-1.81** | **+6.12** | **1422.35** | 7.52 |
| 144 | 10-03 | 05:31:10 | +1 | SHORT | wt | pivot | 152.3 | +2.116 | -0.1975 | +1.918 | 0 | **1.31x** | 1422.35 | 1859.28 | 21.34 | +39.34 | **-3.67** | **+35.67** | **1458.02** | 7.52 |
| 145 | 10-03 | 07:45:55 | -1 | LONG | wt | pivot | 33.6 | +0.778 | -0.1975 | +0.581 | 1 | **0.65x** | 1422.35 | 929.64 | 10.67 | +7.24 | **-1.84** | **+5.40** | **1463.42** | 7.52 |
| 146 | 10-03 | 09:14:05 | +1 | SHORT | wt | STOP | 51.6 | -0.950 | -0.1975 | -1.147 | 0 | **1.31x** | 1463.42 | 1912.97 | 21.95 | -18.17 | **-3.78** | **-21.95** | **1441.47** | 7.52 |
| 147 | 10-03 | 10:08:00 | +1 | SHORT | wt | pivot | 78.8 | +0.551 | -0.1975 | +0.353 | 0 | **1.31x** | 1441.47 | 1884.27 | 21.62 | +10.38 | **-3.72** | **+6.66** | **1448.13** | 7.52 |
| 148 | 10-03 | 10:48:00 | +1 | SHORT | wt | pivot | 38.8 | +0.915 | -0.1975 | +0.717 | 1 | **0.65x** | 1441.47 | 942.14 | 10.81 | +8.62 | **-1.86** | **+6.76** | **1454.88** | 7.52 |
| 149 | 10-03 | 11:37:40 | +1 | SHORT | wt | pivot | 66.4 | +1.323 | -0.1975 | +1.126 | 0 | **1.31x** | 1454.88 | 1901.81 | 21.82 | +25.17 | **-3.76** | **+21.41** | **1476.30** | 7.52 |
| 150 | 10-03 | 14:30:10 | +1 | SHORT | wt | pivot | 6.4 | +0.671 | -0.1975 | +0.473 | 0 | **1.31x** | 1476.30 | 1929.80 | 22.14 | +12.95 | **-3.81** | **+9.13** | **1485.43** | 7.52 |
| 151 | 10-03 | 17:15:00 | +1 | SHORT | wt | pivot | 71.0 | +1.242 | -0.1975 | +1.044 | 0 | **1.31x** | 1485.43 | 1941.74 | 22.28 | +24.12 | **-3.83** | **+20.28** | **1505.71** | 7.52 |
| 152 | 10-03 | 21:07:05 | -1 | LONG | wt | pivot | 193.0 | +0.428 | -0.1975 | +0.230 | 0 | **1.31x** | 1505.71 | 1968.25 | 22.59 | +8.42 | **-3.89** | **+4.53** | **1510.24** | 7.52 |
| 153 | 10-03 | 21:09:50 | -1 | LONG | wt | pivot | 190.2 | +0.413 | -0.1975 | +0.216 | 1 | **0.65x** | 1505.71 | 984.13 | 11.29 | +4.07 | **-1.94** | **+2.12** | **1512.36** | 7.52 |
| 154 | 10-03 | 22:26:55 | -1 | LONG | wt | pivot | 113.2 | +0.664 | -0.1975 | +0.467 | 2 | **0.44x** | 1505.71 | 656.08 | 7.53 | +4.36 | **-1.30** | **+3.06** | **1515.43** | 7.52 |
| 155 | 10-03 | 23:06:00 | -1 | LONG | at | pivot | 74.1 | +0.689 | -0.1975 | +0.491 | 3 | **0.33x** | 1505.71 | 492.06 | 5.65 | +3.39 | **-0.97** | **+2.42** | **1517.84** | 7.52 |

## SUMMARY
| sizing mode | trades | start $ | final $ | return % | max DD % | peak lev | min lev | mean lev | worst trade $ | best trade $ |
|---|---|---|---|---|---|---|---|---|---|---|
| shared budget | 155 | 888.00 | **1517.84** | **+70.93** | 7.52 | 1.31x | 0.33x | 1.11x | -22.76 | +53.69 |
| constant per leg | 155 | 888.00 | **1677.95** | **+88.96** | 8.89 | 1.31x | 1.31x | 1.31x | -24.75 | +57.14 |

## PER DAY — shared budget, sliced by the LAST CLOSE on that day (not the open day)
| day | trades | equity close $ | day P&L $ | day % | DD so far % |
|---|---|---|---|---|---|
| 09-25 | 20 | 897.61 | +9.61 | +1.08 % | 5.82 |
| 09-26 | 13 | 920.79 | +23.18 | +2.58 % | 5.82 |
| 09-27 | 18 | 971.29 | +50.50 | +5.48 % | 5.82 |
| 09-28 | 11 | 1019.79 | +48.50 | +4.99 % | 5.82 |
| 09-29 | 22 | 1070.97 | +51.18 | +5.02 % | 5.82 |
| 09-30 | 11 | 1148.28 | +77.31 | +7.22 % | 5.82 |
| 10-01 | 17 | 1313.72 | +165.44 | +14.41 % | 5.82 |
| 10-02 | 25 | 1409.99 | +96.28 | +7.33 % | 7.48 |
| 10-03 | 18 | 1510.24 | +100.25 | +7.11 % | 7.52 |

## DRAG — what the round trip actually cost, read back from lazyg_compound_v095
| day | trades | notional traded $ | gross P&L $ | drag paid $ | net P&L $ | drag as % of gross |
|---|---|---|---|---|---|---|
| 09-25 | 20 | 19199.60 | +47.53 | **-37.92** | +9.61 | 79.8 % |
| 09-26 | 13 | 13860.74 | +50.56 | **-27.37** | +23.18 | 54.1 % |
| 09-27 | 18 | 19427.69 | +88.87 | **-38.37** | +50.50 | 43.2 % |
| 09-28 | 11 | 12667.70 | +73.52 | **-25.02** | +48.50 | 34.0 % |
| 09-29 | 22 | 27133.36 | +112.75 | **-53.59** | +59.17 | 47.5 % |
| 09-30 | 11 | 14276.29 | +97.51 | **-28.20** | +69.32 | 28.9 % |
| 10-01 | 17 | 21739.53 | +208.37 | **-42.94** | +165.44 | 20.6 % |
| 10-02 | 25 | 40730.74 | +176.72 | **-80.44** | +96.28 | 45.5 % |
| 10-03 | 18 | 25394.19 | +158.00 | **-50.15** | +107.85 | 31.7 % |
| **9 days** | 155 | **194429.85** | **+1013.84** | **-384.00** | **+629.84** | **37.9 %** |

- drag per trade: $2.48 mean, $0.57 min, $3.92 max (it is 0.1975 % of notional, so it grows with equity)
- drag as a share of the $629.84 account growth: 61.0 % — $384.00 paid to make $629.84

## WHAT THE DRAG COSTS COMPOUNDED — same trades, drag set to zero
| variant | final $ | return % | delta $ | delta pp |
|---|---|---|---|---|
| as traded, drag 0.1975 % | 1517.84 | +70.93 | +0.00 | +0.00 |
| drag 0.0000 % (no fees, no slippage) | 2128.25 | +139.67 | +610.40 | +68.74 |

## RISK BUDGET SWEEP — the one value I chose, so here is the curve around it
| risk per entry % | implied lev when alone | final $ shared | DD % shared | final $ constant | DD % constant |
|---|---|---|---|---|---|
| 0.5 | 0.44x | 1064.80 | 2.55 | 1102.26 | 3.03 |
| 1.0 | 0.87x | 1273.12 | 5.06 | 1362.69 | 5.99 |
| 1.5 | 1.31x | 1517.84 | 7.52 | 1677.95 | 8.89 |
| 2.0 | 1.74x | 1804.46 | 9.94 | 2058.00 | 11.73 |
| 3.0 | 2.61x | 2528.84 | 14.66 | 3059.91 | 17.22 |
| 5.0 | 4.36x | 4804.28 | 23.61 | 6462.20 | 27.47 |
| 8.0 | 6.97x | 11598.35 | 35.82 | 17748.48 | 41.13 |
| 10.0 | 8.71x | 19793.56 | 43.17 | 32378.17 | 49.16 |
