# BANKED: lazyg_compound — 302 rows written this run, 151 shared + 151 constant in the table
# config: dr-bias · stop 0.80% · swing 0.70% · cost 0.1975% · pyramid NO CAP · risk 2.0% · start $888.00
# max concurrent legs with the cap dropped: 4

## THE COMPLETE TABLE — shared budget, read back from lazyg_compound
| # | day | octo-sig | dr | side | grade | exit | hold min | gross % | drag % | net % | legs live | LEV | equity open $ | notional $ | risk $ | gross $ | drag $ | P&L $ | equity close $ | DD % |
|---|---|---|---|---|---|---|---|---|---|---|---|---|---|---|---|---|---|---|---|---|
| 1 | 09-25 | 02:12:10 | +1 | SHORT | wt | pivot | 41.9 | +2.531 | -0.1975 | +2.333 | 0 | **2.00x** | 888.00 | 1780.45 | 17.76 | +45.06 | **-3.52** | **+41.54** | **929.54** | 0.00 |
| 2 | 09-25 | 02:13:10 | +1 | SHORT | wt | pivot | 40.9 | +2.328 | -0.1975 | +2.130 | 1 | **1.00x** | 888.00 | 890.23 | 8.88 | +20.72 | **-1.76** | **+18.96** | **948.51** | 0.00 |
| 3 | 09-25 | 02:48:50 | -1 | LONG | wt | pivot | 19.3 | +0.508 | -0.1975 | +0.311 | 2 | **0.67x** | 888.00 | 593.48 | 5.92 | +3.02 | **-1.17** | **+1.84** | **950.35** | 0.00 |
| 4 | 09-25 | 02:50:45 | -1 | LONG | wt | pivot | 17.4 | +0.708 | -0.1975 | +0.510 | 3 | **0.50x** | 888.00 | 445.11 | 4.44 | +3.15 | **-0.88** | **+2.27** | **952.62** | 0.00 |
| 5 | 09-25 | 03:32:35 | -1 | LONG | wt | pivot | 68.7 | +1.188 | -0.1975 | +0.991 | 0 | **2.00x** | 952.62 | 1910.02 | 19.05 | +22.70 | **-3.77** | **+18.93** | **971.55** | 0.00 |
| 6 | 09-25 | 07:59:20 | +1 | SHORT | wt | STOP | 20.7 | -0.800 | -0.1975 | -0.998 | 0 | **2.00x** | 971.55 | 1947.97 | 19.43 | -15.58 | **-3.85** | **-19.43** | **942.40** | 3.00 |
| 7 | 09-25 | 08:06:10 | +1 | SHORT | wt | STOP | 11.0 | -0.800 | -0.1975 | -0.998 | 1 | **1.00x** | 971.55 | 973.98 | 9.72 | -7.79 | **-1.92** | **-9.72** | **961.83** | 1.00 |
| 8 | 09-25 | 08:26:10 | +1 | SHORT | wt | STOP | 11.3 | -0.800 | -0.1975 | -0.998 | 0 | **2.00x** | 942.40 | 1889.53 | 18.85 | -15.12 | **-3.73** | **-18.85** | **923.55** | 4.94 |
| 9 | 09-25 | 08:39:00 | +1 | SHORT | at | pivot | 11.2 | +1.039 | -0.1975 | +0.842 | 0 | **2.00x** | 923.55 | 1851.74 | 18.47 | +19.24 | **-3.66** | **+15.59** | **939.14** | 4.94 |
| 10 | 09-25 | 08:40:50 | +1 | SHORT | at | pivot | 9.3 | +0.957 | -0.1975 | +0.759 | 1 | **1.00x** | 923.55 | 925.87 | 9.24 | +8.86 | **-1.83** | **+7.03** | **946.17** | 4.94 |
| 11 | 09-25 | 09:32:00 | +1 | SHORT | at | pivot | 32.1 | +1.571 | -0.1975 | +1.373 | 0 | **2.00x** | 946.17 | 1897.09 | 18.92 | +29.80 | **-3.75** | **+26.05** | **972.23** | 4.94 |
| 12 | 09-25 | 10:45:15 | +1 | SHORT | at | STOP | 21.6 | -0.800 | -0.1975 | -0.998 | 0 | **2.00x** | 972.23 | 1949.32 | 19.44 | -15.59 | **-3.85** | **-19.44** | **952.78** | 4.94 |
| 13 | 09-25 | 11:28:15 | +1 | SHORT | at | pivot | 0.1 | +0.078 | -0.1975 | -0.120 | 0 | **2.00x** | 952.78 | 1910.34 | 19.06 | +1.48 | **-3.77** | **-2.29** | **950.49** | 4.94 |
| 14 | 09-25 | 15:40:55 | -1 | LONG | wt | pivot | 0.1 | +0.107 | -0.1975 | -0.091 | 0 | **2.00x** | 950.49 | 1905.74 | 19.01 | +2.04 | **-3.76** | **-1.73** | **948.76** | 4.94 |
| 15 | 09-25 | 18:04:35 | +1 | SHORT | wt | STOP | 5.6 | -0.800 | -0.1975 | -0.998 | 0 | **2.00x** | 948.76 | 1902.28 | 18.98 | -15.22 | **-3.76** | **-18.98** | **929.79** | 4.94 |
| 16 | 09-25 | 18:06:15 | +1 | SHORT | wt | STOP | 4.0 | -0.800 | -0.1975 | -0.998 | 1 | **1.00x** | 948.76 | 951.14 | 9.49 | -7.61 | **-1.88** | **-9.49** | **920.30** | 5.34 |
| 17 | 09-25 | 20:10:50 | +1 | SHORT | wt | STOP | 8.4 | -0.800 | -0.1975 | -0.998 | 0 | **2.00x** | 920.30 | 1845.21 | 18.41 | -14.76 | **-3.64** | **-18.41** | **901.89** | 7.23 |
| 18 | 09-25 | 20:36:00 | +1 | SHORT | at | pivot | 8.3 | +0.431 | -0.1975 | +0.234 | 0 | **2.00x** | 901.89 | 1808.31 | 18.04 | +7.79 | **-3.57** | **+4.22** | **906.12** | 7.23 |
| 19 | 09-25 | 20:36:15 | +1 | SHORT | at | pivot | 8.1 | +0.486 | -0.1975 | +0.288 | 1 | **1.00x** | 901.89 | 904.15 | 9.02 | +4.39 | **-1.79** | **+2.61** | **908.72** | 7.23 |
| 20 | 09-25 | 22:36:15 | +1 | SHORT | at | pivot | 89.0 | +0.704 | -0.1975 | +0.506 | 0 | **2.00x** | 908.72 | 1822.00 | 18.17 | +12.82 | **-3.60** | **+9.22** | **917.95** | 7.23 |
| 21 | 09-26 | 01:30:00 | -1 | LONG | wt | pivot | 16.8 | +1.236 | -0.1975 | +1.038 | 0 | **2.00x** | 917.95 | 1840.50 | 18.36 | +22.74 | **-3.63** | **+19.10** | **937.05** | 7.23 |
| 22 | 09-26 | 03:32:15 | +1 | SHORT | wt | pivot | 20.1 | +1.114 | -0.1975 | +0.916 | 0 | **2.00x** | 937.05 | 1878.80 | 18.74 | +20.92 | **-3.71** | **+17.21** | **954.26** | 7.23 |
| 23 | 09-26 | 05:15:35 | -1 | LONG | wt | pivot | 25.7 | +0.054 | -0.1975 | -0.143 | 0 | **2.00x** | 954.26 | 1913.31 | 19.09 | +1.04 | **-3.78** | **-2.74** | **951.52** | 7.23 |
| 24 | 09-26 | 05:38:05 | -1 | LONG | at | pivot | 3.2 | +0.562 | -0.1975 | +0.365 | 1 | **1.00x** | 954.26 | 956.65 | 9.54 | +5.38 | **-1.89** | **+3.49** | **955.01** | 7.23 |
| 25 | 09-26 | 11:21:40 | +1 | SHORT | wt | pivot | 50.4 | +0.849 | -0.1975 | +0.652 | 0 | **2.00x** | 955.01 | 1914.81 | 19.10 | +16.26 | **-3.78** | **+12.48** | **967.49** | 7.23 |
| 26 | 09-26 | 14:26:00 | +1 | SHORT | wt | STOP | 13.2 | -0.800 | -0.1975 | -0.998 | 0 | **2.00x** | 967.49 | 1939.84 | 19.35 | -15.52 | **-3.83** | **-19.35** | **948.14** | 7.23 |
| 27 | 09-26 | 15:16:00 | +1 | SHORT | at | pivot | 33.7 | +0.918 | -0.1975 | +0.720 | 0 | **2.00x** | 948.14 | 1901.04 | 18.96 | +17.45 | **-3.75** | **+13.69** | **961.84** | 7.23 |
| 28 | 09-26 | 18:01:10 | -1 | LONG | wt | pivot | 3.5 | +0.646 | -0.1975 | +0.449 | 0 | **2.00x** | 961.84 | 1928.49 | 19.24 | +12.46 | **-3.81** | **+8.65** | **970.49** | 7.23 |
| 29 | 09-26 | 18:18:00 | -1 | LONG | wt | pivot | 47.9 | +0.241 | -0.1975 | +0.044 | 0 | **2.00x** | 970.49 | 1945.84 | 19.41 | +4.70 | **-3.84** | **+0.85** | **971.34** | 7.23 |
| 30 | 09-26 | 18:42:05 | -1 | LONG | wt | pivot | 23.8 | +0.545 | -0.1975 | +0.348 | 1 | **1.00x** | 970.49 | 972.92 | 9.70 | +5.31 | **-1.92** | **+3.39** | **974.72** | 7.23 |
| 31 | 09-26 | 19:34:00 | -1 | LONG | wt | STOP | 35.2 | -0.800 | -0.1975 | -0.998 | 0 | **2.00x** | 974.72 | 1954.33 | 19.49 | -15.63 | **-3.86** | **-19.49** | **955.23** | 7.23 |
| 32 | 09-26 | 20:10:50 | -1 | LONG | wt | pivot | 19.8 | +0.495 | -0.1975 | +0.298 | 0 | **2.00x** | 955.23 | 1915.25 | 19.10 | +9.49 | **-3.78** | **+5.71** | **960.94** | 7.23 |
| 33 | 09-26 | 20:45:30 | -1 | LONG | wt | STOP | 1.9 | -0.800 | -0.1975 | -0.998 | 0 | **2.00x** | 960.94 | 1926.69 | 19.22 | -15.41 | **-3.81** | **-19.22** | **941.72** | 7.23 |
| 34 | 09-27 | 01:06:35 | -1 | LONG | wt | pivot | 9.9 | +0.643 | -0.1975 | +0.445 | 0 | **2.00x** | 941.72 | 1888.16 | 18.83 | +12.13 | **-3.73** | **+8.40** | **950.12** | 7.23 |
| 35 | 09-27 | 01:58:40 | +1 | SHORT | wt | pivot | 124.6 | +1.326 | -0.1975 | +1.129 | 0 | **2.00x** | 950.12 | 1905.01 | 19.00 | +25.27 | **-3.76** | **+21.51** | **971.63** | 7.23 |
| 36 | 09-27 | 04:04:30 | -1 | LONG | wt | pivot | 8.6 | +0.498 | -0.1975 | +0.301 | 0 | **2.00x** | 971.63 | 1948.13 | 19.43 | +9.71 | **-3.85** | **+5.86** | **977.49** | 7.23 |
| 37 | 09-27 | 04:30:00 | -1 | LONG | wt | pivot | 79.3 | +2.027 | -0.1975 | +1.829 | 0 | **2.00x** | 977.49 | 1959.88 | 19.55 | +39.73 | **-3.87** | **+35.86** | **1013.35** | 7.23 |
| 38 | 09-27 | 04:32:15 | -1 | LONG | wt | pivot | 77.1 | +2.030 | -0.1975 | +1.832 | 1 | **1.00x** | 977.49 | 979.94 | 9.77 | +19.89 | **-1.94** | **+17.96** | **1031.30** | 7.23 |
| 39 | 09-27 | 06:16:40 | +1 | SHORT | wt | pivot | 50.2 | +0.592 | -0.1975 | +0.395 | 0 | **2.00x** | 1031.30 | 2067.77 | 20.63 | +12.25 | **-4.08** | **+8.17** | **1039.47** | 7.23 |
| 40 | 09-27 | 07:16:15 | +1 | SHORT | wt | STOP | 16.8 | -0.800 | -0.1975 | -0.998 | 0 | **2.00x** | 1039.47 | 2084.14 | 20.79 | -16.67 | **-4.12** | **-20.79** | **1018.68** | 7.23 |
| 41 | 09-27 | 07:34:00 | +1 | SHORT | at | STOP | 22.7 | -0.800 | -0.1975 | -0.998 | 0 | **2.00x** | 1018.68 | 2042.46 | 20.37 | -16.34 | **-4.03** | **-20.37** | **988.12** | 7.23 |
| 42 | 09-27 | 07:39:50 | +1 | SHORT | at | STOP | 16.8 | -0.800 | -0.1975 | -0.998 | 1 | **1.00x** | 1018.68 | 1021.23 | 10.19 | -8.17 | **-2.02** | **-10.19** | **1008.49** | 7.23 |
| 43 | 09-27 | 07:58:20 | +1 | SHORT | at | pivot | 72.4 | +1.498 | -0.1975 | +1.300 | 0 | **2.00x** | 988.12 | 1981.19 | 19.76 | +29.67 | **-3.91** | **+25.76** | **1013.88** | 7.23 |
| 44 | 09-27 | 12:10:30 | +1 | SHORT | wt | pivot | 15.3 | +0.761 | -0.1975 | +0.564 | 0 | **2.00x** | 1013.88 | 2032.84 | 20.28 | +15.48 | **-4.01** | **+11.46** | **1025.34** | 7.23 |
| 45 | 09-27 | 14:28:55 | -1 | LONG | wt | pivot | 5.5 | +0.594 | -0.1975 | +0.396 | 0 | **2.00x** | 1025.34 | 2055.82 | 20.51 | +12.21 | **-4.06** | **+8.15** | **1033.49** | 7.23 |
| 46 | 09-27 | 17:52:25 | +1 | SHORT | wt | STOP | 24.1 | -0.800 | -0.1975 | -0.998 | 0 | **2.00x** | 1033.49 | 2072.16 | 20.67 | -16.58 | **-4.09** | **-20.67** | **1012.82** | 7.23 |
| 47 | 09-27 | 18:18:35 | +1 | SHORT | wt | pivot | 49.5 | +0.245 | -0.1975 | +0.047 | 0 | **2.00x** | 1012.82 | 2030.71 | 20.26 | +4.97 | **-4.01** | **+0.96** | **1013.78** | 7.23 |
| 48 | 09-27 | 18:54:00 | +1 | SHORT | wt | pivot | 14.1 | +0.743 | -0.1975 | +0.546 | 1 | **1.00x** | 1012.82 | 1015.36 | 10.13 | +7.55 | **-2.01** | **+5.54** | **1019.32** | 7.23 |
| 49 | 09-27 | 21:38:30 | -1 | LONG | wt | pivot | 14.8 | +1.404 | -0.1975 | +1.207 | 0 | **2.00x** | 1019.32 | 2043.75 | 20.39 | +28.70 | **-4.04** | **+24.66** | **1043.98** | 7.23 |
| 50 | 09-27 | 21:38:45 | -1 | LONG | wt | pivot | 14.5 | +1.417 | -0.1975 | +1.219 | 1 | **1.00x** | 1019.32 | 1021.88 | 10.19 | +14.47 | **-2.02** | **+12.46** | **1056.44** | 7.23 |
| 51 | 09-27 | 22:06:00 | -1 | LONG | wt | STOP | 2.5 | -0.800 | -0.1975 | -0.998 | 0 | **2.00x** | 1056.44 | 2118.18 | 21.13 | -16.95 | **-4.18** | **-21.13** | **1035.31** | 7.23 |
| 52 | 09-28 | 02:51:35 | -1 | LONG | at | STOP | 7.8 | -0.800 | -0.1975 | -0.998 | 0 | **2.00x** | 1035.31 | 2075.81 | 20.71 | -16.61 | **-4.10** | **-20.71** | **1014.61** | 7.23 |
| 53 | 09-28 | 03:05:00 | -1 | LONG | at | STOP | 6.9 | -0.800 | -0.1975 | -0.998 | 0 | **2.00x** | 1014.61 | 2034.30 | 20.29 | -16.27 | **-4.02** | **-20.29** | **994.31** | 7.23 |
| 54 | 09-28 | 03:10:05 | -1 | LONG | at | STOP | 4.8 | -0.800 | -0.1975 | -0.998 | 1 | **1.00x** | 1014.61 | 1017.15 | 10.15 | -8.14 | **-2.01** | **-10.15** | **984.17** | 7.23 |
| 55 | 09-28 | 04:04:40 | -1 | LONG | at | pivot | 38.4 | +1.338 | -0.1975 | +1.141 | 0 | **2.00x** | 984.17 | 1973.27 | 19.68 | +26.41 | **-3.90** | **+22.51** | **1006.68** | 7.23 |
| 56 | 09-28 | 06:30:10 | -1 | LONG | wt | pivot | 16.2 | +0.611 | -0.1975 | +0.413 | 0 | **2.00x** | 1006.68 | 2018.40 | 20.13 | +12.33 | **-3.99** | **+8.34** | **1015.02** | 7.23 |
| 57 | 09-28 | 07:32:35 | -1 | LONG | wt | pivot | 16.2 | +0.555 | -0.1975 | +0.357 | 0 | **2.00x** | 1015.02 | 2035.12 | 20.30 | +11.29 | **-4.02** | **+7.27** | **1022.29** | 7.23 |
| 58 | 09-28 | 15:17:00 | -1 | LONG | at | pivot | 10.1 | +1.432 | -0.1975 | +1.235 | 0 | **2.00x** | 1022.29 | 2049.71 | 20.45 | +29.35 | **-4.05** | **+25.31** | **1047.60** | 7.23 |
| 59 | 09-28 | 15:18:25 | -1 | LONG | at | pivot | 8.7 | +1.418 | -0.1975 | +1.220 | 1 | **1.00x** | 1022.29 | 1024.85 | 10.22 | +14.53 | **-2.02** | **+12.51** | **1060.10** | 7.23 |
| 60 | 09-28 | 16:31:00 | +1 | SHORT | wt | pivot | 19.2 | +2.218 | -0.1975 | +2.021 | 0 | **2.00x** | 1060.10 | 2125.52 | 21.20 | +47.15 | **-4.20** | **+42.95** | **1103.05** | 7.23 |
| 61 | 09-28 | 20:56:10 | -1 | LONG | wt | pivot | 5.9 | +0.979 | -0.1975 | +0.782 | 0 | **2.00x** | 1103.05 | 2211.63 | 22.06 | +21.66 | **-4.37** | **+17.29** | **1120.34** | 7.23 |
| 62 | 09-28 | 21:56:10 | -1 | LONG | wt | pivot | 26.2 | +0.326 | -0.1975 | +0.129 | 0 | **2.00x** | 1120.34 | 2246.30 | 22.41 | +7.33 | **-4.44** | **+2.89** | **1123.24** | 7.23 |
| 63 | 09-29 | 00:34:00 | +1 | SHORT | wt | pivot | 23.8 | +1.393 | -0.1975 | +1.196 | 0 | **2.00x** | 1123.24 | 2252.10 | 22.46 | +31.38 | **-4.45** | **+26.93** | **1150.17** | 7.23 |
| 64 | 09-29 | 00:37:15 | +1 | SHORT | wt | pivot | 20.6 | +1.352 | -0.1975 | +1.155 | 1 | **1.00x** | 1123.24 | 1126.05 | 11.23 | +15.23 | **-2.22** | **+13.00** | **1163.17** | 7.23 |
| 65 | 09-29 | 01:22:30 | -1 | LONG | wt | pivot | 0.7 | +0.480 | -0.1975 | +0.283 | 0 | **2.00x** | 1163.17 | 2332.18 | 23.26 | +11.20 | **-4.61** | **+6.60** | **1169.77** | 7.23 |
| 66 | 09-29 | 01:31:10 | -1 | LONG | wt | STOP | 0.9 | -0.800 | -0.1975 | -0.998 | 0 | **2.00x** | 1169.77 | 2345.40 | 23.40 | -18.76 | **-4.63** | **-23.40** | **1146.38** | 7.23 |
| 67 | 09-29 | 02:32:00 | -1 | LONG | at | pivot | 31.5 | +1.750 | -0.1975 | +1.552 | 0 | **2.00x** | 1146.38 | 2298.50 | 22.93 | +40.21 | **-4.54** | **+35.67** | **1182.05** | 7.23 |
| 68 | 09-29 | 05:28:25 | +1 | SHORT | wt | pivot | 8.1 | +1.462 | -0.1975 | +1.265 | 0 | **2.00x** | 1182.05 | 2370.02 | 23.64 | +34.65 | **-4.68** | **+29.97** | **1212.02** | 7.23 |
| 69 | 09-29 | 07:14:30 | +1 | SHORT | wt | pivot | 56.7 | +0.101 | -0.1975 | -0.096 | 0 | **2.00x** | 1212.02 | 2430.12 | 24.24 | +2.46 | **-4.80** | **-2.34** | **1209.68** | 7.23 |
| 70 | 09-29 | 09:26:00 | +1 | SHORT | wt | STOP | 8.2 | -0.800 | -0.1975 | -0.998 | 0 | **2.00x** | 1209.68 | 2425.43 | 24.19 | -19.40 | **-4.79** | **-24.19** | **1185.49** | 7.23 |
| 71 | 09-29 | 09:39:15 | +1 | SHORT | wt | STOP | 9.4 | -0.800 | -0.1975 | -0.998 | 0 | **2.00x** | 1185.49 | 2376.92 | 23.71 | -19.02 | **-4.69** | **-23.71** | **1161.78** | 7.23 |
| 72 | 09-29 | 11:36:00 | +1 | SHORT | wt | STOP | 16.1 | -0.800 | -0.1975 | -0.998 | 0 | **2.00x** | 1161.78 | 2329.38 | 23.24 | -18.64 | **-4.60** | **-23.24** | **1138.54** | 7.23 |
| 73 | 09-29 | 11:56:05 | +1 | SHORT | at | pivot | 12.7 | +0.772 | -0.1975 | +0.575 | 0 | **2.00x** | 1138.54 | 2282.79 | 22.77 | +17.63 | **-4.51** | **+13.12** | **1151.67** | 7.23 |
| 74 | 09-29 | 13:12:15 | +1 | SHORT | wt | pivot | 3.2 | +0.642 | -0.1975 | +0.445 | 0 | **2.00x** | 1151.67 | 2309.11 | 23.03 | +14.84 | **-4.56** | **+10.28** | **1161.94** | 7.23 |
| 75 | 09-29 | 15:06:40 | -1 | LONG | wt | pivot | 3.9 | +0.612 | -0.1975 | +0.414 | 0 | **2.00x** | 1161.94 | 2329.71 | 23.24 | +14.25 | **-4.60** | **+9.64** | **1171.59** | 7.23 |
| 76 | 09-29 | 15:10:15 | -1 | LONG | wt | pivot | 0.3 | +0.028 | -0.1975 | -0.170 | 1 | **1.00x** | 1161.94 | 1164.86 | 11.62 | +0.33 | **-2.30** | **-1.97** | **1169.61** | 7.23 |
| 77 | 09-29 | 15:29:15 | -1 | LONG | wt | pivot | 3.9 | +0.594 | -0.1975 | +0.397 | 0 | **2.00x** | 1169.61 | 2345.09 | 23.39 | +13.94 | **-4.63** | **+9.31** | **1178.92** | 7.23 |
| 78 | 09-29 | 17:54:00 | -1 | LONG | wt | pivot | 7.2 | +1.562 | -0.1975 | +1.365 | 0 | **2.00x** | 1178.92 | 2363.75 | 23.58 | +36.93 | **-4.67** | **+32.26** | **1211.18** | 7.23 |
| 79 | 09-29 | 18:26:10 | +1 | SHORT | wt | pivot | 5.2 | +0.537 | -0.1975 | +0.339 | 0 | **2.00x** | 1211.18 | 2428.44 | 24.22 | +13.03 | **-4.80** | **+8.24** | **1219.42** | 7.23 |
| 80 | 09-29 | 18:44:55 | +1 | SHORT | wt | STOP | 15.8 | -0.800 | -0.1975 | -0.998 | 0 | **2.00x** | 1219.42 | 2444.95 | 24.39 | -19.56 | **-4.83** | **-24.39** | **1195.03** | 7.23 |
| 81 | 09-29 | 19:08:15 | +1 | SHORT | wt | pivot | 12.7 | +1.237 | -0.1975 | +1.040 | 0 | **2.00x** | 1195.03 | 2396.05 | 23.90 | +29.64 | **-4.73** | **+24.91** | **1219.94** | 7.23 |
| 82 | 09-29 | 23:40:10 | -1 | LONG | wt | pivot | 22.4 | +0.531 | -0.1975 | +0.333 | 0 | **2.00x** | 1219.94 | 2445.99 | 24.40 | +12.98 | **-4.83** | **+8.15** | **1228.08** | 7.23 |
| 83 | 09-29 | 23:44:30 | -1 | LONG | wt | pivot | 18.1 | +0.878 | -0.1975 | +0.681 | 1 | **1.00x** | 1219.94 | 1223.00 | 12.20 | +10.74 | **-2.42** | **+8.33** | **1236.41** | 7.23 |
| 84 | 09-29 | 23:44:45 | -1 | LONG | wt | pivot | 17.8 | +0.895 | -0.1975 | +0.697 | 2 | **0.67x** | 1219.94 | 815.33 | 8.13 | +7.30 | **-1.61** | **+5.69** | **1242.10** | 7.23 |
| 85 | 09-30 | 03:20:55 | -1 | LONG | wt | pivot | 18.9 | +0.572 | -0.1975 | +0.375 | 0 | **2.00x** | 1242.10 | 2490.42 | 24.84 | +14.26 | **-4.92** | **+9.34** | **1251.44** | 7.23 |
| 86 | 09-30 | 03:55:50 | -1 | LONG | at | pivot | 9.8 | +0.731 | -0.1975 | +0.533 | 0 | **2.00x** | 1251.44 | 2509.14 | 25.03 | +18.34 | **-4.96** | **+13.39** | **1264.82** | 7.23 |
| 87 | 09-30 | 05:16:00 | -1 | LONG | wt | pivot | 30.5 | +1.599 | -0.1975 | +1.401 | 0 | **2.00x** | 1264.82 | 2535.98 | 25.30 | +40.55 | **-5.01** | **+35.54** | **1300.36** | 7.23 |
| 88 | 09-30 | 06:16:50 | -1 | LONG | wt | STOP | 32.1 | -0.800 | -0.1975 | -0.998 | 0 | **2.00x** | 1300.36 | 2607.24 | 26.01 | -20.86 | **-5.15** | **-26.01** | **1274.35** | 7.23 |
| 89 | 09-30 | 06:28:10 | -1 | LONG | wt | pivot | 34.9 | +0.239 | -0.1975 | +0.041 | 1 | **1.00x** | 1300.36 | 1303.62 | 13.00 | +3.11 | **-2.57** | **+0.54** | **1266.22** | 7.23 |
| 90 | 09-30 | 06:28:25 | -1 | LONG | wt | STOP | 20.8 | -0.800 | -0.1975 | -0.998 | 2 | **0.67x** | 1300.36 | 869.08 | 8.67 | -6.95 | **-1.72** | **-8.67** | **1265.69** | 7.23 |
| 91 | 09-30 | 10:40:10 | +1 | SHORT | wt | pivot | 40.6 | +1.490 | -0.1975 | +1.293 | 0 | **2.00x** | 1266.22 | 2538.79 | 25.32 | +37.84 | **-5.01** | **+32.83** | **1299.05** | 7.23 |
| 92 | 09-30 | 16:49:00 | +1 | SHORT | wt | STOP | 16.5 | -0.800 | -0.1975 | -0.998 | 0 | **2.00x** | 1299.05 | 2604.61 | 25.98 | -20.84 | **-5.14** | **-25.98** | **1273.07** | 7.23 |
| 93 | 09-30 | 19:56:10 | -1 | LONG | wt | pivot | 29.7 | +1.202 | -0.1975 | +1.005 | 0 | **2.00x** | 1273.07 | 2552.52 | 25.46 | +30.69 | **-5.04** | **+25.65** | **1298.72** | 7.23 |
| 94 | 09-30 | 22:36:30 | +1 | SHORT | wt | pivot | 35.4 | +0.522 | -0.1975 | +0.325 | 0 | **2.00x** | 1298.72 | 2603.95 | 25.97 | +13.60 | **-5.14** | **+8.46** | **1307.18** | 7.23 |
| 95 | 09-30 | 23:24:00 | +1 | SHORT | wt | pivot | 47.1 | +1.078 | -0.1975 | +0.881 | 0 | **2.00x** | 1307.18 | 2620.91 | 26.14 | +28.26 | **-5.18** | **+23.08** | **1330.26** | 7.23 |
| 96 | 10-01 | 01:20:10 | +1 | SHORT | wt | pivot | 43.9 | +0.948 | -0.1975 | +0.750 | 0 | **2.00x** | 1330.26 | 2667.19 | 26.61 | +25.28 | **-5.27** | **+20.01** | **1350.27** | 7.23 |
| 97 | 10-01 | 01:24:30 | +1 | SHORT | wt | pivot | 39.6 | +1.250 | -0.1975 | +1.053 | 1 | **1.00x** | 1330.26 | 1333.60 | 13.30 | +16.68 | **-2.63** | **+14.04** | **1364.31** | 7.23 |
| 98 | 10-01 | 02:58:15 | +1 | SHORT | at | pivot | 33.8 | +0.612 | -0.1975 | +0.414 | 0 | **2.00x** | 1364.31 | 2735.46 | 27.29 | +16.73 | **-5.40** | **+11.33** | **1375.64** | 7.23 |
| 99 | 10-01 | 04:22:15 | -1 | LONG | wt | pivot | 24.8 | +0.838 | -0.1975 | +0.640 | 0 | **2.00x** | 1375.64 | 2758.18 | 27.51 | +23.11 | **-5.45** | **+17.67** | **1393.31** | 7.23 |
| 100 | 10-01 | 05:57:00 | +1 | SHORT | at | pivot | 45.6 | +0.158 | -0.1975 | -0.040 | 0 | **2.00x** | 1393.31 | 2793.60 | 27.87 | +4.41 | **-5.52** | **-1.11** | **1392.20** | 7.23 |
| 101 | 10-01 | 05:59:25 | +1 | SHORT | at | pivot | 43.2 | +0.218 | -0.1975 | +0.021 | 1 | **1.00x** | 1393.31 | 1396.80 | 13.93 | +3.05 | **-2.76** | **+0.29** | **1392.50** | 7.23 |
| 102 | 10-01 | 07:30:10 | -1 | LONG | wt | pivot | 5.2 | +0.951 | -0.1975 | +0.753 | 0 | **2.00x** | 1392.50 | 2791.98 | 27.85 | +26.54 | **-5.51** | **+21.02** | **1413.52** | 7.23 |
| 103 | 10-01 | 08:12:00 | -1 | LONG | at | pivot | 15.4 | +0.597 | -0.1975 | +0.400 | 0 | **2.00x** | 1413.52 | 2834.13 | 28.27 | +16.92 | **-5.60** | **+11.32** | **1424.84** | 7.23 |
| 104 | 10-01 | 08:15:40 | -1 | LONG | wt | pivot | 11.8 | +0.679 | -0.1975 | +0.481 | 1 | **1.00x** | 1413.52 | 1417.06 | 14.14 | +9.62 | **-2.80** | **+6.82** | **1431.66** | 7.23 |
| 105 | 10-01 | 10:07:25 | -1 | LONG | wt | pivot | 1.6 | +0.458 | -0.1975 | +0.260 | 0 | **2.00x** | 1431.66 | 2870.49 | 28.63 | +13.13 | **-5.67** | **+7.46** | **1439.12** | 7.23 |
| 106 | 10-01 | 14:48:10 | -1 | LONG | wt | pivot | 17.2 | +0.569 | -0.1975 | +0.372 | 0 | **2.00x** | 1439.12 | 2885.46 | 28.78 | +16.43 | **-5.70** | **+10.73** | **1449.85** | 7.23 |
| 107 | 10-01 | 14:50:15 | -1 | LONG | wt | pivot | 15.2 | +0.533 | -0.1975 | +0.335 | 1 | **1.00x** | 1439.12 | 1442.73 | 14.39 | +7.69 | **-2.85** | **+4.84** | **1454.69** | 7.23 |
| 108 | 10-01 | 16:58:55 | -1 | LONG | wt | pivot | 31.9 | +3.571 | -0.1975 | +3.373 | 0 | **2.00x** | 1454.69 | 2916.68 | 29.09 | +104.16 | **-5.76** | **+98.39** | **1538.54** | 7.23 |
| 109 | 10-01 | 17:20:10 | +1 | SHORT | wt | STOP | 10.6 | -0.800 | -0.1975 | -0.998 | 1 | **1.00x** | 1454.69 | 1458.34 | 14.55 | -11.67 | **-2.88** | **-14.55** | **1440.15** | 7.23 |
| 110 | 10-01 | 17:24:20 | +1 | SHORT | wt | pivot | 8.2 | +0.042 | -0.1975 | -0.156 | 2 | **0.67x** | 1454.69 | 972.23 | 9.70 | +0.41 | **-1.92** | **-1.51** | **1537.03** | 7.23 |
| 111 | 10-01 | 19:32:00 | -1 | LONG | wt | pivot | 19.9 | +1.938 | -0.1975 | +1.740 | 0 | **2.00x** | 1537.03 | 3081.76 | 30.74 | +59.72 | **-6.09** | **+53.64** | **1590.66** | 7.23 |
| 112 | 10-01 | 20:04:10 | +1 | SHORT | wt | pivot | 38.1 | +1.145 | -0.1975 | +0.948 | 0 | **2.00x** | 1590.66 | 3189.30 | 31.81 | +36.53 | **-6.30** | **+30.23** | **1620.90** | 7.23 |
| 113 | 10-02 | 00:18:00 | +1 | SHORT | wt | pivot | 64.7 | +1.248 | -0.1975 | +1.051 | 0 | **2.00x** | 1620.90 | 3249.92 | 32.42 | +40.56 | **-6.42** | **+34.14** | **1655.04** | 7.23 |
| 114 | 10-02 | 00:21:20 | +1 | SHORT | wt | pivot | 61.3 | +1.364 | -0.1975 | +1.167 | 1 | **1.00x** | 1620.90 | 1624.96 | 16.21 | +22.17 | **-3.21** | **+18.96** | **1674.00** | 7.23 |
| 115 | 10-02 | 00:50:55 | +1 | SHORT | wt | pivot | 31.8 | +1.548 | -0.1975 | +1.351 | 2 | **0.67x** | 1620.90 | 1083.31 | 10.81 | +16.77 | **-2.14** | **+14.63** | **1688.63** | 7.23 |
| 116 | 10-02 | 01:45:05 | -1 | LONG | wt | pivot | 25.2 | +1.712 | -0.1975 | +1.515 | 0 | **2.00x** | 1688.63 | 3385.73 | 33.77 | +57.98 | **-6.69** | **+51.29** | **1739.92** | 7.23 |
| 117 | 10-02 | 02:11:35 | +1 | SHORT | wt | pivot | 13.3 | +0.870 | -0.1975 | +0.672 | 0 | **2.00x** | 1739.92 | 3488.56 | 34.80 | +30.34 | **-6.89** | **+23.45** | **1763.37** | 7.23 |
| 118 | 10-02 | 02:52:40 | +1 | SHORT | wt | pivot | 45.1 | +0.700 | -0.1975 | +0.502 | 0 | **2.00x** | 1763.37 | 3535.58 | 35.27 | +24.75 | **-6.98** | **+17.76** | **1781.14** | 7.23 |
| 119 | 10-02 | 03:03:45 | +1 | SHORT | wt | pivot | 34.0 | +0.815 | -0.1975 | +0.617 | 1 | **1.00x** | 1763.37 | 1767.79 | 17.63 | +14.41 | **-3.49** | **+10.91** | **1792.05** | 7.23 |
| 120 | 10-02 | 04:53:45 | +1 | SHORT | at | pivot | 28.0 | +1.668 | -0.1975 | +1.471 | 0 | **2.00x** | 1792.05 | 3593.09 | 35.84 | +59.94 | **-7.10** | **+52.85** | **1844.90** | 7.23 |
| 121 | 10-02 | 05:37:25 | +1 | SHORT | at | pivot | 2.6 | +1.013 | -0.1975 | +0.815 | 0 | **2.00x** | 1844.90 | 3699.04 | 36.90 | +37.47 | **-7.31** | **+30.16** | **1875.06** | 7.23 |
| 122 | 10-02 | 05:39:20 | +1 | SHORT | wt | pivot | 0.7 | +0.399 | -0.1975 | +0.201 | 1 | **1.00x** | 1844.90 | 1849.52 | 18.45 | +7.37 | **-3.65** | **+3.72** | **1878.78** | 7.23 |
| 123 | 10-02 | 08:00:50 | +1 | SHORT | wt | pivot | 14.0 | +0.251 | -0.1975 | +0.053 | 0 | **2.00x** | 1878.78 | 3766.98 | 37.58 | +9.44 | **-7.44** | **+2.00** | **1880.78** | 7.23 |
| 124 | 10-02 | 08:40:10 | +1 | SHORT | wt | pivot | 24.3 | +0.802 | -0.1975 | +0.604 | 0 | **2.00x** | 1880.78 | 3771.00 | 37.62 | +30.23 | **-7.45** | **+22.79** | **1903.57** | 7.23 |
| 125 | 10-02 | 11:56:35 | -1 | LONG | wt | pivot | 34.8 | +2.631 | -0.1975 | +2.434 | 0 | **2.00x** | 1903.57 | 3816.68 | 38.07 | +100.43 | **-7.54** | **+92.89** | **1996.46** | 7.23 |
| 126 | 10-02 | 16:43:15 | -1 | LONG | wt | pivot | 2.9 | +0.761 | -0.1975 | +0.563 | 0 | **2.00x** | 1996.46 | 4002.93 | 39.93 | +30.46 | **-7.91** | **+22.55** | **2019.01** | 7.23 |
| 127 | 10-02 | 17:00:10 | -1 | LONG | wt | STOP | 15.6 | -0.800 | -0.1975 | -0.998 | 0 | **2.00x** | 2019.01 | 4048.15 | 40.38 | -32.39 | **-8.00** | **-40.38** | **1978.63** | 7.23 |
| 128 | 10-02 | 17:18:00 | -1 | LONG | wt | STOP | 21.3 | -0.800 | -0.1975 | -0.998 | 0 | **2.00x** | 1978.63 | 3967.18 | 39.57 | -31.74 | **-7.84** | **-39.57** | **1939.06** | 7.23 |
| 129 | 10-02 | 17:33:00 | -1 | LONG | at | STOP | 6.8 | -0.800 | -0.1975 | -0.998 | 1 | **1.00x** | 1978.63 | 1983.59 | 19.79 | -15.87 | **-3.92** | **-19.79** | **1919.27** | 7.23 |
| 130 | 10-02 | 17:44:35 | -1 | LONG | at | pivot | 5.3 | +0.830 | -0.1975 | +0.633 | 0 | **2.00x** | 1919.27 | 3848.17 | 38.39 | +31.95 | **-7.60** | **+24.35** | **1943.63** | 7.23 |
| 131 | 10-02 | 18:11:30 | -1 | LONG | at | STOP | 7.3 | -0.800 | -0.1975 | -0.998 | 0 | **2.00x** | 1943.63 | 3897.00 | 38.87 | -31.18 | **-7.70** | **-38.87** | **1904.75** | 7.23 |
| 132 | 10-02 | 18:28:45 | -1 | LONG | at | STOP | 4.7 | -0.800 | -0.1975 | -0.998 | 0 | **2.00x** | 1904.75 | 3819.06 | 38.10 | -30.55 | **-7.54** | **-38.10** | **1866.66** | 7.55 |
| 133 | 10-02 | 18:34:00 | -1 | LONG | at | STOP | 1.3 | -0.800 | -0.1975 | -0.998 | 0 | **2.00x** | 1866.66 | 3742.68 | 37.33 | -29.94 | **-7.39** | **-37.33** | **1829.33** | 9.39 |
| 134 | 10-02 | 18:42:50 | -1 | LONG | at | pivot | 0.2 | +0.208 | -0.1975 | +0.010 | 0 | **2.00x** | 1829.33 | 3667.82 | 36.59 | +7.61 | **-7.24** | **+0.37** | **1829.70** | 9.39 |
| 135 | 10-02 | 21:41:30 | +1 | SHORT | wt | pivot | 9.2 | +0.562 | -0.1975 | +0.364 | 0 | **2.00x** | 1829.70 | 3668.56 | 36.59 | +20.62 | **-7.25** | **+13.37** | **1843.07** | 9.39 |
| 136 | 10-02 | 23:28:05 | +1 | SHORT | wt | STOP | 18.5 | -0.800 | -0.1975 | -0.998 | 0 | **2.00x** | 1843.07 | 3695.37 | 36.86 | -29.56 | **-7.30** | **-36.86** | **1806.21** | 10.54 |
| 137 | 10-02 | 23:54:15 | +1 | SHORT | wt | pivot | 14.0 | +0.543 | -0.1975 | +0.345 | 0 | **2.00x** | 1806.21 | 3621.46 | 36.12 | +19.66 | **-7.15** | **+12.51** | **1818.72** | 10.54 |
| 138 | 10-03 | 02:34:45 | -1 | LONG | wt | pivot | 79.7 | +0.485 | -0.1975 | +0.287 | 0 | **2.00x** | 1818.72 | 3646.55 | 36.37 | +17.67 | **-7.20** | **+10.47** | **1829.19** | 10.54 |
| 139 | 10-03 | 02:54:00 | -1 | LONG | wt | pivot | 60.4 | +0.756 | -0.1975 | +0.559 | 1 | **1.00x** | 1818.72 | 1823.27 | 18.19 | +13.79 | **-3.60** | **+10.19** | **1839.37** | 10.54 |
| 140 | 10-03 | 02:56:10 | -1 | LONG | wt | pivot | 58.2 | +0.841 | -0.1975 | +0.643 | 2 | **0.67x** | 1818.72 | 1215.52 | 12.12 | +10.22 | **-2.40** | **+7.82** | **1847.19** | 10.54 |
| 141 | 10-03 | 04:12:40 | -1 | LONG | wt | STOP | 23.7 | -0.800 | -0.1975 | -0.998 | 0 | **2.00x** | 1847.19 | 3703.64 | 36.94 | -29.63 | **-7.31** | **-36.94** | **1810.25** | 10.54 |
| 142 | 10-03 | 05:04:45 | -1 | LONG | wt | pivot | 22.8 | +0.918 | -0.1975 | +0.721 | 0 | **2.00x** | 1810.25 | 3629.57 | 36.20 | +33.33 | **-7.17** | **+26.16** | **1836.40** | 10.54 |
| 143 | 10-03 | 05:06:10 | -1 | LONG | wt | pivot | 21.4 | +0.864 | -0.1975 | +0.667 | 1 | **1.00x** | 1810.25 | 1814.78 | 18.10 | +15.69 | **-3.58** | **+12.10** | **1848.51** | 10.54 |
| 144 | 10-03 | 05:31:10 | +1 | SHORT | wt | pivot | 152.3 | +2.116 | -0.1975 | +1.918 | 0 | **2.00x** | 1848.51 | 3706.28 | 36.97 | +78.42 | **-7.32** | **+71.10** | **1919.61** | 10.54 |
| 145 | 10-03 | 07:45:55 | -1 | LONG | wt | pivot | 33.6 | +0.778 | -0.1975 | +0.581 | 1 | **1.00x** | 1848.51 | 1853.14 | 18.49 | +14.42 | **-3.66** | **+10.76** | **1930.37** | 10.54 |
| 146 | 10-03 | 09:14:05 | +1 | SHORT | wt | STOP | 45.0 | -0.800 | -0.1975 | -0.998 | 0 | **2.00x** | 1930.37 | 3870.42 | 38.61 | -30.96 | **-7.64** | **-38.61** | **1891.76** | 10.54 |
| 147 | 10-03 | 10:08:00 | +1 | SHORT | wt | pivot | 78.8 | +0.551 | -0.1975 | +0.353 | 0 | **2.00x** | 1891.76 | 3793.01 | 37.84 | +20.89 | **-7.49** | **+13.40** | **1905.17** | 10.54 |
| 148 | 10-03 | 10:48:00 | +1 | SHORT | wt | pivot | 38.8 | +0.915 | -0.1975 | +0.717 | 1 | **1.00x** | 1891.76 | 1896.51 | 18.92 | +17.35 | **-3.75** | **+13.60** | **1918.77** | 10.54 |
| 149 | 10-03 | 11:37:40 | +1 | SHORT | wt | pivot | 66.4 | +1.323 | -0.1975 | +1.126 | 0 | **2.00x** | 1918.77 | 3847.16 | 38.38 | +50.91 | **-7.60** | **+43.31** | **1962.08** | 10.54 |
| 150 | 10-03 | 14:30:10 | +1 | SHORT | wt | pivot | 6.4 | +0.671 | -0.1975 | +0.473 | 0 | **2.00x** | 1962.08 | 3934.00 | 39.24 | +26.39 | **-7.77** | **+18.62** | **1980.70** | 10.54 |
| 151 | 10-03 | 17:15:00 | +1 | SHORT | wt | pivot | 71.0 | +1.242 | -0.1975 | +1.044 | 0 | **2.00x** | 1980.70 | 3971.34 | 39.61 | +49.32 | **-7.84** | **+41.48** | **2022.18** | 10.54 |

## SUMMARY
| sizing mode | trades | start $ | final $ | return % | max DD % | peak lev | min lev | mean lev | worst trade $ | best trade $ |
|---|---|---|---|---|---|---|---|---|---|---|
| shared budget | 151 | 888.00 | **2022.18** | **+127.72** | 10.54 | 2.01x | 0.50x | 1.74x | -40.38 | +98.40 |
| constant per leg | 151 | 888.00 | **2303.47** | **+159.40** | 11.46 | 2.01x | 2.01x | 2.01x | -44.97 | +106.90 |

## PER DAY — shared budget, sliced by the LAST CLOSE on that day (not the open day)
| day | trades | equity close $ | day P&L $ | day % | DD so far % |
|---|---|---|---|---|---|
| 09-25 | 20 | 917.95 | +29.95 | +3.37 % | 7.23 |
| 09-26 | 13 | 941.72 | +23.77 | +2.59 % | 7.23 |
| 09-27 | 18 | 1035.31 | +93.59 | +9.94 % | 7.23 |
| 09-28 | 11 | 1123.24 | +87.92 | +8.49 % | 7.23 |
| 09-29 | 22 | 1228.08 | +104.85 | +9.33 % | 7.23 |
| 09-30 | 11 | 1330.26 | +102.18 | +8.32 % | 7.23 |
| 10-01 | 17 | 1620.90 | +290.64 | +21.85 % | 7.23 |
| 10-02 | 25 | 1818.72 | +197.82 | +12.20 % | 10.54 |
| 10-03 | 14 | 2022.18 | +203.47 | +11.19 % | 10.54 |

## DRAG — what the round trip actually cost, read back from lazyg_compound
| day | trades | notional traded $ | gross P&L $ | drag paid $ | net P&L $ | drag as % of gross |
|---|---|---|---|---|---|---|
| 09-25 | 20 | 30103.97 | +89.40 | **-59.46** | +29.95 | 66.5 % |
| 09-26 | 13 | 22988.46 | +69.17 | **-45.40** | +23.77 | 65.6 % |
| 09-27 | 18 | 32268.60 | +157.32 | **-63.73** | +93.59 | 40.5 % |
| 09-28 | 11 | 20812.06 | +129.03 | **-41.10** | +87.92 | 31.9 % |
| 09-29 | 22 | 46835.16 | +211.36 | **-92.50** | +118.86 | 43.8 % |
| 09-30 | 11 | 25236.27 | +138.00 | **-49.84** | +88.16 | 36.1 % |
| 10-01 | 17 | 39544.98 | +368.74 | **-78.10** | +290.64 | 21.2 % |
| 10-02 | 25 | 82594.12 | +360.94 | **-163.12** | +197.82 | 45.2 % |
| 10-03 | 14 | 42705.18 | +287.81 | **-84.34** | +203.47 | 29.3 % |
| **9 days** | 151 | **343088.80** | **+1811.79** | **-677.60** | **+1134.18** | **37.4 %** |

- drag per trade: $4.49 mean, $0.88 min, $8.00 max (it is 0.1975 % of notional, so it grows with equity)
- drag as a share of the $1134.18 account growth: 59.7 % — $677.60 paid to make $1134.18

## WHAT THE DRAG COSTS COMPOUNDED — same trades, drag set to zero
| variant | final $ | return % | delta $ | delta pp |
|---|---|---|---|---|
| as traded, drag 0.1975 % | 2022.18 | +127.72 | +0.00 | +0.00 |
| drag 0.0000 % (no fees, no slippage) | 3382.13 | +280.87 | +1359.95 | +153.15 |

## RISK BUDGET SWEEP — the one value I chose, so here is the curve around it
| risk per entry % | implied lev when alone | final $ shared | DD % shared | final $ constant | DD % constant |
|---|---|---|---|---|---|
| 0.5 | 0.50x | 1096.62 | 2.72 | 1135.17 | 2.96 |
| 1.0 | 1.00x | 1349.46 | 5.38 | 1444.05 | 5.86 |
| 1.5 | 1.50x | 1654.79 | 7.99 | 1828.16 | 8.69 |
| 2.0 | 2.01x | 2022.18 | 10.54 | 2303.47 | 11.46 |
| 3.0 | 3.01x | 2988.98 | 15.49 | 3606.24 | 16.82 |
| 5.0 | 5.01x | 6273.17 | 24.77 | 8371.75 | 26.80 |
| 8.0 | 8.02x | 17306.05 | 37.22 | 25992.19 | 40.08 |
| 10.0 | 10.03x | 31966.54 | 44.62 | 50865.94 | 47.88 |
