# 7-DAY FORWARD PROJECTION — day-block bootstrap of the 9 measured days (09-25 .. 10-03)

## THE PER-DAY INPUT — what is being resampled
| day | conf trades | total net % | mean net % | total net % UNFLIPPED |
|---|---|---|---|---|
| 09-25 | 20 | +13.363 | +0.668 | +3.785 |
| 09-26 | 13 | +6.841 | +0.526 | +0.298 |
| 09-27 | 18 | +4.195 | +0.233 | +0.322 |
| 09-28 | 11 | +0.008 | +0.001 | +4.605 |
| 09-29 | 22 | +10.072 | +0.458 | +6.182 |
| 09-30 | 11 | -0.090 | -0.008 | +3.162 |
| 10-01 | 17 | -0.437 | -0.026 | +7.862 |
| 10-02 | 25 | +3.581 | +0.143 | +8.087 |
| 10-03 | 14 | -0.387 | -0.028 | +5.353 |
| **9 days** | 151 | **+37.148** | +0.246 | **+39.656** |

## A — with the stage 2 flip (what I built this session) — 7 days drawn from the 9, 20,000 paths
| L | p5 equity x | p25 | median | p75 | p95 | mean | P(final < 1.0) | P(max DD > 50%) | P(wiped) |
|---|---|---|---|---|---|---|---|---|---|
| 1x | 1.0938 | 1.2141 | **1.3187** | 1.4419 | 1.6441 | 1.3376 | 0.2 % | 0.0 % | 0.00 % |
| 2x | 1.1912 | 1.4616 | **1.7161** | 2.0554 | 2.6715 | 1.8013 | 0.3 % | 0.0 % | 0.00 % |
| 3x | 1.2738 | 1.7458 | **2.2264** | 2.8934 | 4.2888 | 2.4350 | 0.3 % | 0.0 % | 0.00 % |
| 5x | 1.4681 | 2.4174 | **3.5640** | 5.5416 | 10.5793 | 4.5102 | 0.4 % | 0.0 % | 0.00 % |
| 10x | 1.7764 | 4.6778 | **9.9095** | 22.8774 | 78.9996 | 22.0010 | 1.2 % | 1.0 % | 0.00 % |

## B — WITHOUT the flip, dr-bias side throughout — 7 days drawn from the 9, 20,000 paths
| L | p5 equity x | p25 | median | p75 | p95 | mean | P(final < 1.0) | P(max DD > 50%) | P(wiped) |
|---|---|---|---|---|---|---|---|---|---|
| 1x | 1.2022 | 1.2903 | **1.3561** | 1.4229 | 1.5186 | 1.3574 | 0.0 % | 0.0 % | 0.00 % |
| 2x | 1.4386 | 1.6531 | **1.8227** | 2.0077 | 2.2756 | 1.8354 | 0.0 % | 0.0 % | 0.00 % |
| 3x | 1.6965 | 2.0918 | **2.4139** | 2.7836 | 3.3738 | 2.4608 | 0.0 % | 0.0 % | 0.00 % |
| 5x | 2.3121 | 3.2842 | **4.1588** | 5.2503 | 7.2642 | 4.3870 | 0.0 % | 0.0 % | 0.00 % |
| 10x | 4.2936 | 8.4768 | **13.5106** | 21.0183 | 39.4447 | 16.5928 | 0.0 % | 15.6 % | 0.00 % |
