# DAY 2026-09-25 | 39 octo-sig

## THE with-trend ROWS — A as published vs B flipped, both entering at the octo-sig bar
| octo-sig | dr | side A | MAE A | MFE A | side B (flipped) | MAE B | MFE B | B hold min | B 0.70 hit at | B verdict |
|---|---|---|---|---|---|---|---|---|---|---|
| 02:12:10 | +1 | SHORT | 0.071 | 2.531 | **LONG** | 0.023 | 0.071 | 0.7 | — | clean |
| 02:13:10 | +1 | SHORT | 0.056 | 2.328 | **LONG** | 2.328 | 0.056 | 55.0 | 16.1 m | **heat** |
| 02:48:50 | -1 | LONG | 0.262 | 0.508 | **SHORT** | 0.174 | 0.262 | 5.2 | — | clean |
| 02:50:45 | -1 | LONG | 0.064 | 0.708 | **SHORT** | 0.133 | 0.064 | 3.3 | — | clean |
| 03:32:35 | -1 | LONG | 0.100 | 1.188 | **SHORT** | 1.188 | 0.606 | 160.8 | 64.4 m | **heat** |
| 07:59:20 | +1 | SHORT | 2.663 | 0.255 | **LONG** | 0.255 | 2.663 | 40.8 | — | clean |
| 08:06:10 | +1 | SHORT | 2.782 | 0.141 | **LONG** | 0.141 | 2.782 | 33.9 | — | clean |
| 08:26:10 | +1 | SHORT | 1.132 | 0.169 | **LONG** | 0.169 | 1.132 | 13.9 | — | clean |
| 15:40:55 | -1 | LONG | 0.000 | 0.107 | **SHORT** | 0.107 | 1.273 | 10.8 | — | clean |
| 18:04:35 | +1 | SHORT | 1.616 | 0.148 | **LONG** | 0.148 | 1.616 | 10.5 | — | clean |
| 18:06:15 | +1 | SHORT | 1.515 | 0.000 | **LONG** | 0.000 | 1.515 | 8.8 | — | clean |
| 20:10:50 | +1 | SHORT | 2.771 | 0.000 | **LONG** | 0.000 | 2.771 | 23.7 | — | clean |

| entry | clean of 12 | heat of 12 | MAE med | MFE med | MFE>MAE |
|---|---|---|---|---|---|
| A as published (dr-bias side) | 6 | 6 | 0.697 | 0.212 | 6 |
| B flipped (stage 2) | 10 | 2 | 0.144 | 1.202 | 9 |

## C — ENTERING AT THE mtd EXTREMA. Is that bar even available at the signal?
| octo-sig | step 1 | extrema | lag from the signal | takeable? | MAE C | MFE C | vs MAE B |
|---|---|---|---|---|---|---|---|
| 02:12:10 | lookback | 02:11:30 | -0.7 m | **NO — bar is in the past** | 0.004 | 0.099 | -0.020 |
| 02:13:10 | lookback | 02:11:30 | -1.7 m | **NO — bar is in the past** | 0.004 | 0.099 | -2.324 |
| 02:48:50 | lookback | 02:46:30 | -2.3 m | **NO — bar is in the past** | 0.349 | 0.088 | +0.175 |
| 02:50:45 | lookback | 02:46:45 | -4.0 m | **NO — bar is in the past** | 0.295 | 0.142 | +0.162 |
| 03:32:35 | lookback | 03:31:00 | -1.6 m | **NO — bar is in the past** | 0.136 | 0.032 | -1.052 |
| 07:59:20 | lookback | 07:56:50 | -2.5 m | **NO — bar is in the past** | 0.285 | 2.633 | +0.029 |
| 08:06:10 | lookback | 08:02:30 | -3.7 m | **NO — bar is in the past** | 0.461 | 2.452 | +0.320 |
| 08:26:10 | lookback | 08:24:35 | -1.6 m | **NO — bar is in the past** | 0.201 | 1.099 | +0.033 |
| 15:40:55 | lookback | 15:39:20 | -1.6 m | **NO — bar is in the past** | 0.057 | 0.051 | -0.050 |
| 18:04:35 | lookback | 18:01:35 | -3.0 m | **NO — bar is in the past** | 0.292 | 1.469 | +0.144 |
| 18:06:15 | lookback | 18:03:50 | -2.4 m | **NO — bar is in the past** | 0.486 | 1.271 | +0.486 |
| 20:10:50 | lookback | 20:08:00 | -2.8 m | **NO — bar is in the past** | 0.265 | 2.729 | +0.265 |

| population | n | clean | heat | MAE med | MFE med |
|---|---|---|---|---|---|
| B flipped, signal-bar entry (all) | 12 | 10 | 2 | 0.144 | 1.202 |
| C flipped, extrema entry (all; see takeable column) | 12 | 12 | 0 | 0.275 | 0.620 |
| B flipped, signal bar — the 0 takeable-extrema rows | 0 | — | — | — | — |
| C flipped, extrema — the 0 takeable rows only | 0 | — | — | — | — |

## THE DAY RECREATED — with-trend flipped, entry at the octo-sig bar (option B)
| octo-sig | dr | side | status | route | MAE% | MFE% | 0.70 hit at | verdict vs the 0.70 line |
|---|---|---|---|---|---|---|---|---|
| 08:39:00 | +1 | SHORT | CONFLUENCE · against-trend | mtd.r1 | 0.176 | 1.039 | — | correct |
| 08:40:50 | +1 | SHORT | CONFLUENCE · against-trend | mtd.r1 | 0.027 | 0.957 | — | correct |
| 09:32:00 | +1 | SHORT | CONFLUENCE · against-trend | mtd.r1 | 0.008 | 1.571 | — | correct |
| 10:45:15 | +1 | SHORT | CONFLUENCE · against-trend | mtd.r1 | 2.108 | 0.037 | 21.6 m | **let heat through** |
| 11:28:15 | +1 | SHORT | CONFLUENCE · against-trend | mtd.r1 | 0.000 | 0.078 | — | correct |
| 20:36:00 | +1 | SHORT | CONFLUENCE · against-trend | mtd.r1 | 0.309 | 0.431 | — | correct |
| 20:36:15 | +1 | SHORT | CONFLUENCE · against-trend | mtd.r1 | 0.254 | 0.486 | — | correct |
| 22:36:15 | +1 | SHORT | CONFLUENCE · against-trend | mtd.r1 | 0.468 | 0.704 | — | correct |
| 02:12:10 | +1 | LONG | CONFLUENCE · with-trend · STAGE 2 FLIP | mtd.r1 | 0.023 | 0.071 | — | correct |
| 02:13:10 | +1 | LONG | CONFLUENCE · with-trend · STAGE 2 FLIP | mtd.r1 | 2.328 | 0.056 | 16.1 m | **let heat through** |
| 02:48:50 | -1 | SHORT | CONFLUENCE · with-trend · STAGE 2 FLIP | mtd.r1 | 0.174 | 0.262 | — | correct |
| 02:50:45 | -1 | SHORT | CONFLUENCE · with-trend · STAGE 2 FLIP | mtd.r1 | 0.133 | 0.064 | — | correct |
| 03:32:35 | -1 | SHORT | CONFLUENCE · with-trend · STAGE 2 FLIP | mtd.r1 | 1.188 | 0.606 | 64.4 m | **let heat through** |
| 07:59:20 | +1 | LONG | CONFLUENCE · with-trend · STAGE 2 FLIP | mtd.r1 | 0.255 | 2.663 | — | correct |
| 08:06:10 | +1 | LONG | CONFLUENCE · with-trend · STAGE 2 FLIP | mtd.r1 | 0.141 | 2.782 | — | correct |
| 08:26:10 | +1 | LONG | CONFLUENCE · with-trend · STAGE 2 FLIP | mtd.r1 | 0.169 | 1.132 | — | correct |
| 15:40:55 | -1 | SHORT | CONFLUENCE · with-trend · STAGE 2 FLIP | mtd.r1 | 0.107 | 1.273 | — | correct |
| 18:04:35 | +1 | LONG | CONFLUENCE · with-trend · STAGE 2 FLIP | mtd.r1 | 0.148 | 1.616 | — | correct |
| 18:06:15 | +1 | LONG | CONFLUENCE · with-trend · STAGE 2 FLIP | mtd.r1 | 0.000 | 1.515 | — | correct |
| 20:10:50 | +1 | LONG | CONFLUENCE · with-trend · STAGE 2 FLIP | mtd.r1 | 0.000 | 2.771 | — | correct |
| 09:02:00 | +1 | SHORT | BLOCKED | mtd.r2 | 0.096 | 0.645 | — | **over-blocked** |
| 11:14:00 | +1 | SHORT | BLOCKED | mtd.r2 | 0.185 | 0.609 | — | **over-blocked** |
| 16:46:10 | +1 | SHORT | BLOCKED | mtd.r2 | 0.000 | 0.892 | — | **over-blocked** |
| 19:54:00 | +1 | SHORT | BLOCKED | mtd.r2 | 3.858 | 0.206 | 8.0 m | correct |
| 02:42:35 | -1 | LONG | BLOCKED | mtd.r2 | 0.833 | 0.229 | 3.9 m | correct |
| 13:33:40 | -1 | LONG | OPEN | mtd.r1 | 0.000 | 1.658 | — | open -> **fire** |
| 13:37:05 | -1 | LONG | OPEN | mtd.r1 | 1.681 | 0.204 | 7.2 m | open -> **block** |
| 17:21:30 | +1 | SHORT | OPEN | mtd.r1 | 0.072 | 1.080 | — | open -> **fire** |
| 18:14:15 | +1 | SHORT | OPEN | mtd.r1 | 0.628 | 0.711 | — | open -> **fire** |
| 20:04:00 | +1 | SHORT | OPEN | mtd.r1 | 3.068 | 0.425 | 5.4 m | open -> **block** |
| 20:04:45 | +1 | SHORT | OPEN | mtd.r1 | 3.443 | 0.063 | 3.5 m | open -> **block** |
| 19:49:55 | +1 | SHORT | OPEN | mtd.r1 | 3.862 | 0.203 | 12.1 m | open -> **block** |
| 03:30:05 | -1 | LONG | OPEN | neither | 0.244 | 1.225 | — | open -> **fire** |
| 10:50:30 | +1 | SHORT | OPEN | neither | 1.943 | 0.187 | 16.4 m | open -> **block** |
| 10:55:00 | +1 | SHORT | OPEN | neither | 1.622 | 0.501 | 12.8 m | open -> **block** |
| 18:58:00 | +1 | SHORT | OPEN | neither | 4.445 | 0.401 | 62.3 m | open -> **block** |
| 20:21:00 | +1 | SHORT | OPEN | neither | 1.911 | 0.481 | 9.4 m | open -> **block** |
| 20:30:00 | +1 | SHORT | OPEN | neither | 1.653 | 0.130 | 3.2 m | open -> **block** |
| 22:54:00 | +1 | SHORT | OPEN | neither | 0.195 | 0.973 | — | open -> **fire** |

## THE SCORE, RECREATED
| mech says | n | MAE <= 0.70 | MAE > 0.70 | reading |
|---|---|---|---|---|
| CONFLUENCE · with-trend · STAGE 2 FLIP | 12 | 10 | 2 | 10 of 12 correct |
| CONFLUENCE · against-trend | 8 | 7 | 1 | 7 of 8 correct |
| BLOCKED (mtd.r2) | 5 | 3 | 2 | 2 of 5 correct |
| OPEN · neither | 7 | 2 | 5 | 5 would block, 2 would fire |
| OPEN · D no fire | 6 | 3 | 3 | 3 would block, 3 would fire |
| OPEN · no r block | 1 | 0 | 1 | 1 would block, 0 would fire |
| agreement now, the 25 rows with a verdict | | | | 19 of 25 |
| agreement with all three OPEN rulings | | | | 28 of 39 |

| ruling | rows | right | wrong | net |
|---|---|---|---|---|
| `neither` = BLOCK | 7 | 5 | 2 | +3 |
| `no fire` = BLOCK | 6 | 3 | 3 | +0 |
| D empty block = BLOCK | 1 | 1 | 0 | +1 |
