# DAY 2026-09-26 | 26 octo-sig

## THE with-trend ROWS — A as published vs B flipped, both entering at the octo-sig bar
| octo-sig | dr | side A | MAE A | MFE A | side B (flipped) | MAE B | MFE B | B hold min | B 0.70 hit at | B verdict |
|---|---|---|---|---|---|---|---|---|---|---|
| 01:30:00 | -1 | LONG | 0.042 | 1.236 | **SHORT** | 1.236 | 0.128 | 31.3 | 9.1 m | **heat** |
| 03:32:15 | +1 | SHORT | 0.000 | 1.114 | **LONG** | 1.114 | 0.132 | 48.8 | 9.8 m | **heat** |
| 05:15:35 | -1 | LONG | 0.736 | 0.054 | **SHORT** | 0.054 | 0.736 | 21.5 | — | clean |
| 11:21:40 | +1 | SHORT | 0.240 | 0.849 | **LONG** | 0.034 | 0.240 | 3.1 | — | clean |
| 14:26:00 | +1 | SHORT | 1.433 | 0.308 | **LONG** | 0.308 | 1.433 | 14.8 | — | clean |
| 18:01:10 | -1 | LONG | 0.062 | 0.646 | **SHORT** | 0.005 | 0.062 | 0.8 | — | clean |
| 18:18:00 | -1 | LONG | 0.724 | 0.241 | **SHORT** | 0.241 | 0.724 | 28.7 | — | clean |
| 18:42:05 | -1 | LONG | 0.279 | 0.545 | **SHORT** | 0.059 | 0.279 | 4.6 | — | clean |
| 19:34:00 | -1 | LONG | 0.898 | 0.300 | **SHORT** | 0.300 | 0.898 | 35.3 | — | clean |
| 20:10:50 | -1 | LONG | 0.159 | 0.496 | **SHORT** | 0.496 | 3.185 | 39.1 | — | clean |
| 20:45:30 | -1 | LONG | 1.773 | 0.046 | **SHORT** | 0.046 | 1.773 | 4.4 | — | clean |

| entry | clean of 12 | heat of 12 | MAE med | MFE med | MFE>MAE |
|---|---|---|---|---|---|
| A as published (dr-bias side) | 6 | 5 | 0.279 | 0.496 | 6 |
| B flipped (stage 2) | 9 | 2 | 0.241 | 0.724 | 9 |

## C — ENTERING AT THE mtd EXTREMA. Is that bar even available at the signal?
| octo-sig | step 1 | extrema | lag from the signal | takeable? | MAE C | MFE C | vs MAE B |
|---|---|---|---|---|---|---|---|
| 01:30:00 | lookback | 01:28:25 | -1.6 m | **NO — bar is in the past** | 0.108 | 0.051 | -1.127 |
| 03:32:15 | lookback | 03:28:20 | -3.9 m | **NO — bar is in the past** | 0.177 | 0.085 | -0.937 |
| 05:15:35 | lookback | 05:13:10 | -2.4 m | **NO — bar is in the past** | 0.149 | 0.647 | +0.095 |
| 11:21:40 | lookback | 11:17:40 | -4.0 m | **NO — bar is in the past** | 0.091 | 0.276 | +0.057 |
| 14:26:00 | lookback | 14:23:40 | -2.3 m | **NO — bar is in the past** | 0.322 | 1.419 | +0.014 |
| 18:01:10 | lookback | 18:00:50 | -0.3 m | **NO — bar is in the past** | 0.065 | 0.002 | +0.061 |
| 18:18:00 | lookback | 18:16:00 | -2.0 m | **NO — bar is in the past** | 0.197 | 0.768 | -0.044 |
| 18:42:05 | lookback | 18:39:20 | -2.8 m | **NO — bar is in the past** | 0.130 | 0.208 | +0.071 |
| 19:34:00 | lookback | 19:32:00 | -2.0 m | **NO — bar is in the past** | 0.393 | 0.807 | +0.092 |
| 20:10:50 | lookback | 20:09:10 | -1.7 m | **NO — bar is in the past** | 0.000 | 0.088 | -0.496 |
| 20:45:30 | lookback | 20:44:10 | -1.3 m | **NO — bar is in the past** | 0.617 | 1.212 | +0.571 |

| population | n | clean | heat | MAE med | MFE med |
|---|---|---|---|---|---|
| B flipped, signal-bar entry (all) | 11 | 9 | 2 | 0.241 | 0.724 |
| C flipped, extrema entry (all; see takeable column) | 11 | 11 | 0 | 0.149 | 0.276 |
| B flipped, signal bar — the 0 takeable-extrema rows | 0 | — | — | — | — |
| C flipped, extrema — the 0 takeable rows only | 0 | — | — | — | — |

## THE DAY RECREATED — with-trend flipped, entry at the octo-sig bar (option B)
| octo-sig | dr | side | status | route | MAE% | MFE% | 0.70 hit at | verdict vs the 0.70 line |
|---|---|---|---|---|---|---|---|---|
| 05:38:05 | -1 | LONG | CONFLUENCE · against-trend | mtd.r1 | 0.000 | 0.562 | — | correct |
| 15:16:00 | +1 | SHORT | CONFLUENCE · against-trend | mtd.r1 | 0.109 | 0.918 | — | correct |
| 01:30:00 | -1 | SHORT | CONFLUENCE · with-trend · STAGE 2 FLIP | mtd.r1 | 1.236 | 0.128 | 9.1 m | **let heat through** |
| 03:32:15 | +1 | LONG | CONFLUENCE · with-trend · STAGE 2 FLIP | mtd.r1 | 1.114 | 0.132 | 9.8 m | **let heat through** |
| 05:15:35 | -1 | SHORT | CONFLUENCE · with-trend · STAGE 2 FLIP | mtd.r1 | 0.054 | 0.736 | — | correct |
| 11:21:40 | +1 | LONG | CONFLUENCE · with-trend · STAGE 2 FLIP | mtd.r1 | 0.034 | 0.240 | — | correct |
| 14:26:00 | +1 | LONG | CONFLUENCE · with-trend · STAGE 2 FLIP | mtd.r1 | 0.308 | 1.433 | — | correct |
| 18:01:10 | -1 | SHORT | CONFLUENCE · with-trend · STAGE 2 FLIP | mtd.r1 | 0.005 | 0.062 | — | correct |
| 18:18:00 | -1 | SHORT | CONFLUENCE · with-trend · STAGE 2 FLIP | mtd.r1 | 0.241 | 0.724 | — | correct |
| 18:42:05 | -1 | SHORT | CONFLUENCE · with-trend · STAGE 2 FLIP | mtd.r1 | 0.059 | 0.279 | — | correct |
| 19:34:00 | -1 | SHORT | CONFLUENCE · with-trend · STAGE 2 FLIP | mtd.r1 | 0.300 | 0.898 | — | correct |
| 20:10:50 | -1 | SHORT | CONFLUENCE · with-trend · STAGE 2 FLIP | mtd.r1 | 0.496 | 3.185 | — | correct |
| 20:45:30 | -1 | SHORT | CONFLUENCE · with-trend · STAGE 2 FLIP | mtd.r1 | 0.046 | 1.773 | — | correct |
| 08:35:30 | +1 | SHORT | BLOCKED | mtd.r2 | 0.609 | 2.122 | — | **over-blocked** |
| 05:33:40 | -1 | LONG | BLOCKED | mtd.r2 | 0.201 | 0.554 | — | **over-blocked** |
| 13:18:00 | -1 | LONG | BLOCKED | mtd.r2 | 0.198 | 3.205 | — | **over-blocked** |
| 05:23:15 | -1 | LONG | OPEN | mtd.r1 | 0.602 | 0.189 | — | open -> **fire** |
| 19:32:10 | -1 | LONG | OPEN | mtd.r1 | 0.774 | 0.426 | 37.1 m | open -> **block** |
| 03:15:00 | -1 | LONG | OPEN | mtd.r1 | 0.368 | 1.293 | — | open -> **fire** |
| 08:39:30 | +1 | SHORT | OPEN | mtd.r1 | 0.000 | 2.629 | — | open -> **fire** |
| 08:40:10 | +1 | SHORT | OPEN | mtd.r1 | 0.000 | 2.483 | — | open -> **fire** |
| 12:20:10 | +1 | SHORT | OPEN | mtd.r1 | 0.000 | 1.065 | — | open -> **fire** |
| 20:04:00 | -1 | LONG | OPEN | mtd.r1 | 0.625 | 0.201 | — | open -> **fire** |
| 02:03:45 | -1 | LONG | OPEN | neither | 0.277 | 0.913 | — | open -> **fire** |
| 12:18:00 | +1 | SHORT | OPEN | neither | 0.042 | 1.246 | — | open -> **fire** |
| 19:20:00 | -1 | LONG | OPEN | neither | 1.197 | 0.067 | 44.2 m | open -> **block** |

## THE SCORE, RECREATED
| mech says | n | MAE <= 0.70 | MAE > 0.70 | reading |
|---|---|---|---|---|
| CONFLUENCE · with-trend · STAGE 2 FLIP | 11 | 9 | 2 | 9 of 11 correct |
| CONFLUENCE · against-trend | 2 | 2 | 0 | 2 of 2 correct |
| BLOCKED (mtd.r2) | 3 | 3 | 0 | 0 of 3 correct |
| OPEN · neither | 3 | 2 | 1 | 1 would block, 2 would fire |
| OPEN · D no fire | 2 | 1 | 1 | 1 would block, 1 would fire |
| OPEN · no r block | 5 | 5 | 0 | 0 would block, 5 would fire |
| agreement now, the 16 rows with a verdict | | | | 11 of 16 |
| agreement with all three OPEN rulings | | | | 13 of 26 |

| ruling | rows | right | wrong | net |
|---|---|---|---|---|
| `neither` = BLOCK | 3 | 1 | 2 | -1 |
| `no fire` = BLOCK | 2 | 1 | 1 | +0 |
| D empty block = BLOCK | 5 | 0 | 5 | -5 |
