## POPULATION A — the 39 octo-sig of 09-25 under the mtd lens
| octo-sig | dr | dr-bias trade | step 1 | extrema | lag | g5 | g15 | g30 | ws1 | oob 4/4 | net g15->ws1 | cascade | route | allows | verdict |
|---|---|---|---|---|---|---|---|---|---|---|---|---|---|---|---|
| 02:12:10 | +1 | SHORT | lookback | 02:11:30 | -0.7 m | 135.78 | 110.90 | 91.15 | 100.98 | **4/4** | -9.92 | falling = AWAY from dr | **mtd.r1** | - | delegate to D |
| 02:13:10 | +1 | SHORT | lookback | 02:11:30 | -1.7 m | 135.78 | 110.90 | 91.15 | 100.98 | **4/4** | -9.92 | falling = AWAY from dr | **mtd.r1** | - | delegate to D |
| 02:42:35 | -1 | LONG | lookback | 02:40:45 | -1.8 m | 3.39 | 17.11 | 3.90 | -9.81 | 3/4 (g15 out) | -26.92 | falling = TOWARDS dr | **mtd.r2** | SHORT | **BLOCKED** |
| 02:48:50 | -1 | LONG | lookback | 02:46:30 | -2.3 m | -17.44 | -30.58 | 0.54 | -7.00 | **4/4** | +23.58 | lifting = AWAY from dr | **mtd.r1** | - | delegate to D |
| 02:50:45 | -1 | LONG | lookback | 02:46:45 | -4.0 m | 5.44 | -30.58 | 0.54 | -5.09 | **4/4** | +25.49 | lifting = AWAY from dr | **mtd.r1** | - | delegate to D |
| 03:30:05 | -1 | LONG | lookback | 03:27:00 | -3.1 m | 2.48 | 3.47 | 10.91 | 26.02 | 3/4 (ws1 out) | +22.54 | lifting = AWAY from dr | **neither** | - | no rule |
| 03:32:35 | -1 | LONG | lookback | 03:31:00 | -1.6 m | -6.90 | -2.10 | -5.12 | 2.60 | **4/4** | +4.70 | lifting = AWAY from dr | **mtd.r1** | - | delegate to D |
| 07:59:20 | +1 | SHORT | lookback | 07:56:50 | -2.5 m | 97.51 | 109.56 | 90.76 | 101.27 | **4/4** | -8.29 | falling = AWAY from dr | **mtd.r1** | - | delegate to D |
| 08:06:10 | +1 | SHORT | lookback | 08:02:30 | -3.7 m | 98.96 | 93.76 | 91.81 | 95.05 | **4/4** | +1.29 | lifting = TOWARDS dr | **mtd.r1** | - | delegate to D |
| 08:26:10 | +1 | SHORT | lookback | 08:24:35 | -1.6 m | 101.53 | 88.84 | 91.26 | 105.13 | **4/4** | +16.29 | lifting = TOWARDS dr | **mtd.r1** | - | delegate to D |
| 08:39:00 | +1 | SHORT | lookback | 08:35:00 | -4.0 m | 109.02 | 109.25 | 85.36 | 85.65 | **4/4** | -23.60 | falling = AWAY from dr | **mtd.r1** | - | delegate to D |
| 08:40:50 | +1 | SHORT | lookback | 08:40:05 | -0.8 m | 99.91 | 87.98 | 100.37 | 89.81 | **4/4** | +1.83 | lifting = TOWARDS dr | **mtd.r1** | - | delegate to D |
| 09:02:00 | +1 | SHORT | lookback | 09:02:00 | +0.0 m | 101.67 | 75.51 | 83.48 | 89.92 | 2/4 (g15,g30 out) | +14.41 | lifting = TOWARDS dr | **mtd.r2** | LONG | **BLOCKED** |
| 09:32:00 | +1 | SHORT | lookback | 09:28:05 | -3.9 m | 92.96 | 99.86 | 114.03 | 106.90 | **4/4** | +7.04 | lifting = TOWARDS dr | **mtd.r1** | - | delegate to D |
| 10:45:15 | +1 | SHORT | lookback | 10:42:40 | -2.6 m | 110.04 | 100.29 | 93.07 | 86.69 | **4/4** | -13.60 | falling = AWAY from dr | **mtd.r1** | - | delegate to D |
| 10:50:30 | +1 | SHORT | lookback | 10:48:45 | -1.8 m | 105.16 | 84.97 | 88.97 | 81.25 | 2/4 (g15,ws1 out) | -3.72 | falling = AWAY from dr | **neither** | - | no rule |
| 10:55:00 | +1 | SHORT | lookback | 10:51:25 | -3.6 m | 123.21 | 113.42 | 94.41 | 82.53 | 3/4 (ws1 out) | -30.89 | falling = AWAY from dr | **neither** | - | no rule |
| 11:14:00 | +1 | SHORT | lookback | 11:12:40 | -1.3 m | 111.04 | 81.74 | 94.32 | 108.95 | 3/4 (g15 out) | +27.20 | lifting = TOWARDS dr | **mtd.r2** | LONG | **BLOCKED** |
| 11:28:15 | +1 | SHORT | lookback | 11:27:10 | -1.1 m | 87.14 | 87.32 | 103.75 | 102.42 | **4/4** | +15.10 | lifting = TOWARDS dr | **mtd.r1** | - | delegate to D |
| 13:33:40 | -1 | LONG | lookback | 13:31:20 | -2.3 m | -0.56 | -3.17 | 14.98 | 6.14 | **4/4** | +9.30 | lifting = AWAY from dr | **mtd.r1** | - | delegate to D |
| 13:37:05 | -1 | LONG | lookback | 13:33:40 | -3.4 m | 12.82 | 5.27 | 13.86 | 3.99 | **4/4** | -1.28 | falling = TOWARDS dr | **mtd.r1** | - | delegate to D |
| 15:40:55 | -1 | LONG | lookback | 15:39:20 | -1.6 m | 0.29 | -0.64 | -17.94 | -15.92 | **4/4** | -15.28 | falling = TOWARDS dr | **mtd.r1** | - | delegate to D |
| 16:46:10 | +1 | SHORT | lookback | 16:42:25 | -3.8 m | 97.30 | 81.24 | 81.70 | 90.73 | 2/4 (g15,g30 out) | +9.49 | lifting = TOWARDS dr | **mtd.r2** | LONG | **BLOCKED** |
| 17:21:30 | +1 | SHORT | lookback | 17:17:30 | -4.0 m | 89.96 | 107.79 | 102.93 | 103.17 | **4/4** | -4.62 | falling = AWAY from dr | **mtd.r1** | - | delegate to D |
| 18:04:35 | +1 | SHORT | lookback | 18:01:35 | -3.0 m | 103.88 | 110.55 | 116.33 | 98.41 | **4/4** | -12.14 | falling = AWAY from dr | **mtd.r1** | - | delegate to D |
| 18:06:15 | +1 | SHORT | lookback | 18:03:50 | -2.4 m | 101.07 | 97.53 | 113.27 | 101.47 | **4/4** | +3.94 | lifting = TOWARDS dr | **mtd.r1** | - | delegate to D |
| 18:14:15 | +1 | SHORT | lookback | 18:10:15 | -4.0 m | 118.47 | 122.13 | 105.09 | 107.83 | **4/4** | -14.30 | falling = AWAY from dr | **mtd.r1** | - | delegate to D |
| 18:58:00 | +1 | SHORT | lookback | 18:55:40 | -2.3 m | 101.55 | 106.89 | 99.21 | 63.35 | 3/4 (ws1 out) | -43.54 | falling = AWAY from dr | **neither** | - | no rule |
| 19:49:55 | +1 | SHORT | lookback | 19:46:00 | -3.9 m | 102.81 | 91.20 | 98.75 | 99.41 | **4/4** | +8.20 | lifting = TOWARDS dr | **mtd.r1** | - | delegate to D |
| 19:54:00 | +1 | SHORT | lookback | 19:53:40 | -0.3 m | 116.04 | 82.59 | 85.22 | 93.14 | 3/4 (g15 out) | +10.54 | lifting = TOWARDS dr | **mtd.r2** | LONG | **BLOCKED** |
| 20:04:00 | +1 | SHORT | lookback | 20:00:15 | -3.8 m | 115.75 | 103.58 | 86.72 | 85.49 | **4/4** | -18.10 | falling = AWAY from dr | **mtd.r1** | - | delegate to D |
| 20:04:45 | +1 | SHORT | lookback | 20:01:30 | -3.2 m | 114.06 | 136.97 | 133.74 | 99.56 | **4/4** | -37.41 | falling = AWAY from dr | **mtd.r1** | - | delegate to D |
| 20:10:50 | +1 | SHORT | lookback | 20:08:00 | -2.8 m | 108.64 | 102.41 | 110.19 | 105.20 | **4/4** | +2.79 | lifting = TOWARDS dr | **mtd.r1** | - | delegate to D |
| 20:21:00 | +1 | SHORT | lookback | 20:17:25 | -3.6 m | 108.19 | 97.60 | 84.74 | 92.74 | 3/4 (g30 out) | -4.86 | falling = AWAY from dr | **neither** | - | no rule |
| 20:30:00 | +1 | SHORT | lookback | 20:29:20 | -0.7 m | 109.35 | 102.51 | 94.97 | 83.78 | 3/4 (ws1 out) | -18.73 | falling = AWAY from dr | **neither** | - | no rule |
| 20:36:00 | +1 | SHORT | lookback | 20:33:10 | -2.8 m | 110.61 | 112.53 | 114.32 | 98.29 | **4/4** | -14.24 | falling = AWAY from dr | **mtd.r1** | - | delegate to D |
| 20:36:15 | +1 | SHORT | lookback | 20:33:10 | -3.1 m | 110.61 | 112.53 | 114.32 | 98.29 | **4/4** | -14.24 | falling = AWAY from dr | **mtd.r1** | - | delegate to D |
| 22:36:15 | +1 | SHORT | lookback | 22:34:45 | -1.5 m | 109.63 | 85.89 | 101.23 | 87.68 | **4/4** | +1.80 | lifting = TOWARDS dr | **mtd.r1** | - | delegate to D |
| 22:54:00 | +1 | SHORT | lookback | 22:53:30 | -0.5 m | 141.24 | 131.19 | 100.73 | 81.82 | 3/4 (ws1 out) | -49.37 | falling = AWAY from dr | **neither** | - | no rule |

routes: mtd.r1 27, mtd.r2 5, neither 7
