## SWING SIZE SWEEP — the measurement that picks the pct
| swing pct | pivots on the tape | median hold (min) | scored | MAE>0.7 | MAE>0.8 | MFE med | MAE med | MFE>MAE |
|---|---|---|---|---|---|---|---|---|
| 0.40 | 14357 | 7.8 | 39 | 5 | 1 | 0.229 | 0.096 | 26 |
| 0.50 | 9961 | 11.2 | 39 | 11 | 10 | 0.425 | 0.244 | 23 |
| 0.60 | 7311 | 19.4 | 39 | 16 | 16 | 0.481 | 0.309 | 22 |
| 0.70 | 5533 | 24.0 | 39 | 18 | 18 | 0.481 | 0.468 | 21 |
| 0.80 | 4441 | 34.6 | 39 | 20 | 19 | 0.486 | 0.788 | 21 |
| 0.90 | 3525 | 34.6 | 39 | 21 | 20 | 0.486 | 0.994 | 20 |
| 1.00 | 2937 | 62.1 | 39 | 22 | 21 | 1.039 | 1.132 | 21 |
| 1.25 | 2005 | 82.1 | 39 | 24 | 23 | 1.043 | 1.273 | 20 |
| 1.50 | 1445 | 107.5 | 39 | 26 | 25 | 1.080 | 1.653 | 20 |
| 2.00 | 828 | 218.2 | 39 | 30 | 30 | 1.408 | 3.443 | 15 |

## DISCRIMINATION — does the mech already separate MAE at this swing size?
# CONF = the 20 branch-D confluences · NOT-CONF = the 5 BLOCKED + 14 OPEN
| swing pct | CONF MAE med | NOT-CONF MAE med | CONF MAE>0.7 | NOT-CONF MAE>0.7 | CONF MFE>MAE | NOT MFE>MAE | agree with 0.7 line |
|---|---|---|---|---|---|---|---|
| 0.40 | 0.077 | 0.160 | 1 of 20 | 4 of 19 | 14 of 20 | 12 of 19 | 23 of 39 |
| 0.50 | 0.215 | 0.244 | 5 of 20 | 6 of 19 | 12 of 20 | 11 of 19 | 21 of 39 |
| 0.60 | 0.258 | 0.628 | 7 of 20 | 9 of 19 | 13 of 20 | 9 of 19 | 22 of 39 |
| 0.70 | 0.258 | 1.622 | 7 of 20 | 11 of 19 | 13 of 20 | 8 of 19 | 24 of 39 |
| 0.80 | 0.366 | 1.622 | 8 of 20 | 12 of 19 | 13 of 20 | 8 of 19 | 24 of 39 |
| 0.90 | 0.446 | 1.622 | 9 of 20 | 12 of 19 | 12 of 20 | 8 of 19 | 23 of 39 |
| 1.00 | 0.495 | 1.681 | 9 of 20 | 13 of 19 | 12 of 20 | 9 of 19 | 24 of 39 |
| 1.25 | 1.192 | 1.681 | 11 of 20 | 13 of 19 | 11 of 20 | 9 of 19 | 22 of 39 |
| 1.50 | 1.192 | 1.911 | 12 of 20 | 14 of 19 | 11 of 20 | 9 of 19 | 22 of 39 |
| 2.00 | 2.218 | 3.632 | 13 of 20 | 17 of 19 | 10 of 20 | 5 of 19 | 24 of 39 |

## MAE BY GRADE — is the heat concentrated in one of the two confluence paths?
| swing pct | with-trend MAE med | against-trend MAE med | with MAE>0.7 | against MAE>0.7 | with MFE med | against MFE med |
|---|---|---|---|---|---|---|
| 0.70 | 0.697 | 0.215 | 6 of 12 | 1 of 8 | 0.212 | 0.595 |
| 1.00 | 1.202 | 0.467 | 7 of 12 | 2 of 8 | 1.116 | 1.305 |

## PER-ROW — swing 1.0 (banked) and swing 0.7 (the knee)
| octo-sig | dr | side | status | grade | route | mtd oob | mtd net | D keep | D band | D claim | mage net | MAE@1.0 | MFE@1.0 | MAE@0.7 | MFE@0.7 | hold@1.0 min |
|---|---|---|---|---|---|---|---|---|---|---|---|---|---|---|---|---|
| 02:12:10 | +1 | SHORT | CONFLUENCE | with-trend | mtd.r1 | 4/4 | -9.92 | ws2 | [93.52, 97.66] | none | -43.75 | 0.071 | 2.688 | 0.071 | 2.531 | 79.8 |
| 02:13:10 | +1 | SHORT | CONFLUENCE | with-trend | mtd.r1 | 4/4 | -9.92 | ws2 | [93.52, 97.66] | none | -43.75 | 0.056 | 2.485 | 0.056 | 2.328 | 78.8 |
| 02:42:35 | -1 | LONG | BLOCKED | allows SHORT only | mtd.r2 | 3/4 (g15) | -26.92 | - | - | - | - | 0.994 | 0.464 | 0.833 | 0.229 | 118.7 |
| 02:48:50 | -1 | LONG | CONFLUENCE | with-trend | mtd.r1 | 4/4 | +23.58 | ws3,ws4 | [8.01, 23.14] | none | +15.99 | 0.423 | 1.043 | 0.262 | 0.508 | 112.4 |
| 02:50:45 | -1 | LONG | CONFLUENCE | with-trend | mtd.r1 | 4/4 | +25.49 | ws3,ws4 | [8.01, 23.14] | none | +15.37 | 0.225 | 1.243 | 0.064 | 0.708 | 110.5 |
| 03:30:05 | -1 | LONG | OPEN | no rule | neither | 3/4 (ws1) | +22.54 | - | - | - | - | 0.244 | 1.225 | 0.244 | 1.225 | 71.2 |
| 03:32:35 | -1 | LONG | CONFLUENCE | with-trend | mtd.r1 | 4/4 | +4.70 | ws1,ws2 | [14.98, 14.98] | none | +6.93 | 0.100 | 1.188 | 0.100 | 1.188 | 68.7 |
| 07:59:20 | +1 | SHORT | CONFLUENCE | with-trend | mtd.r1 | 4/4 | -8.29 | ws2,ws7 | [86.16, 100.00] | none | -52.04 | 2.663 | 0.255 | 2.663 | 0.255 | 50.8 |
| 08:06:10 | +1 | SHORT | CONFLUENCE | with-trend | mtd.r1 | 4/4 | +1.29 | ws1,ws2,ws3,ws7 | [86.16, 100.00] | none | -40.11 | 2.782 | 0.141 | 2.782 | 0.141 | 44.0 |
| 08:26:10 | +1 | SHORT | CONFLUENCE | with-trend | mtd.r1 | 4/4 | +16.29 | ws1,ws2,ws5,ws6,ws7,ws8,ws9,ws12 | [85.20, 100.00] | none | -13.22 | 1.132 | 0.169 | 1.132 | 0.169 | 24.0 |
| 08:39:00 | +1 | SHORT | CONFLUENCE | against-trend | mtd.r1 | 4/4 | -23.60 | ws3,ws4,ws5,ws6,ws7,ws8,ws9,ws11,ws12 | [20.06, 85.20] | none | +15.59 | 0.176 | 1.039 | 0.176 | 1.039 | 11.2 |
| 08:40:50 | +1 | SHORT | CONFLUENCE | against-trend | mtd.r1 | 4/4 | +1.83 | ws1,ws4,ws5,ws6,ws7,ws8,ws9,ws10,ws11,ws12 | [88.94, 100.00] | none | +23.91 | 0.027 | 0.957 | 0.027 | 0.957 | 9.3 |
| 09:02:00 | +1 | SHORT | BLOCKED | allows LONG only | mtd.r2 | 2/4 (g15,g30) | +14.41 | - | - | - | - | 0.788 | 0.983 | 0.096 | 0.645 | 62.1 |
| 09:32:00 | +1 | SHORT | CONFLUENCE | against-trend | mtd.r1 | 4/4 | +7.04 | ws1 | [93.72, 100.00] | none | +3.61 | 0.008 | 1.571 | 0.008 | 1.571 | 32.1 |
| 10:45:15 | +1 | SHORT | CONFLUENCE | against-trend | mtd.r1 | 4/4 | -13.60 | ws4 | [86.92, 99.17] | none | +4.63 | 4.302 | 0.037 | 2.108 | 0.037 | 39.2 |
| 10:50:30 | +1 | SHORT | OPEN | no rule | neither | 2/4 (g15,ws1) | -3.72 | - | - | - | - | 4.134 | 0.187 | 1.943 | 0.187 | 33.9 |
| 10:55:00 | +1 | SHORT | OPEN | no rule | neither | 3/4 (ws1) | -30.89 | - | - | - | - | 3.806 | 0.501 | 1.622 | 0.501 | 29.4 |
| 11:14:00 | +1 | SHORT | BLOCKED | allows LONG only | mtd.r2 | 3/4 (g15) | +27.20 | - | - | - | - | 2.522 | 0.609 | 0.185 | 0.609 | 10.4 |
| 11:28:15 | +1 | SHORT | CONFLUENCE | against-trend | mtd.r1 | 4/4 | +15.10 | ws7,ws8,ws9 | [86.94, 97.70] | none | +10.74 | 1.612 | 0.078 | 0.000 | 0.078 | 3.1 |
| 13:33:40 | -1 | LONG | OPEN | band claimed | mtd.r1 | 4/4 | +9.30 | ws2,ws3,ws5 | [12.58, 52.47] | ws6,ws7,ws8,ws9,ws10,ws11,ws12 | +48.26 | 0.000 | 1.658 | 0.000 | 1.658 | 2.4 |
| 13:37:05 | -1 | LONG | OPEN | band claimed | mtd.r1 | 4/4 | -1.28 | ws2,ws3,ws4,ws5 | [6.91, 14.29] | ws12 | +47.79 | 1.681 | 0.204 | 1.681 | 0.204 | 18.8 |
| 15:40:55 | -1 | LONG | CONFLUENCE | with-trend | mtd.r1 | 4/4 | -15.28 | ws1,ws3 | [8.79, 10.95] | none | +35.80 | 1.273 | 1.351 | 0.000 | 0.107 | 23.0 |
| 16:46:10 | +1 | SHORT | BLOCKED | allows LONG only | mtd.r2 | 2/4 (g15,g30) | +9.49 | - | - | - | - | 0.000 | 1.008 | 0.000 | 0.892 | 13.2 |
| 17:21:30 | +1 | SHORT | OPEN | band claimed | mtd.r1 | 4/4 | -4.62 | ws2 | [79.10, 89.72] | ws10,ws11,ws12 | -53.58 | 0.072 | 1.080 | 0.072 | 1.080 | 9.5 |
| 18:04:35 | +1 | SHORT | CONFLUENCE | with-trend | mtd.r1 | 4/4 | -12.14 | ws12 | [87.50, 100.00] | none | -50.00 | 1.616 | 0.148 | 1.616 | 0.148 | 36.2 |
| 18:06:15 | +1 | SHORT | CONFLUENCE | with-trend | mtd.r1 | 4/4 | +3.94 | ws1 | [89.31, 100.00] | none | -50.88 | 1.515 | 0.000 | 1.515 | 0.000 | 34.6 |
| 18:14:15 | +1 | SHORT | OPEN | band claimed | mtd.r1 | 4/4 | -14.30 | ws4,ws5 | [40.45, 85.61] | ws6,ws7,ws8,ws9,ws10,ws11 | -50.29 | 0.628 | 0.757 | 0.628 | 0.711 | 26.6 |
| 18:58:00 | +1 | SHORT | OPEN | no rule | neither | 3/4 (ws1) | -43.54 | - | - | - | - | 4.445 | 0.401 | 4.445 | 0.401 | 180.3 |
| 19:49:55 | +1 | SHORT | OPEN | no r block | mtd.r1 | 4/4 | +8.20 | - | - | none | - | 3.862 | 0.649 | 3.862 | 0.203 | 128.4 |
| 19:54:00 | +1 | SHORT | BLOCKED | allows LONG only | mtd.r2 | 3/4 (g15) | +10.54 | - | - | - | - | 3.858 | 0.652 | 3.858 | 0.206 | 124.3 |
| 20:04:00 | +1 | SHORT | OPEN | band claimed | mtd.r1 | 4/4 | -18.10 | ws4,ws5,ws6 | [31.12, 86.98] | ws7,ws8,ws9,ws10,ws11,ws12 | -6.75 | 3.068 | 1.408 | 3.068 | 0.425 | 114.3 |
| 20:04:45 | +1 | SHORT | OPEN | band claimed | mtd.r1 | 4/4 | -37.41 | ws4,ws5,ws6 | [45.40, 87.86] | ws7,ws8,ws9,ws10,ws11,ws12 | -16.69 | 3.443 | 1.050 | 3.443 | 0.063 | 113.6 |
| 20:10:50 | +1 | SHORT | CONFLUENCE | with-trend | mtd.r1 | 4/4 | +2.79 | ws4,ws5,ws6,ws8 | [88.08, 91.77] | none | -10.42 | 2.771 | 1.692 | 2.771 | 0.000 | 107.5 |
| 20:21:00 | +1 | SHORT | OPEN | no rule | neither | 3/4 (g30) | -4.86 | - | - | - | - | 1.911 | 2.515 | 1.911 | 0.481 | 97.3 |
| 20:30:00 | +1 | SHORT | OPEN | no rule | neither | 3/4 (ws1) | -18.73 | - | - | - | - | 1.653 | 2.762 | 1.653 | 0.130 | 88.3 |
| 20:36:00 | +1 | SHORT | CONFLUENCE | against-trend | mtd.r1 | 4/4 | -14.24 | ws6,ws7,ws8,ws9,ws10,ws11 | [78.25, 86.89] | none | +19.62 | 0.522 | 3.678 | 0.309 | 0.431 | 82.3 |
| 20:36:15 | +1 | SHORT | CONFLUENCE | against-trend | mtd.r1 | 4/4 | -14.24 | ws6,ws7,ws8,ws9,ws10,ws11 | [78.25, 86.89] | none | +19.62 | 0.467 | 3.731 | 0.254 | 0.486 | 82.1 |
| 22:36:15 | +1 | SHORT | CONFLUENCE | against-trend | mtd.r1 | 4/4 | +1.80 | ws3,ws4,ws5,ws6,ws8 | [85.33, 94.01] | none | +4.82 | 0.468 | 1.761 | 0.468 | 0.704 | 173.2 |
| 22:54:00 | +1 | SHORT | OPEN | no rule | neither | 3/4 (ws1) | -49.37 | - | - | - | - | 0.195 | 2.027 | 0.195 | 0.973 | 155.4 |

## FENCE DISTANCES for the `neither` rows — how far the failing line is from its oob fence
| octo-sig | dr | fence | g5 | g15 | g30 | ws1 | failing line | distance to fence |
|---|---|---|---|---|---|---|---|---|
| 03:30:05 | -1 | lo 15 | 2.48 | 3.47 | 10.91 | 26.02 | ws1 | ws1 -11.02 |
| 10:50:30 | +1 | hi 85 | 105.16 | 84.97 | 88.97 | 81.25 | g15,ws1 | g15 -0.03, ws1 -3.75 |
| 10:55:00 | +1 | hi 85 | 123.21 | 113.42 | 94.41 | 82.53 | ws1 | ws1 -2.47 |
| 18:58:00 | +1 | hi 85 | 101.55 | 106.89 | 99.21 | 63.35 | ws1 | ws1 -21.65 |
| 20:21:00 | +1 | hi 85 | 108.19 | 97.60 | 84.74 | 92.74 | g30 | g30 -0.26 |
| 20:30:00 | +1 | hi 85 | 109.35 | 102.51 | 94.97 | 83.78 | ws1 | ws1 -1.22 |
| 22:54:00 | +1 | hi 85 | 141.24 | 131.19 | 100.73 | 81.82 | ws1 | ws1 -3.18 |

## BAND DISTANCES for the `D no fire` rows — how far the claiming TF is inside the band
| octo-sig | dr | band | claiming TF | its r | distance inside the nearer edge |
|---|---|---|---|---|---|
| 13:33:40 | -1 | [12.58, 52.47] | ws6 | 30.66 | 18.09 |
| 13:33:40 | -1 | [12.58, 52.47] | ws7 | 37.04 | 15.43 |
| 13:33:40 | -1 | [12.58, 52.47] | ws8 | 28.58 | 16.01 |
| 13:33:40 | -1 | [12.58, 52.47] | ws9 | 33.59 | 18.89 |
| 13:33:40 | -1 | [12.58, 52.47] | ws10 | 26.31 | 13.73 |
| 13:33:40 | -1 | [12.58, 52.47] | ws11 | 21.51 | 8.94 |
| 13:33:40 | -1 | [12.58, 52.47] | ws12 | 12.95 | 0.37 |
| 13:37:05 | -1 | [6.91, 14.29] | ws12 | 12.95 | 1.33 |
| 17:21:30 | +1 | [79.10, 89.72] | ws10 | 82.03 | 2.93 |
| 17:21:30 | +1 | [79.10, 89.72] | ws11 | 83.38 | 4.27 |
| 17:21:30 | +1 | [79.10, 89.72] | ws12 | 82.78 | 3.68 |
| 18:14:15 | +1 | [40.45, 85.61] | ws6 | 65.83 | 19.78 |
| 18:14:15 | +1 | [40.45, 85.61] | ws7 | 58.25 | 17.79 |
| 18:14:15 | +1 | [40.45, 85.61] | ws8 | 67.54 | 18.07 |
| 18:14:15 | +1 | [40.45, 85.61] | ws9 | 83.40 | 2.21 |
| 18:14:15 | +1 | [40.45, 85.61] | ws10 | 77.15 | 8.46 |
| 18:14:15 | +1 | [40.45, 85.61] | ws11 | 82.94 | 2.68 |
| 20:04:00 | +1 | [31.12, 86.98] | ws7 | 70.11 | 16.88 |
| 20:04:00 | +1 | [31.12, 86.98] | ws8 | 81.33 | 5.66 |
| 20:04:00 | +1 | [31.12, 86.98] | ws9 | 66.68 | 20.31 |
| 20:04:00 | +1 | [31.12, 86.98] | ws10 | 60.07 | 26.92 |
| 20:04:00 | +1 | [31.12, 86.98] | ws11 | 47.95 | 16.83 |
| 20:04:00 | +1 | [31.12, 86.98] | ws12 | 52.72 | 21.61 |
| 20:04:45 | +1 | [45.40, 87.86] | ws7 | 70.63 | 17.22 |
| 20:04:45 | +1 | [45.40, 87.86] | ws8 | 81.33 | 6.53 |
| 20:04:45 | +1 | [45.40, 87.86] | ws9 | 66.72 | 21.14 |
| 20:04:45 | +1 | [45.40, 87.86] | ws10 | 60.07 | 14.66 |
| 20:04:45 | +1 | [45.40, 87.86] | ws11 | 47.95 | 2.55 |
| 20:04:45 | +1 | [45.40, 87.86] | ws12 | 52.72 | 7.32 |

## FIRST TOUCH — adverse 0.70%% vs the favourable pivot, swing 0.70
| octo-sig | status | MAE% | MFE% | adverse 0.70 touched | at (min) | pivot at (min) | stop fires first |
|---|---|---|---|---|---|---|---|
| 02:12:10 | CONFLUENCE | 0.071 | 2.531 | no | — | 41.9 | no |
| 02:13:10 | CONFLUENCE | 0.056 | 2.328 | no | — | 40.9 | no |
| 02:42:35 | BLOCKED | 0.833 | 0.229 | yes | 3.9 | 25.6 | YES |
| 02:48:50 | CONFLUENCE | 0.262 | 0.508 | no | — | 19.3 | no |
| 02:50:45 | CONFLUENCE | 0.064 | 0.708 | no | — | 17.4 | no |
| 03:30:05 | OPEN | 0.244 | 1.225 | no | — | 71.2 | no |
| 03:32:35 | CONFLUENCE | 0.100 | 1.188 | no | — | 68.7 | no |
| 07:59:20 | CONFLUENCE | 2.663 | 0.255 | yes | 17.8 | 50.8 | YES |
| 08:06:10 | CONFLUENCE | 2.782 | 0.141 | yes | 10.0 | 44.0 | YES |
| 08:26:10 | CONFLUENCE | 1.132 | 0.169 | yes | 11.0 | 24.0 | YES |
| 08:39:00 | CONFLUENCE | 0.176 | 1.039 | no | — | 11.2 | no |
| 08:40:50 | CONFLUENCE | 0.027 | 0.957 | no | — | 9.3 | no |
| 09:02:00 | BLOCKED | 0.096 | 0.645 | no | — | 19.4 | no |
| 09:32:00 | CONFLUENCE | 0.008 | 1.571 | no | — | 32.1 | no |
| 10:45:15 | CONFLUENCE | 2.108 | 0.037 | yes | 21.6 | 36.5 | YES |
| 10:50:30 | OPEN | 1.943 | 0.187 | yes | 16.4 | 31.2 | YES |
| 10:55:00 | OPEN | 1.622 | 0.501 | yes | 12.8 | 26.8 | YES |
| 11:14:00 | BLOCKED | 0.185 | 0.609 | no | — | 7.8 | no |
| 11:28:15 | CONFLUENCE | 0.000 | 0.078 | no | — | 0.1 | no |
| 13:33:40 | OPEN | 0.000 | 1.658 | no | — | 2.4 | no |
| 13:37:05 | OPEN | 1.681 | 0.204 | yes | 7.2 | 18.8 | YES |
| 15:40:55 | CONFLUENCE | 0.000 | 0.107 | no | — | 0.1 | no |
| 16:46:10 | BLOCKED | 0.000 | 0.892 | no | — | 3.2 | no |
| 17:21:30 | OPEN | 0.072 | 1.080 | no | — | 9.5 | no |
| 18:04:35 | CONFLUENCE | 1.616 | 0.148 | yes | 5.5 | 23.3 | YES |
| 18:06:15 | CONFLUENCE | 1.515 | 0.000 | yes | 3.9 | 21.7 | YES |
| 18:14:15 | OPEN | 0.628 | 0.711 | no | — | 13.7 | no |
| 18:58:00 | OPEN | 4.445 | 0.401 | yes | 62.3 | 106.3 | YES |
| 19:49:55 | OPEN | 3.862 | 0.203 | yes | 12.1 | 54.4 | YES |
| 19:54:00 | BLOCKED | 3.858 | 0.206 | yes | 8.0 | 50.3 | YES |
| 20:04:00 | OPEN | 3.068 | 0.425 | yes | 5.4 | 40.3 | YES |
| 20:04:45 | OPEN | 3.443 | 0.063 | yes | 3.5 | 39.6 | YES |
| 20:10:50 | CONFLUENCE | 2.771 | 0.000 | yes | 7.8 | 33.5 | YES |
| 20:21:00 | OPEN | 1.911 | 0.481 | yes | 9.4 | 23.3 | YES |
| 20:30:00 | OPEN | 1.653 | 0.130 | yes | 3.2 | 14.3 | YES |
| 20:36:00 | CONFLUENCE | 0.309 | 0.431 | no | — | 8.3 | no |
| 20:36:15 | CONFLUENCE | 0.254 | 0.486 | no | — | 8.1 | no |
| 22:36:15 | CONFLUENCE | 0.468 | 0.704 | no | — | 89.0 | no |
| 22:54:00 | OPEN | 0.195 | 0.973 | no | — | 71.2 | no |

## ONE-MEMBER ex-fence BLOCK — the band collapses to [ws1r, its floater], so no TF can object
| block size | confluences | MAE>0.7 | MAE med |
|---|---|---|---|
| 1 member | 6 | 3 | 0.793 |
| 2+ members | 14 | 4 | 0.258 |
