# 2026-09-25 built: 39 octo-sig
# 2026-09-26 built: 26 octo-sig
# 2026-09-27 built: 34 octo-sig
# 2026-09-28 built: 29 octo-sig
# 2026-09-29 built: 47 octo-sig
# 2026-09-30 built: 29 octo-sig
# 2026-10-01 built: 24 octo-sig
# 2026-10-02 built: 43 octo-sig
# 2026-10-03 built: 27 octo-sig
# 2026-10-04 built: 27 octo-sig
## PER DAY — 10 days, same pipeline, nothing held back
| day | octo-sig | CONF | wt flip | at | BLOCKED | OPEN | CONF total net % | CONF mean net % | winners | stopped | ungated mean net % |
|---|---|---|---|---|---|---|---|---|---|---|---|
| 09-25 | 39 | 20 | 12 | 8 | 5 | 14 | **+13.363** | +0.668 | 14 of 20 | 3 | +0.249 |
| 09-26 | 26 | 13 | 11 | 2 | 3 | 10 | **+6.841** | +0.526 | 10 of 13 | 2 | +0.722 |
| 09-27 | 34 | 18 | 15 | 3 | 3 | 13 | **+4.195** | +0.233 | 11 of 18 | 6 | +0.320 |
| 09-28 | 29 | 11 | 5 | 6 | 3 | 15 | **+0.008** | +0.001 | 6 of 11 | 5 | +0.068 |
| 09-29 | 47 | 22 | 20 | 2 | 7 | 18 | **+10.072** | +0.458 | 16 of 22 | 6 | +0.219 |
| 09-30 | 29 | 11 | 10 | 1 | 2 | 16 | **-0.090** | -0.008 | 7 of 11 | 4 | +0.358 |
| 10-01 | 24 | 17 | 13 | 4 | 0 | 7 | **-0.437** | -0.026 | 10 of 17 | 5 | -0.019 |
| 10-02 | 43 | 25 | 17 | 8 | 6 | 12 | **+3.581** | +0.143 | 15 of 25 | 9 | +0.057 |
| 10-03 | 27 | 14 | 14 | 0 | 2 | 11 | **-0.387** | -0.028 | 8 of 14 | 4 | -0.102 |
| 10-04 | 27 | 11 | 7 | 4 | 5 | 11 | **+10.398** | +0.945 | 10 of 11 | 1 | +0.465 |
| **10 days** | 325 | 162 | 124 | 38 | 36 | 127 | **+47.546** | +0.293 | 107 of 162 | 45 | +0.227 |


## UNRESOLVED — 3 rows EXCLUDED: no favourable swing pivot after the entry inside the tape
# tape ends 2026-10-04 23:59:55+00:00 — a late entry on the last day has nowhere to run to. Excluded, NOT scored 0.
| day | octo-sig | which leg |
|---|---|---|
| 2026-10-04 | 23:04:15 | flipped leg |
| 2026-10-04 | 23:15:00 | dr-bias leg |
| 2026-10-04 | 23:16:30 | dr-bias leg |

## THE STAGE 2 FLIP ACROSS 10 days — with-trend rows only
| day | wt rows | total net % as published | total net % flipped | delta |
|---|---|---|---|---|
| 09-25 | 12 | +0.800 | **+10.378** | **+9.578** |
| 09-26 | 11 | -0.787 | **+5.756** | **+6.543** |
| 09-27 | 15 | +0.816 | **+4.690** | **+3.873** |
| 09-28 | 5 | +3.702 | **-0.895** | **-4.597** |
| 09-29 | 20 | +4.055 | **+7.945** | **+3.891** |
| 09-30 | 10 | +2.629 | **-0.623** | **-3.252** |
| 10-01 | 13 | +7.066 | **-1.232** | **-8.298** |
| 10-02 | 17 | +8.748 | **+4.242** | **-4.506** |
| 10-03 | 14 | +5.353 | **-0.387** | **-5.740** |
| 10-04 | 7 | -1.066 | **+7.146** | **+8.212** |
| **10 days** | 124 | +31.316 | **+37.020** | **+5.704** (+0.046 per trade) |

## COMPOUND — the 162 confluences, chronological across 10 days
| L | final equity x | total return % | max DD % | liquidated at trade |
|---|---|---|---|---|
| 1x | 1.5957 | +59.57 | 5.46 | — |
| 2x | 2.5060 | +150.60 | 10.78 | — |
| 3x | 3.8746 | +287.46 | 15.95 | — |
| 5x | 8.8503 | +785.03 | 25.81 | — |
| 10x | 54.2457 | +5324.57 | 47.44 | — |
| 15x | 237.0765 | +23607.65 | 64.55 | — |
| 20x | 752.6382 | +75163.82 | 77.32 | — |
| 25x | 1753.5930 | +175259.30 | 86.30 | — |
| 30x | 3008.5071 | +300750.71 | 92.22 | — |
| 50x | 1036.2690 | +103526.90 | 99.68 | — |
| 75x | 0.0151 | -98.49 | 100.00 | — |
| 100x | 0.0000 | -100.00 | 100.00 | — |
| 112x | **0 — wiped** | **-100** | 100.00 | **#2** |

## THE LEVERAGE CEILING over 10 days
| measure | value |
|---|---|
| worst single trade | -0.8975 % |
| L at which ONE worst trade wipes | **111.4x** |
| longest consecutive losing run | **3 trades** |
| max L holding max DD <= 10 % | **1.9x** -> final 2.35x, total +134.7 %, DD 10.0 % |
| max L holding max DD <= 20 % | **3.8x** -> final 5.44x, total +444.5 %, DD 20.0 % |
| max L holding max DD <= 25 % | **4.8x** -> final 8.27x, total +727.3 %, DD 25.0 % |
| max L holding max DD <= 33 % | **6.6x** -> final 16.14x, total +1513.8 %, DD 33.0 % |
| max L holding max DD <= 50 % | **10.7x** -> final 67.40x, total +6639.9 %, DD 50.0 % |

## DAILY EQUITY PATH at a few L — one row per day, compounding carried across days
| day | trades | L=1 equity x | L=5 | L=10 | L=20 | worst DD so far at L=10 % |
|---|---|---|---|---|---|---|
| 09-25 | 20 | 1.1412 | 1.8802 | 3.3094 | 8.6931 | 18.77 |
| 09-26 | 13 | 1.2210 | 2.5969 | 6.1003 | 26.1928 | 18.77 |
| 09-27 | 18 | 1.2723 | 3.1361 | 8.5448 | 44.0570 | 24.58 |
| 09-28 | 11 | 1.2718 | 3.1039 | 8.1939 | 37.1741 | 33.62 |
| 09-29 | 22 | 1.4046 | 4.9623 | 19.6518 | 169.5114 | 33.62 |
| 09-30 | 11 | 1.4029 | 4.9068 | 18.9500 | 148.7454 | 33.62 |
| 10-01 | 17 | 1.3964 | 4.7641 | 17.5831 | 119.7504 | 39.39 |
| 10-02 | 25 | 1.4457 | 5.5458 | 22.6117 | 161.7276 | 47.44 |
| 10-03 | 14 | 1.4397 | 5.3991 | 21.1105 | 132.5129 | 47.44 |
| 10-04 | 11 | 1.5957 | 8.8503 | 54.2457 | 752.6382 | 47.44 |
