TV rows 28228 10-01 00:00:00 -> 10-02 20:35:35 | grid slots 32108
kc rows 32108 | kc V>0 28054 | kc V=0 4054
offset -5000 ms: joined 24976, close equal 0.0606
offset +0 ms: joined 28031, close equal 0.9999
offset +5000 ms: joined 24976, close equal 0.0606
--- per slot
cat
kc V>0, OHLC differs      21137
equal                      6894
kc V=0, no TV row          3857
kc V=0, TV row present      197
kc V>0, no TV row            23
--- max tick diff on "kc V>0, OHLC differs" bars: d
1     7070
2     4967
3     3004
4     2230
5     1487
6      910
7      519
8      363
9      214
10     144
11      97
12      51
13      27
14      19
15      15
16       8
17       2
18       4
19       2
20       1
21       1
24       1
54       1
--- runs of consecutive disagreeing slots (any category other than equal / kc V=0 no TV row)
runs 6822 | run length counts {1: 2257, 2: 1399, 3: 1041, 4: 643, 5: 442, 6: 296, 7: 234, 8: 147, 9: 112, 10: 89, 11: 156, 14: 1, 15: 1, 17: 1, 38: 1, 40: 1, 69: 1}
('10-02 05:15:10', '10-02 05:20:50', 69, {'kc V=0, TV row present': np.int64(69)}, 91)
('10-02 05:21:25', '10-02 05:24:40', 40, {'kc V=0, TV row present': np.int64(40)}, 103)
('10-02 05:10:25', '10-02 05:13:30', 38, {'kc V=0, TV row present': np.int64(38)}, 60)
('10-02 05:13:40', '10-02 05:15:00', 17, {'kc V=0, TV row present': np.int64(17)}, 48)
('10-02 05:08:30', '10-02 05:09:40', 15, {'kc V=0, TV row present': np.int64(14), 'kc V>0, OHLC differs': np.int64(1)}, 26)
('10-02 11:34:40', '10-02 11:35:45', 14, {'kc V>0, no TV row': np.int64(11), 'kc V>0, OHLC differs': np.int64(3)}, 3)
('10-01 02:05:05', '10-01 02:05:55', 11, {'kc V>0, OHLC differs': np.int64(11)}, 4)
('10-01 02:30:05', '10-01 02:30:55', 11, {'kc V>0, OHLC differs': np.int64(11)}, 8)
('10-01 03:45:05', '10-01 03:45:55', 11, {'kc V>0, OHLC differs': np.int64(11)}, 3)
('10-01 04:24:05', '10-01 04:24:55', 11, {'kc V>0, OHLC differs': np.int64(11)}, 6)
('10-01 06:09:05', '10-01 06:09:55', 11, {'kc V>0, OHLC differs': np.int64(11)}, 9)
('10-01 06:37:05', '10-01 06:37:55', 11, {'kc V>0, OHLC differs': np.int64(11)}, 5)
('10-01 07:21:05', '10-01 07:21:55', 11, {'kc V>0, OHLC differs': np.int64(11)}, 7)
('10-01 07:23:05', '10-01 07:23:55', 11, {'kc V>0, OHLC differs': np.int64(11)}, 8)
('10-01 07:25:05', '10-01 07:25:55', 11, {'kc V>0, OHLC differs': np.int64(11)}, 9)
('10-01 07:35:05', '10-01 07:35:55', 11, {'kc V>0, OHLC differs': np.int64(11)}, 5)
('10-01 07:37:05', '10-01 07:37:55', 11, {'kc V>0, OHLC differs': np.int64(11)}, 8)
('10-01 08:04:05', '10-01 08:04:55', 11, {'kc V>0, OHLC differs': np.int64(11)}, 13)
('10-01 08:05:05', '10-01 08:05:55', 11, {'kc V>0, OHLC differs': np.int64(11)}, 7)
('10-01 08:18:05', '10-01 08:18:55', 11, {'kc V>0, OHLC differs': np.int64(11)}, 4)
('10-01 08:25:05', '10-01 08:25:55', 11, {'kc V>0, OHLC differs': np.int64(11)}, 2)
('10-01 08:32:05', '10-01 08:32:55', 11, {'kc V>0, OHLC differs': np.int64(11)}, 12)
('10-01 08:37:05', '10-01 08:37:55', 11, {'kc V>0, OHLC differs': np.int64(11)}, 6)
('10-01 08:39:05', '10-01 08:39:55', 11, {'kc V>0, OHLC differs': np.int64(11)}, 6)
('10-01 08:40:05', '10-01 08:40:55', 11, {'kc V>0, OHLC differs': np.int64(11)}, 9)
